******************************************************************************
                  TI ARM Linker Unix v16.9.1                   
******************************************************************************
>> Linked Wed Apr 19 03:04:14 2017

OUTPUT FILE NAME:   <Bridge_Inspection_Robot.out>
ENTRY POINT SYMBOL: "_c_int00"  address: 00008945


MEMORY CONFIGURATION

         name            origin    length      used     unused   attr    fill
----------------------  --------  ---------  --------  --------  ----  --------
  MAIN                  00000000   00040000  0000cb53  000334ad  R  X
  INFO                  00200000   00004000  00000000  00004000  R  X
  SRAM_CODE             01000000   00010000  00000000  00010000  RW X
  SRAM_DATA             20000000   00010000  0000d004  00002ffc  RW  


SEGMENT ALLOCATION MAP

run origin  load origin   length   init length attrs members
----------  ----------- ---------- ----------- ----- -------
00000000    00000000    0000cb60   0000cb60    r-x
  00000000    00000000    0000003c   0000003c    r-- .resetVecs
  00000040    00000040    0000bcf2   0000bcf2    r-x .text
  0000bd34    0000bd34    00000b25   00000b25    r-- .const
  0000c860    0000c860    00000300   00000300    r-- .cinit
20000140    20000140    00008000   00000000    r--
  20000140    20000140    00008000   00000000    r-- .priheap
20008200    20008200    00004ac4   00000000    rw-
  20008200    20008200    000041dc   00000000    rw- .bss
  2000c3dc    2000c3dc    000008e8   00000000    rw- .data
2000fc00    2000fc00    00000400   00000000    rw-
  2000fc00    2000fc00    00000400   00000000    rw- .stack


SECTION ALLOCATION MAP

 output                                  attributes/
section   page    origin      length       input sections
--------  ----  ----------  ----------   ----------------
.text      0    00000040    0000bcf2     
                  00000040    00000564     accelThread.obj (.text:accelThread)
                  000005a4    00000004     dpl_msp432p4xx.aem4f : HwiP_tirtos.oem4f (.text:HwiP_disable)
                  000005a8    00000444     sysbios.aem4f : BIOS.obj (.text:xdc_runtime_System_doPrint__I)
                  000009ec    00000324     fatfs.aem4f : ff.oem4f (.text:find_volume)
                  00000d10    00000324     rtsv7M4_T_le_v4SPD16_eabi.lib : trgdrv.obj (.text)
                  00001034    0000031c     sdCardThread.obj (.text:sdCardThread)
                  00001350    0000030c     rtsv7M4_T_le_v4SPD16_eabi.lib : lowlev.obj (.text)
                  0000165c    00000300     xbeeThread.obj (.text:xbeeThread)
                  0000195c    000002d0     drivers_msp432p4xx.aem4f : PowerMSP432.oem4f (.text:Power_sleep)
                  00001c2c    000002c8                              : UARTMSP432.oem4f (.text:UARTMSP432_open)
                  00001ef4    000002ac                              : SDSPIMSP432.oem4f (.text:SDSPIMSP432_diskInitialize)
                  000021a0    000002a0     rtsv7M4_T_le_v4SPD16_eabi.lib : mktime.obj (.text)
                  00002440    0000026c     drivers_msp432p4xx.aem4f : SPIMSP432DMA.oem4f (.text:SPIMSP432DMA_open)
                  000026ac    00000250                              : SDSPIMSP432.oem4f (.text:SDSPIMSP432_open)
                  000028fc    0000022c     motorThread.obj (.text:motorThread)
                  00002b28    0000021e     rtsv7M4_T_le_v4SPD16_eabi.lib : ll_div_t2.obj (.text)
                  00002d46    000001f4                                   : ull_div_t2.obj (.text)
                  00002f3a    00000002     display.aem4f : DisplayUart.oem4f (.text:DisplayUartMin_clear)
                  00002f3c    000001e4     drivers_msp432p4xx.aem4f : SDSPIMSP432.oem4f (.text:send_cmd)
                  00003120    000001c4     rtsv7M4_T_le_v4SPD16_eabi.lib : fopen.obj (.text)
                  000032e4    000001b6                                   : fd_add_t2.obj (.text)
                  0000349a    000001a4     fatfs.aem4f : ff.oem4f (.text:f_write)
                  0000363e    00000002     display.aem4f : DisplayUart.oem4f (.text:DisplayUartMin_clearLines)
                  00003640    00000194     drivers_msp432p4xx.aem4f : SDSPIMSP432.oem4f (.text:xmit_datablock)
                  000037d4    00000180     main_tirtos.obj (.text:main)
                  00003954    00000178     fatfs.aem4f : ff.oem4f (.text:f_read)
                  00003acc    00000178     release_pem4f.oem4f (.text:xdc_runtime_System_printfExtend__I)
                  00003c44    0000016c     rtsv7M4_T_le_v4SPD16_eabi.lib : fwrite.obj (.text)
                  00003db0    00000164     fatfs.aem4f : ff.oem4f (.text:f_open)
                  00003f14    0000015c     drivers_msp432p4xx.aem4f : GPIOMSP432.oem4f (.text:GPIO_setConfig)
                  00004070    0000015a     fatfs.aem4f : ff.oem4f (.text:f_lseek)
                  000041ca    00000002     display.aem4f : DisplayUart.oem4f (.text:DisplayUartMin_init)
                  000041cc    0000014c     drivers_msp432p4xx.aem4f : PowerMSP432.oem4f (.text:initPerfControl)
                  00004318    00000140     sysbios.aem4f : BIOS.obj (.text:ti_sysbios_family_arm_msp432_Seconds_set__E)
                  00004458    00000138     rtsv7M4_T_le_v4SPD16_eabi.lib : localtim.obj (.text)
                  00004590    00000130     sysbios.aem4f : BIOS.obj (.text:ti_sysbios_knl_Semaphore_pend__E)
                  000046c0    00000123     fatfs.aem4f : ff.oem4f (.text:create_name)
                  000047e3    00000001     --HOLE-- [fill = 0]
                  000047e4    00000004     dpl_msp432p4xx.aem4f : HwiP_tirtos.oem4f (.text:HwiP_disableInterrupt)
                  000047e8    00000108     sysbios.aem4f : BIOS.obj (.text:xdc_runtime_Startup_startMods__I)
                  000048f0    00000104     drivers_msp432p4xx.aem4f : SDSPIMSP432.oem4f (.text:SDSPIMSP432_diskIOctrl)
                  000049f4    00000100                              : PWMTimerMSP432.oem4f (.text:initHw)
                  00004af4    000000fe     fatfs.aem4f : ff.oem4f (.text:f_rename)
                  00004bf2    000000fc     rtsv7M4_T_le_v4SPD16_eabi.lib : fd_mul_t2.obj (.text)
                  00004cee    00000002     drivers_msp432p4xx.aem4f : PWMTimerMSP432.oem4f (.text:PWMTimerMSP432_init)
                  00004cf0    000000fc     sysbios.aem4f : BIOS.obj (.text:ti_sysbios_family_arm_msp432_init_Boot_configureClocksHigh)
                  00004dec    000000fa     fatfs.aem4f : ff.oem4f (.text:dir_next)
                  00004ee6    00000002     dpl_msp432p4xx.aem4f : PowerMSP432_tirtos.oem4f (.text:PowerMSP432_initPolicy)
                  00004ee8    000000f4     drivers_msp432p4xx.aem4f : SDSPIMSP432.oem4f (.text:SDSPIMSP432_diskWrite)
                  00004fdc    00000004     dpl_msp432p4xx.aem4f : HwiP_tirtos.oem4f (.text:HwiP_enableInterrupt)
                  00004fe0    000000ec     sysbios.aem4f : BIOS.obj (.text:pthread_create)
                  000050cc    000000ec     fatfs.aem4f : ff.oem4f (.text:put_fat)
                  000051b8    000000ec     sysbios.aem4f : m3_Hwi_asm.obj (.text:ti_sysbios_family_arm_m3_Hwi_dispatch__I)
                  000052a4    000000e8     drivers_msp432p4xx.aem4f : SDSPIMSP432.oem4f (.text:SDSPIMSP432_diskRead)
                  0000538c    000000e8                              : SPIMSP432DMA.oem4f (.text:configDMA)
                  00005474    000000e4                              : TimerMSP432.oem4f (.text:configureTimerHardware)
                  00005558    000000e0     msp432p4xx_driverlib.lib : cs.o (.text:CS_initClockSignal)
                  00005638    000000dc     rtsv7M4_T_le_v4SPD16_eabi.lib : setvbuf.obj (.text)
                  00005714    000000d8     drivers_msp432p4xx.aem4f : PWMTimerMSP432.oem4f (.text:PWMTimerMSP432_open)
                  000057ec    000000d8                              : UARTMSP432.oem4f (.text:UARTMSP432_readPolling)
                  000058c4    000000d6     fatfs.aem4f : ff.oem4f (.text:get_fat)
                  0000599a    00000006     display.aem4f : DisplayUart.oem4f (.text:DisplayUartMin_control)
                  000059a0    000000d0     sysbios.aem4f : BIOS.obj (.text:ti_sysbios_heaps_HeapMem_alloc__E)
                  00005a70    000000c8     rtsv7M4_T_le_v4SPD16_eabi.lib : fflush.obj (.text)
                  00005b38    000000c4     sysbios.aem4f : BIOS.obj (.text:ti_sysbios_knl_Task_sleep__E)
                  00005bfc    00000004     drivers_msp432p4xx.aem4f : List.oem4f (.text:List_head)
                  00005c00    000000c0     sysbios.aem4f : BIOS.obj (.text:ti_sysbios_knl_Task_Instance_init__E)
                  00005cc0    000000bc                   : BIOS.obj (.text:ti_sysbios_knl_Task_Instance_finalize__E)
                  00005d7c    000000b6     drivers_msp432p4xx.aem4f : UARTMSP432.oem4f (.text:UARTMSP432_hwiIntFxn)
                  00005e32    00000002                              : UARTMSP432.oem4f (.text:UARTMSP432_init)
                  00005e34    000000b4                              : UARTMSP432.oem4f (.text:UARTMSP432_control)
                  00005ee8    000000b4                              : UARTMSP432.oem4f (.text:UARTMSP432_writePolling)
                  00005f9c    000000b4                              : SDSPIMSP432.oem4f (.text:send_initial_clock_train)
                  00006050    000000b4     fatfs.aem4f : ff.oem4f (.text:sync_fs)
                  00006104    000000b2     msp432p4xx_driverlib.lib : timer_a.o (.text:privateTimer_AProcessClockSourceDivider)
                  000061b6    00000002     rtsv7M4_T_le_v4SPD16_eabi.lib : i_div0.obj (.text)
                  000061b8    000000b0     drivers_msp432p4xx.aem4f : TimerMSP432.oem4f (.text:setIdealT32TickCount)
                  00006268    000000ac                              : UARTMSP432.oem4f (.text:initHw)
                  00006314    000000ac     rtsv7M4_T_le_v4SPD16_eabi.lib : _io_perm.obj (.text)
                  000063c0    000000a8     fatfs.aem4f : ff.oem4f (.text:create_chain)
                  00006468    000000a8     sysbios.aem4f : BIOS.obj (.text:ti_sysbios_family_arm_msp432_Timer_periodicStub__E)
                  00006510    000000a8                   : BIOS.obj (.text:xdc_runtime_Core_createObject__I)
                  000065b8    000000a4     fatfs.aem4f : ff.oem4f (.text:f_unlink)
                  0000665c    00000004     drivers_msp432p4xx.aem4f : List.oem4f (.text:List_next)
                  00006660    000000a4     sysbios.aem4f : BIOS.obj (.text:ti_sysbios_knl_Task_setPri__E)
                  00006704    000000a0     auto_init.aem4f : auto_init.oem4f (.text)
                  000067a4    000000a0     fatfs.aem4f : ffcio.oem4f (.text:ffcio_open)
                  00006844    000000a0     drivers_msp432p4xx.aem4f : UARTMSP432.oem4f (.text:readIsrTextCallback)
                  000068e4    000000a0                              : TimerMSP432.oem4f (.text:setIdealTATickCount)
                  00006984    0000009e                              : UARTMSP432.oem4f (.text:UARTMSP432_close)
                  00006a22    00000002     rtsv7M4_T_le_v4SPD16_eabi.lib : l_div0.obj (.text)
                  00006a24    0000009c     drivers_msp432p4xx.aem4f : PWMTimerMSP432.oem4f (.text:PWMTimerMSP432_setPeriod)
                  00006ac0    0000009c     fatfs.aem4f : ff.oem4f (.text:f_sync)
                  00006b5c    0000009c     drivers_msp432p4xx.aem4f : UARTMSP432.oem4f (.text:readTaskBlocking)
                  00006bf8    0000009c     rtsv7M4_T_le_v4SPD16_eabi.lib : memcpy_t2.obj (.text)
                  00006c94    00000098                                   : fclose.obj (.text)
                  00006d2c    00000004     drivers_msp432p4xx.aem4f : SPIMSP432DMA.oem4f (.text:SPIMSP432DMA_init)
                  00006d30    00000098     sysbios.aem4f : BIOS.obj (.text:ti_sysbios_family_arm_m3_Hwi_Instance_init__E)
                  00006dc8    00000096     drivers_msp432p4xx.aem4f : UARTMSP432.oem4f (.text:writeData)
                  00006e5e    00000002     release_pem4f.oem4f (.text:ti_sysbios_BIOS_nullFunc__I)
                  00006e60    00000094     sysbios.aem4f : BIOS.obj (.text:_pthread_removeThreadKeys)
                  00006ef4    00000004     dpl_msp432p4xx.aem4f : SystemP_tirtos.oem4f (.text:SystemP_vsnprintf)
                  00006ef8    00000094     sysbios.aem4f : BIOS.obj (.text:ti_sysbios_family_arm_m3_Hwi_initNVIC__E)
                  00006f8c    00000090     drivers_msp432p4xx.aem4f : PWMTimerMSP432.oem4f (.text:PWMTimerMSP432_setDuty)
                  0000701c    00000090                              : UARTMSP432.oem4f (.text:UARTMSP432_write)
                  000070ac    0000008e                              : TimerMSP432.oem4f (.text:TimerMSP432_open)
                  0000713a    00000002     --HOLE-- [fill = 0]
                  0000713c    0000008c     sysbios.aem4f : m3_TaskSupport_asm.obj (.text:ti_sysbios_family_arm_m3_TaskSupport_buildTaskStack)
                  000071c8    0000008c                   : BIOS.obj (.text:ti_sysbios_knl_Task_postInit__I)
                  00007254    0000008a     drivers_msp432p4xx.aem4f : UARTMSP432.oem4f (.text:readIsrTextBlocking)
                  000072de    00000002     --HOLE-- [fill = 0]
                  000072e0    00000088     sysbios.aem4f : BIOS.obj (.text:xdc_runtime_Memory_alloc__E)
                  00007368    00000086     rtsv7M4_T_le_v4SPD16_eabi.lib : fd_cmp_t2.obj (.text:__aeabi_cdcmple)
                  000073ee    00000086                                   : fd_cmp_t2.obj (.text:__aeabi_cdrcmple)
                  00007474    00000004     msp432p4xx_driverlib.lib : timer32.o (.text:Timer32_getValue)
                  00007478    00000084     sysbios.aem4f : BIOS.obj (.text:ti_sysbios_family_arm_m3_Hwi_postInit__I)
                  000074fc    00000004     fatfs.aem4f : ffosal.oem4f (.text:ff_rel_grant)
                  00007500    00000084     sysbios.aem4f : BIOS.obj (.text:ti_sysbios_heaps_HeapMem_free__E)
                  00007584    00000004     fatfs.aem4f : diskio.oem4f (.text:get_fattime)
                  00007588    00000084     sysbios.aem4f : BIOS.obj (.text:xdc_runtime_Core_constructObject__I)
                  0000760c    0000007e     fatfs.aem4f : ff.oem4f (.text:dir_sdi)
                  0000768a    00000002     --HOLE-- [fill = 0]
                  0000768c    0000007c     drivers_msp432p4xx.aem4f : SDSPIMSP432.oem4f (.text:SDSPIMSP432_close)
                  00007708    0000007c     msp432p4xx_driverlib.lib : spi.o (.text:SPI_initMaster)
                  00007784    00000004     release_pem4f.oem4f (.text:ti_sysbios_BIOS_RtsGateProxy_enter__E)
                  00007788    0000007c     sysbios.aem4f : BIOS.obj (.text:_pthread_runStub)
                  00007804    0000007c     xbeeThread.obj (.text:encoderTimerCallback)
                  00007880    0000007c     fatfs.aem4f : ff.oem4f (.text:f_mount)
                  000078fc    0000007a     drivers_msp432p4xx.aem4f : UARTMSP432.oem4f (.text:readTaskCallback)
                  00007976    0000007a     rtsv7M4_T_le_v4SPD16_eabi.lib : memset_t2.obj (.text)
                  000079f0    00000078     drivers_msp432p4xx.aem4f : PWMTimerMSP432.oem4f (.text:PWMTimerMSP432_close)
                  00007a68    00000076                              : PWMTimerMSP432.oem4f (.text:PWMTimerMSP432_stop)
                  00007ade    00000002     --HOLE-- [fill = 0]
                  00007ae0    00000075     sysbios.aem4f : BIOS.obj (.text:xdc_runtime_System_formatNum__I)
                  00007b55    00000003     --HOLE-- [fill = 0]
                  00007b58    00000074     fatfs.aem4f : ff.oem4f (.text:check_fs)
                  00007bcc    00000070     drivers_msp432p4xx.aem4f : SDSPIMSP432.oem4f (.text:rcvr_datablock)
                  00007c3c    00000004     release_pem4f.oem4f (.text:ti_sysbios_BIOS_RtsGateProxy_leave__E)
                  00007c40    00000070     sysbios.aem4f : BIOS.obj (.text:ti_sysbios_heaps_HeapMem_initPrimary__I)
                  00007cb0    00000070                   : BIOS.obj (.text:ti_sysbios_knl_Semaphore_post__E)
                  00007d20    00000070                   : BIOS.obj (.text:ti_sysbios_knl_Task_exit__E)
                  00007d90    0000006c     PololuQik.obj (.text:PololuQik_setM0Speed)
                  00007dfc    0000006c     PololuQik.obj (.text:PololuQik_setM1Speed)
                  00007e68    0000006c     sysbios.aem4f : BIOS.obj (.text:ti_sysbios_knl_Clock_workFunc__E)
                  00007ed4    00000004     release_pem4f.oem4f (.text:ti_sysbios_family_arm_m3_Hwi_delete)
                  00007ed8    0000006c     sysbios.aem4f : BIOS.obj (.text:ti_sysbios_knl_Swi_restoreHwi__E)
                  00007f44    00000068     drivers_msp432p4xx.aem4f : PWMTimerMSP432.oem4f (.text:PWMTimerMSP432_start)
                  00007fac    00000068                              : UARTMSP432.oem4f (.text:UARTMSP432_writeCancel)
                  00008014    00000068     rtsv7M4_T_le_v4SPD16_eabi.lib : copy_decompress_lzss.obj (.text:decompress:lzss)
                  0000807c    00000068                                   : trgmsg.obj (.text)
                  000080e4    00000004     release_pem4f.oem4f (.text:ti_sysbios_family_arm_m3_TaskSupport_Module__startupDone__S)
                  000080e8    00000068     sysbios.aem4f : BIOS.obj (.text:ti_sysbios_family_arm_msp432_Seconds_get__E)
                  00008150    00000066                   : BIOS.obj (.text:xdc_runtime_Core_deleteObject__I)
                  000081b6    00000002     --HOLE-- [fill = 0]
                  000081b8    00000064     drivers_msp432p4xx.aem4f : GPIOMSP432.oem4f (.text:GPIO_hwiIntFxn)
                  0000821c    00000064                              : SPIMSP432DMA.oem4f (.text:SPIMSP432DMA_close)
                  00008280    00000064                              : SPIMSP432DMA.oem4f (.text:SPIMSP432DMA_transfer)
                  000082e4    00000064     fatfs.aem4f : ff.oem4f (.text:follow_path)
                  00008348    00000064     drivers_msp432p4xx.aem4f : SPIMSP432DMA.oem4f (.text:initHw)
                  000083ac    00000004     release_pem4f.oem4f (.text:ti_sysbios_heaps_HeapMem_Module_GateProxy_enter__E)
                  000083b0    00000064     sysbios.aem4f : BIOS.obj (.text:pthread_mutex_init)
                  00008414    00000064     rtsv7M4_T_le_v4SPD16_eabi.lib : fseek.obj (.text)
                  00008478    00000064     sysbios.aem4f : BIOS.obj (.text:ti_sysbios_family_arm_m3_Hwi_dispatchC__I)
                  000084dc    00000062     xbeeThread.obj (.text:itoa)
                  0000853e    0000005e     fatfs.aem4f : ff.oem4f (.text:remove_chain)
                  0000859c    0000005c     display.aem4f : Display.oem4f (.text:Display_doOpen)
                  000085f8    0000005c     drivers_msp432p4xx.aem4f : GPIOMSP432.oem4f (.text:GPIO_init)
                  00008654    0000005c                              : GPIOMSP432.oem4f (.text:GPIO_write)
                  000086b0    0000005c                              : PowerMSP432.oem4f (.text:PowerMSP432_getFreqs)
                  0000870c    00000004     release_pem4f.oem4f (.text:ti_sysbios_heaps_HeapMem_Module_GateProxy_leave__E)
                  00008710    0000005c     sysbios.aem4f : BIOS.obj (.text:ti_sysbios_knl_Swi_run__I)
                  0000876c    00000004     release_pem4f.oem4f (.text:ti_sysbios_knl_Clock_TimerProxy_getMaxTicks__E)
                  00008770    0000005c     sysbios.aem4f : BIOS.obj (.text:ti_sysbios_knl_Swi_schedule__I)
                  000087cc    00000004     release_pem4f.oem4f (.text:ti_sysbios_knl_Clock_delete)
                  000087d0    0000005c     sysbios.aem4f : BIOS.obj (.text:ti_sysbios_knl_Task_Module_startup__E)
                  0000882c    00000004     release_pem4f.oem4f (.text:ti_sysbios_knl_Semaphore_delete)
                  00008830    0000005c     sysbios.aem4f : BIOS.obj (.text:ti_sysbios_knl_Task_startCore__E)
                  0000888c    00000004     release_pem4f.oem4f (.text:xdc_runtime_System_Module_GateProxy_enter__E)
                  00008890    0000005c     sysbios.aem4f : BIOS.obj (.text:xdc_runtime_Startup_exec__E)
                  000088ec    00000058     drivers_msp432p4xx.aem4f : UDMAMSP432.oem4f (.text:UDMAMSP432_open)
                  00008944    00000058     boot.aem4f : boot.oem4f (.text)
                  0000899c    00000058     drivers_msp432p4xx.aem4f : UARTMSP432.oem4f (.text:readIsrBinaryBlocking)
                  000089f4    00000058     sysbios.aem4f : m3_Hwi_asm_switch.obj (.text:ti_sysbios_family_arm_m3_Hwi_initStacks__E)
                  00008a4c    00000056     display.aem4f : DisplayUart.oem4f (.text:DisplayUartMin_open)
                  00008aa2    00000056     fatfs.aem4f : ff.oem4f (.text:dir_read)
                  00008af8    00000056     xbeeThread.obj (.text:reverse)
                  00008b4e    00000002     --HOLE-- [fill = 0]
                  00008b50    00000054     drivers_msp432p4xx.aem4f : GPIOMSP432.oem4f (.text:GPIO_setCallback)
                  00008ba4    00000054                              : PowerMSP432.oem4f (.text:Power_init)
                  00008bf8    00000054                              : TimerMSP432.oem4f (.text:TimerMSP432_Timer_A_hwiIntFunction)
                  00008c4c    00000004     release_pem4f.oem4f (.text:xdc_runtime_System_Module_GateProxy_leave__E)
                  00008c50    00000054     sysbios.aem4f : BIOS.obj (.text:pthread_barrier_wait)
                  00008ca4    00000054     fatfs.aem4f : ff.oem4f (.text:sync_window)
                  00008cf8    00000054     release_pem4f.oem4f (.text:ti_sysbios_family_arm_m3_Hwi_create)
                  00008d4c    00000004     --HOLE-- [fill = 0]
                  00008d50    00000054     sysbios.aem4f : BIOS.obj (.text:ti_sysbios_family_arm_msp432_Timer_initDevice__I)
                  00008da4    00000004     --HOLE-- [fill = 0]
                  00008da8    00000054                   : BIOS.obj (.text:xdc_runtime_Core_assignLabel__I)
                  00008dfc    00000050     dpl_msp432p4xx.aem4f : PowerMSP432_tirtos.oem4f (.text:PowerMSP432_sleepPolicy)
                  00008e4c    00000050     drivers_msp432p4xx.aem4f : TimerMSP432.oem4f (.text:TimerMSP432_Timer32_hwiIntFunction)
                  00008e9c    00000004     --HOLE-- [fill = 0]
                  00008ea0    00000050     sysbios.aem4f : BIOS.obj (.text:ti_sysbios_family_arm_m3_Hwi_Module_startup__E)
                  00008ef0    00000050     release_pem4f.oem4f (.text:ti_sysbios_knl_Task_create)
                  00008f40    0000004e     drivers_msp432p4xx.aem4f : TimerMSP432.oem4f (.text:TimerMSP432_Timer32_start)
                  00008f8e    00000002     --HOLE-- [fill = 0]
                  00008f90    0000004c                              : SDSPIMSP432.oem4f (.text:initHw)
                  00008fdc    0000004c     motorThread.obj (.text:motor0_encoderAInt)
                  00009028    0000004c     motorThread.obj (.text:motor0_encoderBInt)
                  00009074    0000004c     motorThread.obj (.text:motor1_encoderAInt)
                  000090c0    0000004c     motorThread.obj (.text:motor1_encoderBInt)
                  0000910c    0000004c     drivers_msp432p4xx.aem4f : UARTMSP432.oem4f (.text:readIsrBinaryCallback)
                  00009158    0000004c     rtsv7M4_T_le_v4SPD16_eabi.lib : cpy_tbl.obj (.text)
                  000091a4    00000004     --HOLE-- [fill = 0]
                  000091a8    0000004c     sysbios.aem4f : BIOS.obj (.text:ti_sysbios_family_arm_msp432_Timer_postInit__I)
                  000091f4    00000004     --HOLE-- [fill = 0]
                  000091f8    0000004c                   : BIOS.obj (.text:ti_sysbios_family_arm_msp432_Timer_start__E)
                  00009244    00000004     --HOLE-- [fill = 0]
                  00009248    0000004c                   : BIOS.obj (.text:ti_sysbios_heaps_HeapMem_getStats__E)
                  00009294    00000004     --HOLE-- [fill = 0]
                  00009298    0000004c                   : BIOS.obj (.text:ti_sysbios_knl_Swi_runLoop__I)
                  000092e4    00000004     --HOLE-- [fill = 0]
                  000092e8    0000004c                   : BIOS.obj (.text:ti_sysbios_knl_Task_allBlockedFunction__I)
                  00009334    00000004     --HOLE-- [fill = 0]
                  00009338    0000004c                   : BIOS.obj (.text:ti_sysbios_knl_Task_schedule__I)
                  00009384    00000048     drivers_msp432p4xx.aem4f : PowerMSP432.oem4f (.text:Power_releaseConstraint)
                  000093cc    00000048                              : SPIMSP432DMA.oem4f (.text:SPIMSP432DMA_hwiFxn)
                  00009414    00000048     msp432p4xx_driverlib.lib : timer32.o (.text:Timer32_initModule)
                  0000945c    00000048     drivers_msp432p4xx.aem4f : TimerMSP432.oem4f (.text:TimerMSP432_Timer_A_start)
                  000094a4    00000048     fatfs.aem4f : ff.oem4f (.text:dir_find)
                  000094ec    00000048     sdCardThread.obj (.text:fatfs_getFatTime)
                  00009534    00000048     rtsv7M4_T_le_v4SPD16_eabi.lib : fd_toi_t2.obj (.text)
                  0000957c    00000004     --HOLE-- [fill = 0]
                  00009580    00000048     sysbios.aem4f : BIOS.obj (.text:ti_sysbios_family_arm_m3_Hwi_disableInterrupt__E)
                  000095c8    00000048                   : BIOS.obj (.text:ti_sysbios_family_arm_m3_Hwi_enableInterrupt__E)
                  00009610    00000048                   : BIOS.obj (.text:ti_sysbios_knl_Mailbox_Module_startup__E)
                  00009658    00000048     drivers_msp432p4xx.aem4f : SDSPIMSP432.oem4f (.text:wait_ready)
                  000096a0    00000046     display.aem4f : DisplayUart.oem4f (.text:DisplayUartMin_vprintf)
                  000096e6    00000046     drivers_msp432p4xx.aem4f : RingBuf.oem4f (.text:RingBuf_put)
                  0000972c    00000004     --HOLE-- [fill = 0]
                  00009730    00000046     sysbios.aem4f : BIOS.obj (.text:xdc_runtime_Core_assignParams__I)
                  00009776    00000044     dpl_msp432p4xx.aem4f : HwiP_tirtos.oem4f (.text:HwiP_create)
                  000097ba    00000002     --HOLE-- [fill = 0]
                  000097bc    00000044     drivers_msp432p4xx.aem4f : PWM.oem4f (.text:PWM_init)
                  00009800    00000044                              : SDSPI.oem4f (.text:SDSPI_init)
                  00009844    00000044                              : SPI.oem4f (.text:SPI_init)
                  00009888    00000044     msp432p4xx_driverlib.lib : timer_a.o (.text:Timer_A_configureUpMode)
                  000098cc    00000044     drivers_msp432p4xx.aem4f : Timer.oem4f (.text:Timer_init)
                  00009910    00000044                              : UART.oem4f (.text:UART_init)
                  00009954    00000044     fatfs.aem4f : ff.oem4f (.text:dir_alloc)
                  00009998    00000044     drivers_msp432p4xx.aem4f : SDSPIMSP432.oem4f (.text:perfChangeNotifyFxn)
                  000099dc    00000044     rtsv7M4_T_le_v4SPD16_eabi.lib : fd_tou_t2.obj (.text)
                  00009a20    00000044     drivers_msp432p4xx.aem4f : SDSPIMSP432.oem4f (.text:rxSPI)
                  00009a64    00000004     --HOLE-- [fill = 0]
                  00009a68    00000044     sysbios.aem4f : BIOS.obj (.text:ti_sysbios_family_arm_m3_Hwi_getStackInfo__E)
                  00009aac    00000004     --HOLE-- [fill = 0]
                  00009ab0    00000044                   : BIOS.obj (.text:ti_sysbios_family_arm_msp432_Seconds_Module_startup__E)
                  00009af4    00000004     --HOLE-- [fill = 0]
                  00009af8    00000044                   : BIOS.obj (.text:ti_sysbios_knl_Swi_post__E)
                  00009b3c    00000004     --HOLE-- [fill = 0]
                  00009b40    00000044                   : BIOS.obj (.text:xdc_runtime_System_atexit__E)
                  00009b84    00000040     drivers_msp432p4xx.aem4f : RingBuf.oem4f (.text:RingBuf_get)
                  00009bc4    00000040                              : SDSPI.oem4f (.text:SDSPI_open)
                  00009c04    00000040     dpl_msp432p4xx.aem4f : SemaphoreP_tirtos.oem4f (.text:SemaphoreP_create)
                  00009c44    00000040     drivers_msp432p4xx.aem4f : UARTMSP432.oem4f (.text:UARTMSP432_read)
                  00009c84    00000040                              : UDMAMSP432.oem4f (.text:UDMAMSP432_init)
                  00009cc4    00000040     fatfs.aem4f : ff.oem4f (.text:get_ldnumber)
                  00009d04    00000040     drivers_msp432p4xx.aem4f : PowerMSP432.oem4f (.text:notify)
                  00009d44    00000040                              : UARTMSP432.oem4f (.text:perfChangeNotifyFxn)
                  00009d84    00000040                              : PowerMSP432.oem4f (.text:restartHFXT)
                  00009dc4    00000040     rtsv7M4_T_le_v4SPD16_eabi.lib : u_divt2.obj (.text)
                  00009e04    00000004     --HOLE-- [fill = 0]
                  00009e08    00000040     sysbios.aem4f : BIOS.obj (.text:ti_sysbios_family_arm_msp432_Timer_Module_startup__E)
                  00009e48    00000040                   : BIOS.obj (.text:ti_sysbios_family_arm_msp432_Timer_startup__E)
                  00009e88    00000040                   : BIOS.obj (.text:ti_sysbios_heaps_HeapMem_Instance_init__E)
                  00009ec8    0000003c     dpl_msp432p4xx.aem4f : ClockP_tirtos.oem4f (.text:ClockP_create)
                  00009f04    0000003c     drivers_msp432p4xx.aem4f : SPI.oem4f (.text:SPI_open)
                  00009f40    0000003c                              : TimerMSP432.oem4f (.text:TimerMSP432_Timer32_stop)
                  00009f7c    0000003c                              : Timer.oem4f (.text:Timer_open)
                  00009fb8    0000003c                              : UART.oem4f (.text:UART_open)
                  00009ff4    0000003c                              : PWMTimerMSP432.oem4f (.text:getPeriodCounts)
                  0000a030    0000003c     sysbios.aem4f : BIOS.obj (.text:ti_sysbios_family_arm_m3_Hwi_Instance_finalize__E)
                  0000a06c    00000004     --HOLE-- [fill = 0]
                  0000a070    0000003c                   : BIOS.obj (.text:ti_sysbios_knl_Clock_Instance_init__E)
                  0000a0ac    0000003c     release_pem4f.oem4f (.text:ti_sysbios_knl_Clock_create)
                  0000a0e8    0000003c     sysbios.aem4f : BIOS.obj (.text:ti_sysbios_knl_Swi_restore__E)
                  0000a124    0000003a     drivers_msp432p4xx.aem4f : TimerMSP432.oem4f (.text:TimerMSP432_close)
                  0000a15e    00000002     --HOLE-- [fill = 0]
                  0000a160    00000038                              : PowerMSP432.oem4f (.text:Power_setConstraint)
                  0000a198    00000038                              : TimerMSP432.oem4f (.text:TimerMSP432_allocateTimerResource)
                  0000a1d0    00000038     fatfs.aem4f : ff.oem4f (.text:dir_register)
                  0000a208    00000038     drivers_msp432p4xx.aem4f : PWMTimerMSP432.oem4f (.text:getDutyCounts)
                  0000a240    00000038     rtsv7M4_T_le_v4SPD16_eabi.lib : fs_tod_t2.obj (.text)
                  0000a278    00000036     drivers_msp432p4xx.aem4f : UARTMSP432.oem4f (.text:UARTMSP432_readCancel)
                  0000a2ae    00000036     fatfs.aem4f : ff.oem4f (.text:move_window)
                  0000a2e4    00000036     rtsv7M4_T_le_v4SPD16_eabi.lib : strncpy.obj (.text)
                  0000a31a    00000034     drivers_msp432p4xx.aem4f : TimerMSP432.oem4f (.text:TimerMSP432_Timer_A_stop)
                  0000a34e    00000034     fatfs.aem4f : ff.oem4f (.text:dir_remove)
                  0000a382    00000002     --HOLE-- [fill = 0]
                  0000a384    00000034                 : ffcio.oem4f (.text:ffcio_lseek)
                  0000a3b8    00000034     release_pem4f.oem4f (.text:ti_sysbios_knl_Semaphore_create)
                  0000a3ec    00000034     fatfs.aem4f : ff.oem4f (.text:validate)
                  0000a420    00000032     sysbios.aem4f : BIOS.obj (.text:ti_sysbios_hal_Hwi_initStack)
                  0000a452    00000002     --HOLE-- [fill = 0]
                  0000a454    00000030     drivers_msp432p4xx.aem4f : GPIOMSP432.oem4f (.text:GPIO_enableInt)
                  0000a484    00000030                              : TimerMSP432.oem4f (.text:TimerMSP432_freeTimerResource)
                  0000a4b4    00000030     msp432p4xx_driverlib.lib : spi.o (.text:is_A_Module)
                  0000a4e4    00000030     drivers_msp432p4xx.aem4f : PWMTimerMSP432.oem4f (.text:mapPin)
                  0000a514    00000030                              : SDSPIMSP432.oem4f (.text:mapPin)
                  0000a544    00000030                              : SPIMSP432DMA.oem4f (.text:mapPin)
                  0000a574    00000030                              : UARTMSP432.oem4f (.text:mapPin)
                  0000a5a4    00000030     release_pem4f.oem4f (.text:ti_sysbios_BIOS_atExitFunc__I)
                  0000a5d4    00000030     release_pem4f.oem4f (.text:ti_sysbios_BIOS_startFunc__I)
                  0000a604    00000004     --HOLE-- [fill = 0]
                  0000a608    00000030     sysbios.aem4f : BIOS.obj (.text:ti_sysbios_family_arm_m3_TaskSupport_start__E)
                  0000a638    00000030     release_pem4f.oem4f (.text:ti_sysbios_gates_GateHwi_Object__create__S)
                  0000a668    00000030     release_pem4f.oem4f (.text:ti_sysbios_gates_GateMutex_Object__create__S)
                  0000a698    00000030     sysbios.aem4f : BIOS.obj (.text:ti_sysbios_gates_GateMutex_enter__E)
                  0000a6c8    00000030     release_pem4f.oem4f (.text:ti_sysbios_heaps_HeapMem_Object__create__S)
                  0000a6f8    00000030     sysbios.aem4f : BIOS.obj (.text:ti_sysbios_knl_Mailbox_postInit__I)
                  0000a728    00000030     release_pem4f.oem4f (.text:ti_sysbios_knl_Semaphore_construct)
                  0000a758    00000030     sysbios.aem4f : BIOS.obj (.text:ti_sysbios_knl_Semaphore_pendTimeout__I)
                  0000a788    00000030                   : BIOS.obj (.text:ti_sysbios_knl_Task_processVitalTaskFlag__I)
                  0000a7b8    00000030                   : BIOS.obj (.text:ti_sysbios_knl_Task_unblockI__E)
                  0000a7e8    00000030                   : BIOS.obj (.text:xdc_runtime_System_processAtExit__E)
                  0000a818    0000002e     release_pem4f.oem4f (.text:malloc)
                  0000a846    0000002e     rtsv7M4_T_le_v4SPD16_eabi.lib : i_tofd_t2.obj (.text)
                  0000a874    0000002c     dpl_msp432p4xx.aem4f : PowerMSP432_tirtos.oem4f (.text:PowerMSP432_updateFreqs)
                  0000a8a0    0000002c     fatfs.aem4f : diskio.oem4f (.text:disk_register)
                  0000a8cc    0000002c     release_pem4f.oem4f (.text:ti_sysbios_knl_Clock_doTick__I)
                  0000a8f8    0000002c     release_pem4f.oem4f (.text:ti_sysbios_knl_Queue_construct)
                  0000a924    00000004     --HOLE-- [fill = 0]
                  0000a928    0000002c     sysbios.aem4f : BIOS.obj (.text:ti_sysbios_knl_Task_restore__E)
                  0000a954    0000002a     display.aem4f : Display.oem4f (.text:Display_doPrintf)
                  0000a97e    0000002a     drivers_msp432p4xx.aem4f : SPIMSP432DMA.oem4f (.text:perfChangeNotifyFxn)
                  0000a9a8    0000002a     sysbios.aem4f : BIOS.obj (.text:xdc_runtime_System_putchar__I)
                  0000a9d2    00000002     --HOLE-- [fill = 0]
                  0000a9d4    00000028     display.aem4f : Display.oem4f (.text:Display_doInit)
                  0000a9fc    00000028     PololuQik.obj (.text:PololuQik_getFirmwareVersion)
                  0000aa24    00000028     drivers_msp432p4xx.aem4f : PowerMSP432.oem4f (.text:Power_registerNotify)
                  0000aa4c    00000028                              : PowerMSP432.oem4f (.text:disableHFXT)
                  0000aa74    00000028     fatfs.aem4f : diskio.oem4f (.text:disk_unregister)
                  0000aa9c    00000028     drivers_msp432p4xx.aem4f : UARTMSP432.oem4f (.text:findBaudDividerIndex)
                  0000aac4    00000004     --HOLE-- [fill = 0]
                  0000aac8    00000028     sysbios.aem4f : BIOS.obj (.text:ti_sysbios_knl_Clock_addI__E)
                  0000aaf0    00000028                   : BIOS.obj (.text:ti_sysbios_knl_Swi_Module_startup__E)
                  0000ab18    00000026     drivers_msp432p4xx.aem4f : List.oem4f (.text:List_put)
                  0000ab3e    00000026     sysbios.aem4f : m3_Hwi_asm.obj (.text:ti_sysbios_family_arm_m3_Hwi_pendSV__I)
                  0000ab64    00000024     msp432p4xx_driverlib.lib : cs.o (.text:CS_setDCOCenteredFrequency)
                  0000ab88    00000024     drivers_msp432p4xx.aem4f : SPIMSP432DMA.oem4f (.text:SPIMSP432DMA_transferCancel)
                  0000abac    00000024     msp432p4xx_driverlib.lib : timer32.o (.text:Timer32_setCount)
                  0000abd0    00000024     fatfs.aem4f : diskio.oem4f (.text:disk_ioctl)
                  0000abf4    00000024                 : diskio.oem4f (.text:disk_read)
                  0000ac18    00000024                 : ff.oem4f (.text:f_close)
                  0000ac3c    00000004     --HOLE-- [fill = 0]
                  0000ac40    00000024     sysbios.aem4f : BIOS.obj (.text:pthread_attr_init)
                  0000ac64    00000024     release_pem4f.oem4f (.text:ti_sysbios_BIOS_registerRTSLock__I)
                  0000ac88    00000024     release_pem4f.oem4f (.text:ti_sysbios_BIOS_removeRTSLock__I)
                  0000acac    00000004     --HOLE-- [fill = 0]
                  0000acb0    00000024     sysbios.aem4f : BIOS.obj (.text:ti_sysbios_family_arm_msp432_ClockFreqs_setFrequency__E)
                  0000acd4    00000024     release_pem4f.oem4f (.text:ti_sysbios_gates_GateMutex_Object__delete__S)
                  0000acf8    00000024     sysbios.aem4f : BIOS.obj (.text:ti_sysbios_knl_Clock_Module_startup__E)
                  0000ad1c    00000024     release_pem4f.oem4f (.text:ti_sysbios_knl_Clock_Object__delete__S)
                  0000ad40    00000024     sysbios.aem4f : BIOS.obj (.text:ti_sysbios_knl_Clock_start__E)
                  0000ad64    00000004     --HOLE-- [fill = 0]
                  0000ad68    00000024                   : BIOS.obj (.text:ti_sysbios_knl_Semaphore_Instance_init__E)
                  0000ad8c    00000024     release_pem4f.oem4f (.text:ti_sysbios_knl_Semaphore_Object__delete__S)
                  0000adb0    00000024     sysbios.aem4f : BIOS.obj (.text:ti_sysbios_knl_Task_restoreHwi__E)
                  0000add4    00000004     --HOLE-- [fill = 0]
                  0000add8    00000024                   : BIOS.obj (.text:xdc_runtime_Error_policyMin__E)
                  0000adfc    00000004     --HOLE-- [fill = 0]
                  0000ae00    00000024                   : BIOS.obj (.text:xdc_runtime_System_abort__E)
                  0000ae24    00000020     drivers_msp432p4xx.aem4f : GPIOMSP432.oem4f (.text:GPIO_read)
                  0000ae44    00000020                              : PowerMSP432.oem4f (.text:Power_unregisterNotify)
                  0000ae64    00000020                              : RingBuf.oem4f (.text:RingBuf_peek)
                  0000ae84    00000020     msp432p4xx_driverlib.lib : timer32.o (.text:Timer32_startTimer)
                  0000aea4    00000020                              : timer_a.o (.text:Timer_A_disableCaptureCompareInterrupt)
                  0000aec4    00000020                              : timer_a.o (.text:Timer_A_enableCaptureCompareInterrupt)
                  0000aee4    00000020     drivers_msp432p4xx.aem4f : UDMAMSP432.oem4f (.text:UDMAMSP432_close)
                  0000af04    00000020     fatfs.aem4f : diskio.oem4f (.text:disk_write)
                  0000af24    00000020                 : ffcio.oem4f (.text:ffcio_close)
                  0000af44    00000020                 : ffcio.oem4f (.text:ffcio_read)
                  0000af64    00000020                 : ffcio.oem4f (.text:ffcio_write)
                  0000af84    00000020     rtsv7M4_T_le_v4SPD16_eabi.lib : memchr.obj (.text)
                  0000afa4    00000004     --HOLE-- [fill = 0]
                  0000afa8    00000020     sysbios.aem4f : BIOS.obj (.text:sleep)
                  0000afc8    00000020     motorThread.obj (.text:stopMotors)
                  0000afe8    00000020     drivers_msp432p4xx.aem4f : SDSPIMSP432.oem4f (.text:takeSPIBus)
                  0000b008    00000020     release_pem4f.oem4f (.text:ti_sysbios_BIOS_rtsLock__I)
                  0000b028    00000020     release_pem4f.oem4f (.text:ti_sysbios_family_arm_m3_Hwi_Object__delete__S)
                  0000b048    00000020     sysbios.aem4f : m3_Hwi_asm.obj (.text:ti_sysbios_family_arm_m3_Hwi_excHandlerAsm__I)
                  0000b068    00000020                   : BIOS.obj (.text:ti_sysbios_family_arm_m3_Hwi_excHandler__I)
                  0000b088    00000020     release_pem4f.oem4f (.text:ti_sysbios_gates_GateHwi_Object__delete__S)
                  0000b0a8    00000020     release_pem4f.oem4f (.text:ti_sysbios_heaps_HeapMem_Object__delete__S)
                  0000b0c8    00000020     sysbios.aem4f : BIOS.obj (.text:ti_sysbios_knl_Idle_run__E)
                  0000b0e8    00000020     release_pem4f.oem4f (.text:ti_sysbios_knl_Semaphore_destruct)
                  0000b108    0000001e     drivers_msp432p4xx.aem4f : PWMTimerMSP432.oem4f (.text:corroboratePeriod)
                  0000b126    0000001e     fatfs.aem4f : ff.oem4f (.text:ld_clust)
                  0000b144    0000001e     sysbios.aem4f : m3_Hwi_asm_switch.obj (.text:ti_sysbios_family_xxx_Hwi_switchAndRunFunc)
                  0000b162    00000002     --HOLE-- [fill = 0]
                  0000b164    0000001c     PololuQik.obj (.text:PololuQik_init)
                  0000b180    0000001c     drivers_msp432p4xx.aem4f : TimerMSP432.oem4f (.text:TimerMSP432_Timer32_getCount)
                  0000b19c    0000001c                              : TimerMSP432.oem4f (.text:TimerMSP432_Timer_A_getCount)
                  0000b1b8    0000001c     msp432p4xx_driverlib.lib : timer_a.o (.text:Timer_A_getCounterValue)
                  0000b1d4    00000004     --HOLE-- [fill = 0]
                  0000b1d8    0000001c     sysbios.aem4f : BIOS.obj (.text:_pthread_cleanup_pop)
                  0000b1f4    0000001c     fatfs.aem4f : diskio.oem4f (.text:disk_initialize)
                  0000b210    0000001c                 : diskio.oem4f (.text:disk_status)
                  0000b22c    0000001c     MSP_EXP432P401R.obj (.text:dmaErrorHwi)
                  0000b248    0000001c     fatfs.aem4f : ff.oem4f (.text:mem_cmp)
                  0000b264    00000004     --HOLE-- [fill = 0]
                  0000b268    0000001c     sysbios.aem4f : BIOS.obj (.text:ti_sysbios_gates_GateMutex_Instance_init__E)
                  0000b284    00000004     --HOLE-- [fill = 0]
                  0000b288    0000001c                   : BIOS.obj (.text:ti_sysbios_knl_Clock_Instance_finalize__E)
                  0000b2a4    0000001c     release_pem4f.oem4f (.text:ti_sysbios_knl_Queue_destruct)
                  0000b2c0    0000001c     sysbios.aem4f : BIOS.obj (.text:ti_sysbios_knl_Queue_put__E)
                  0000b2dc    00000004     --HOLE-- [fill = 0]
                  0000b2e0    0000001c                   : BIOS.obj (.text:ti_sysbios_knl_Task_enter__I)
                  0000b2fc    00000004     --HOLE-- [fill = 0]
                  0000b300    0000001c                   : BIOS.obj (.text:xdc_runtime_Memory_valloc__E)
                  0000b31c    0000001a     PololuQik.obj (.text:PololuQik_setSpeeds)
                  0000b336    0000001a     msp432p4xx_driverlib.lib : timer_a.o (.text:Timer_A_clearCaptureCompareInterrupt)
                  0000b350    0000001a     fatfs.aem4f : ff.oem4f (.text:unlock_fs)
                  0000b36a    00000002     --HOLE-- [fill = 0]
                  0000b36c    00000018     release_pem4f.oem4f (.text:.bootCodeSection:ti_sysbios_family_arm_msp432_init_Boot_init__I)
                  0000b384    00000018     drivers_msp432p4xx.aem4f : PowerMSP432.oem4f (.text:Power_idleFunc)
                  0000b39c    00000018                              : UART.oem4f (.text:UART_Params_init)
                  0000b3b4    00000018     fatfs.aem4f : ff.oem4f (.text:clust2sect)
                  0000b3cc    00000018     drivers_msp432p4xx.aem4f : PWMTimerMSP432.oem4f (.text:corroborateDuty)
                  0000b3e4    00000018     fatfs.aem4f : ffosal.oem4f (.text:ff_cre_syncobj)
                  0000b3fc    00000018     release_pem4f.oem4f (.text:free)
                  0000b414    00000004     --HOLE-- [fill = 0]
                  0000b418    00000018     sysbios.aem4f : BIOS.obj (.text:pthread_attr_setschedparam)
                  0000b430    00000018     rtsv7M4_T_le_v4SPD16_eabi.lib : args_main.obj (.text)
                  0000b448    00000018                                   : strcmp.obj (.text)
                  0000b460    00000018     release_pem4f.oem4f (.text:ti_sysbios_BIOS_rtsUnlock__I)
                  0000b478    00000018     release_pem4f.oem4f (.text:ti_sysbios_family_arm_m3_Hwi_Module__startupDone__F)
                  0000b490    00000018     sysbios.aem4f : m3_TaskSupport_asm.obj (.text:ti_sysbios_family_arm_m3_TaskSupport_swap__E)
                  0000b4a8    00000018     release_pem4f.oem4f (.text:ti_sysbios_family_arm_msp432_Timer_Module__startupDone__F)
                  0000b4c0    00000018     release_pem4f.oem4f (.text:ti_sysbios_gates_GateHwi_Handle__label__S)
                  0000b4d8    00000018     release_pem4f.oem4f (.text:ti_sysbios_gates_GateMutex_Handle__label__S)
                  0000b4f0    00000018     sysbios.aem4f : BIOS.obj (.text:ti_sysbios_gates_GateMutex_leave__E)
                  0000b508    00000018     release_pem4f.oem4f (.text:ti_sysbios_heaps_HeapMem_Handle__label__S)
                  0000b520    00000018     sysbios.aem4f : BIOS.obj (.text:ti_sysbios_knl_Task_sleepTimeout__I)
                  0000b538    00000018     release_pem4f.oem4f (.text:time)
                  0000b550    00000018     accelThread.obj (.text:timerCallback)
                  0000b568    00000018     sysbios.aem4f : BIOS.obj (.text:xdc_runtime_Error_init__E)
                  0000b580    00000018                   : BIOS.obj (.text:xdc_runtime_System_exit__E)
                  0000b598    00000016     display.aem4f : DisplayUart.oem4f (.text:DisplayUartMin_close)
                  0000b5ae    00000016     drivers_msp432p4xx.aem4f : List.oem4f (.text:List_remove)
                  0000b5c4    00000004     --HOLE-- [fill = 0]
                  0000b5c8    00000016     sysbios.aem4f : BIOS.obj (.text:clock_settime)
                  0000b5de    00000016     fatfs.aem4f : ff.oem4f (.text:mem_cpy)
                  0000b5f4    00000016     rtsv7M4_T_le_v4SPD16_eabi.lib : strchr.obj (.text)
                  0000b60a    00000016     release_pem4f.oem4f (.text:ti_sysbios_BIOS_exitFunc__I)
                  0000b620    00000016     sysbios.aem4f : BIOS.obj (.text:ti_sysbios_knl_Task_unblock__E)
                  0000b636    00000002     --HOLE-- [fill = 0]
                  0000b638    00000014     drivers_msp432p4xx.aem4f : UARTMSP432.oem4f (.text:clearTXCPTIFG)
                  0000b64c    00000014     fatfs.aem4f : ffosal.oem4f (.text:ff_req_grant)
                  0000b660    00000014                 : ff.oem4f (.text:mem_set)
                  0000b674    00000004     --HOLE-- [fill = 0]
                  0000b678    00000014     sysbios.aem4f : BIOS.obj (.text:pthread_barrier_init)
                  0000b68c    00000014     rtsv7M4_T_le_v4SPD16_eabi.lib : _lock.obj (.text)
                  0000b6a0    00000014                                   : strcpy.obj (.text)
                  0000b6b4    00000014                                   : strlen.obj (.text)
                  0000b6c8    00000014     sysbios.aem4f : BIOS.obj (.text:sem_init)
                  0000b6dc    00000014     release_pem4f.oem4f (.text:ti_sysbios_family_arm_m3_Hwi_Object__get__S)
                  0000b6f0    00000014     sysbios.aem4f : BIOS.obj (.text:ti_sysbios_family_arm_m3_Hwi_switchFromBootStack__E)
                  0000b704    00000014     release_pem4f.oem4f (.text:ti_sysbios_heaps_HeapMem_Object__get__S)
                  0000b718    00000014     release_pem4f.oem4f (.text:ti_sysbios_knl_Swi_Object__get__S)
                  0000b72c    00000012     dpl_msp432p4xx.aem4f : ClockP_tirtos.oem4f (.text:ClockP_start)
                  0000b73e    00000012     drivers_msp432p4xx.aem4f : RingBuf.oem4f (.text:RingBuf_construct)
                  0000b750    00000012                              : SDSPIMSP432.oem4f (.text:SDSPIMSP432_init)
                  0000b762    00000012     dpl_msp432p4xx.aem4f : SemaphoreP_tirtos.oem4f (.text:SemaphoreP_pend)
                  0000b774    00000012     fatfs.aem4f : ff.oem4f (.text:chk_chr)
                  0000b786    00000012                 : ffcio.oem4f (.text:ffcio_rename)
                  0000b798    00000012                 : ffcio.oem4f (.text:ffcio_unlink)
                  0000b7aa    00000006     display.aem4f : DisplayUart.oem4f (.text:DisplayUartMin_getType)
                  0000b7b0    00000012     sysbios.aem4f : BIOS.obj (.text:ti_sysbios_hal_Hwi_Module_startup__E)
                  0000b7c2    00000012     release_pem4f.oem4f (.text:xdc_runtime_Startup_exec__I)
                  0000b7d4    00000010     drivers_msp432p4xx.aem4f : PowerMSP432.oem4f (.text:PowerMSP432_getNumPerfLevels)
                  0000b7e4    00000010                              : SDSPIMSP432.oem4f (.text:SDSPIMSP432_diskStatus)
                  0000b7f4    00000010                              : SDSPI.oem4f (.text:SDSPI_Params_init)
                  0000b804    00000010     msp432p4xx_driverlib.lib : sysctl.o (.text:SysCtl_disableNMISource)
                  0000b814    00000010                              : sysctl.o (.text:SysCtl_enableNMISource)
                  0000b824    00000010                              : sysctl.o (.text:SysCtl_getNMISourceStatus)
                  0000b834    00000010     drivers_msp432p4xx.aem4f : TimerMSP432.oem4f (.text:TimerMSP432_Timer32_control)
                  0000b844    00000010     msp432p4xx_driverlib.lib : timer_a.o (.text:Timer_A_clearTimer)
                  0000b854    00000010     drivers_msp432p4xx.aem4f : Timer.oem4f (.text:Timer_Params_init)
                  0000b864    00000010                              : UARTMSP432.oem4f (.text:readBlockingTimeout)
                  0000b874    00000010     fatfs.aem4f : ff.oem4f (.text:st_clust)
                  0000b884    00000004     --HOLE-- [fill = 0]
                  0000b888    00000010     sysbios.aem4f : BIOS.obj (.text:ti_sysbios_BIOS_exit__E)
                  0000b898    00000010                   : BIOS.obj (.text:ti_sysbios_BIOS_setCpuFreq__E)
                  0000b8a8    00000010                   : BIOS.obj (.text:ti_sysbios_BIOS_setThreadType__E)
                  0000b8b8    00000010                   : BIOS.obj (.text:ti_sysbios_BIOS_start__E)
                  0000b8c8    00000010                   : m3_TaskSupport_asm.obj (.text:ti_sysbios_family_arm_m3_TaskSupport_glue)
                  0000b8d8    00000010                   : BIOS.obj (.text:ti_sysbios_family_arm_msp432_init_Boot_disableWatchdog)
                  0000b8e8    00000010                   : BIOS.obj (.text:ti_sysbios_gates_GateMutex_Instance_finalize__E)
                  0000b8f8    00000010     release_pem4f.oem4f (.text:ti_sysbios_knl_Mailbox_Object__get__S)
                  0000b908    00000010     sysbios.aem4f : BIOS.obj (.text:ti_sysbios_knl_Semaphore_Instance_finalize__E)
                  0000b918    00000010                   : BIOS.obj (.text:ti_sysbios_knl_Swi_disable__E)
                  0000b928    00000010     release_pem4f.oem4f (.text:ti_sysbios_knl_Task_Object__get__S)
                  0000b938    00000010     sysbios.aem4f : BIOS.obj (.text:ti_sysbios_knl_Task_disable__E)
                  0000b948    00000010                   : BIOS.obj (.text:xdc_runtime_Gate_leaveSystem__E)
                  0000b958    00000010                   : BIOS.obj (.text:xdc_runtime_Memory_free__E)
                  0000b968    00000010                   : BIOS.obj (.text:xdc_runtime_SysCallback_abort__E)
                  0000b978    00000010                   : BIOS.obj (.text:xdc_runtime_SysCallback_exit__E)
                  0000b988    00000010                   : BIOS.obj (.text:xdc_runtime_SysCallback_putch__E)
                  0000b998    00000010                   : BIOS.obj (.text:xdc_runtime_SysCallback_ready__E)
                  0000b9a8    00000010                   : BIOS.obj (.text:xdc_runtime_System_vsnprintf__E)
                  0000b9b8    0000000e     dpl_msp432p4xx.aem4f : ClockP_tirtos.oem4f (.text:ClockP_delete)
                  0000b9c6    0000000e                          : HwiP_tirtos.oem4f (.text:HwiP_Params_init)
                  0000b9d4    0000000e                          : HwiP_tirtos.oem4f (.text:HwiP_delete)
                  0000b9e2    0000000e                          : SemaphoreP_tirtos.oem4f (.text:SemaphoreP_delete)
                  0000b9f0    0000000e     rtsv7M4_T_le_v4SPD16_eabi.lib : copy_decompress_none.obj (.text:decompress:none)
                  0000b9fe    00000002     --HOLE-- [fill = 0]
                  0000ba00    0000000e     sysbios.aem4f : BIOS.obj (.text:pthread_attr_setdetachstate)
                  0000ba0e    00000002     --HOLE-- [fill = 0]
                  0000ba10    0000000e                   : BIOS.obj (.text:sem_wait)
                  0000ba1e    00000002     --HOLE-- [fill = 0]
                  0000ba20    0000000e                   : BIOS.obj (.text:ti_sysbios_knl_Idle_loop__E)
                  0000ba2e    00000002     --HOLE-- [fill = 0]
                  0000ba30    0000000e                   : BIOS.obj (.text:ti_sysbios_knl_Queue_empty__E)
                  0000ba3e    0000000c     msp432p4xx_driverlib.lib : cpu.o (.text:CPU_cpsid)
                  0000ba4a    0000000c                              : cpu.o (.text:CPU_cpsie)
                  0000ba56    00000002     --HOLE-- [fill = 0]
                  0000ba58    0000000c     dpl_msp432p4xx.aem4f : ClockP_tirtos.oem4f (.text:ClockP_getSystemTickPeriod)
                  0000ba64    0000000c     drivers_msp432p4xx.aem4f : PowerMSP432.oem4f (.text:Power_getConstraintMask)
                  0000ba70    0000000c                              : PowerMSP432.oem4f (.text:Power_getPerformanceLevel)
                  0000ba7c    0000000c     msp432p4xx_driverlib.lib : timer_a.o (.text:Timer_A_stopTimer)
                  0000ba88    0000000c     rtsv7M4_T_le_v4SPD16_eabi.lib : copy_zero_init.obj (.text:decompress:ZI)
                  0000ba94    00000004     --HOLE-- [fill = 0]
                  0000ba98    0000000c     sysbios.aem4f : BIOS.obj (.text:pthread_self)
                  0000baa4    0000000c     release_pem4f.oem4f (.text:ti_sysbios_family_arm_m3_Hwi_Params__init__S)
                  0000bab0    0000000c     sysbios.aem4f : BIOS.obj (.text:ti_sysbios_family_arm_m3_Hwi_disableFxn__E)
                  0000babc    00000004     --HOLE-- [fill = 0]
                  0000bac0    0000000c                   : BIOS.obj (.text:ti_sysbios_family_arm_m3_TaskSupport_getStackAlignment__E)
                  0000bacc    00000004     --HOLE-- [fill = 0]
                  0000bad0    0000000c                   : BIOS.obj (.text:ti_sysbios_family_arm_msp432_Timer_getMaxTicks__E)
                  0000badc    00000004     --HOLE-- [fill = 0]
                  0000bae0    0000000c                   : BIOS.obj (.text:ti_sysbios_gates_GateHwi_enter__E)
                  0000baec    0000000c     release_pem4f.oem4f (.text:ti_sysbios_knl_Clock_Params__init__S)
                  0000baf8    0000000c     sysbios.aem4f : BIOS.obj (.text:ti_sysbios_knl_Clock_getTicks__E)
                  0000bb04    0000000c     release_pem4f.oem4f (.text:ti_sysbios_knl_Queue_Object__get__S)
                  0000bb10    0000000c     release_pem4f.oem4f (.text:ti_sysbios_knl_Semaphore_Params__init__S)
                  0000bb1c    0000000c     release_pem4f.oem4f (.text:ti_sysbios_knl_Task_Params__init__S)
                  0000bb28    0000000c     sysbios.aem4f : BIOS.obj (.text:xdc_runtime_Gate_enterSystem__E)
                  0000bb34    00000004     --HOLE-- [fill = 0]
                  0000bb38    0000000c                   : BIOS.obj (.text:xdc_runtime_Startup_rtsDone__E)
                  0000bb44    0000000a     dpl_msp432p4xx.aem4f : ClockP_tirtos.oem4f (.text:ClockP_stop)
                  0000bb4e    0000000a     drivers_msp432p4xx.aem4f : SDSPI.oem4f (.text:SDSPI_close)
                  0000bb58    0000000a                              : SPI.oem4f (.text:SPI_close)
                  0000bb62    0000000a                              : SPI.oem4f (.text:SPI_transfer)
                  0000bb6c    0000000a     dpl_msp432p4xx.aem4f : SemaphoreP_tirtos.oem4f (.text:SemaphoreP_Params_init)
                  0000bb76    0000000a                          : SemaphoreP_tirtos.oem4f (.text:SemaphoreP_post)
                  0000bb80    0000000a     msp432p4xx_driverlib.lib : timer32.o (.text:Timer32_clearInterruptFlag)
                  0000bb8a    0000000a                              : timer32.o (.text:Timer32_disableInterrupt)
                  0000bb94    0000000a                              : timer32.o (.text:Timer32_enableInterrupt)
                  0000bb9e    0000000a                              : timer32.o (.text:Timer32_haltTimer)
                  0000bba8    0000000a     drivers_msp432p4xx.aem4f : TimerMSP432.oem4f (.text:TimerMSP432_init)
                  0000bbb2    0000000a                              : Timer.oem4f (.text:Timer_close)
                  0000bbbc    0000000a                              : Timer.oem4f (.text:Timer_start)
                  0000bbc6    0000000a                              : Timer.oem4f (.text:Timer_stop)
                  0000bbd0    0000000a                              : UART.oem4f (.text:UART_close)
                  0000bbda    0000000a                              : UART.oem4f (.text:UART_control)
                  0000bbe4    0000000a                              : UART.oem4f (.text:UART_read)
                  0000bbee    0000000a                              : UART.oem4f (.text:UART_write)
                  0000bbf8    0000000a     fatfs.aem4f : ffosal.oem4f (.text:ff_del_syncobj)
                  0000bc02    00000006     drivers_msp432p4xx.aem4f : PWMTimerMSP432.oem4f (.text:PWMTimerMSP432_control)
                  0000bc08    0000000a     sysbios.aem4f : BIOS.obj (.text:sem_post)
                  0000bc12    0000000a     release_pem4f.oem4f (.text:xdc_runtime_IHeap_alloc)
                  0000bc1c    0000000a     release_pem4f.oem4f (.text:xdc_runtime_IHeap_free)
                  0000bc26    00000008     dpl_msp432p4xx.aem4f : ClockP_tirtos.oem4f (.text:ClockP_Params_init)
                  0000bc2e    00000008     MSP_EXP432P401R.obj (.text:MSP_EXP432P401R_initGeneral)
                  0000bc36    00000008     msp432p4xx_driverlib.lib : timer_a.o (.text:Timer_A_startCounter)
                  0000bc3e    00000008     drivers_msp432p4xx.aem4f : SPIMSP432DMA.oem4f (.text:blockingTransferCallback)
                  0000bc46    00000002     --HOLE-- [fill = 0]
                  0000bc48    00000008     sysbios.aem4f : BIOS.obj (.text:pthread_attr_setstacksize)
                  0000bc50    00000008     drivers_msp432p4xx.aem4f : UARTMSP432.oem4f (.text:readSemCallback)
                  0000bc58    00000008     sysbios.aem4f : BIOS.obj (.text:ti_sysbios_family_arm_m3_Hwi_doSwiRestore__I)
                  0000bc60    00000008                   : BIOS.obj (.text:ti_sysbios_family_arm_m3_Hwi_startup__E)
                  0000bc68    00000008     drivers_msp432p4xx.aem4f : UARTMSP432.oem4f (.text:txcptEnabledStatus)
                  0000bc70    00000008                              : UARTMSP432.oem4f (.text:writeSemCallback)
                  0000bc78    00000006                              : SDSPIMSP432.oem4f (.text:SDSPIMSP432_control)
                  0000bc7e    00000006                              : SPIMSP432DMA.oem4f (.text:SPIMSP432DMA_control)
                  0000bc84    00000006                              : TimerMSP432.oem4f (.text:TimerMSP432_Timer_A_control)
                  0000bc8a    00000006     fatfs.aem4f : ff.oem4f (.text:lock_fs)
                  0000bc90    00000006     sysbios.aem4f : BIOS.obj (.text:ti_sysbios_family_arm_m3_Hwi_doTaskRestore__I)
                  0000bc96    00000002     --HOLE-- [fill = 0]
                  0000bc98    00000006                   : BIOS.obj (.text:ti_sysbios_family_arm_m3_Hwi_restoreFxn__E)
                  0000bc9e    00000002     --HOLE-- [fill = 0]
                  0000bca0    00000006                   : BIOS.obj (.text:ti_sysbios_gates_GateHwi_leave__E)
                  0000bca6    00000002     --HOLE-- [fill = 0]
                  0000bca8    00000006                   : BIOS.obj (.text:ti_sysbios_heaps_HeapMem_isBlocking__E)
                  0000bcae    00000002     --HOLE-- [fill = 0]
                  0000bcb0    00000006                   : BIOS.obj (.text:ti_sysbios_knl_Clock_stop__E)
                  0000bcb6    00000002     --HOLE-- [fill = 0]
                  0000bcb8    00000006                   : BIOS.obj (.text:ti_sysbios_knl_Queue_Instance_init__E)
                  0000bcbe    00000002     --HOLE-- [fill = 0]
                  0000bcc0    00000006                   : BIOS.obj (.text:ti_sysbios_knl_Swi_startup__E)
                  0000bcc6    00000002     --HOLE-- [fill = 0]
                  0000bcc8    00000006                   : BIOS.obj (.text:xdc_runtime_System_Module_startup__E)
                  0000bcce    00000002     --HOLE-- [fill = 0]
                  0000bcd0    00000004                   : BIOS.obj (.text:ti_sysbios_gates_GateHwi_query__E)
                  0000bcd4    00000004     --HOLE-- [fill = 0]
                  0000bcd8    00000004                   : BIOS.obj (.text:ti_sysbios_gates_GateMutex_query__E)
                  0000bcdc    00000004     --HOLE-- [fill = 0]
                  0000bce0    00000004                   : BIOS.obj (.text:ti_sysbios_knl_Clock_setTimeout__E)
                  0000bce4    00000004     --HOLE-- [fill = 0]
                  0000bce8    00000004                   : BIOS.obj (.text:ti_sysbios_knl_Task_startup__E)
                  0000bcec    00000004     --HOLE-- [fill = 0]
                  0000bcf0    00000004                   : BIOS.obj (.text:xdc_runtime_SysCallback_defaultReady)
                  0000bcf4    00000004     --HOLE-- [fill = 0]
                  0000bcf8    00000002                   : BIOS.obj (.text:ti_sysbios_BIOS_linkedWithIncorrectBootLibrary__E)
                  0000bcfa    00000006     --HOLE-- [fill = 0]
                  0000bd00    00000002                   : BIOS.obj (.text:ti_sysbios_gates_GateHwi_Instance_init__E)
                  0000bd02    00000006     --HOLE-- [fill = 0]
                  0000bd08    00000002                   : BIOS.obj (.text:ti_sysbios_knl_Clock_logTick__E)
                  0000bd0a    00000006     --HOLE-- [fill = 0]
                  0000bd10    00000002                   : BIOS.obj (.text:xdc_runtime_SysCallback_defaultAbort)
                  0000bd12    00000006     --HOLE-- [fill = 0]
                  0000bd18    00000002                   : BIOS.obj (.text:xdc_runtime_SysCallback_defaultExit)
                  0000bd1a    00000006     --HOLE-- [fill = 0]
                  0000bd20    00000002                   : BIOS.obj (.text:xdc_runtime_SysCallback_defaultPutch)
                  0000bd22    00000006     --HOLE-- [fill = 0]
                  0000bd28    00000002                   : BIOS.obj (.text:xdc_runtime_System_abortSpin__E)
                  0000bd2a    00000006     --HOLE-- [fill = 0]
                  0000bd30    00000002                   : BIOS.obj (.text:xdc_runtime_System_exitSpin__E)

.const     0    0000bd34    00000b25     
                  0000bd34    000000a0     MSP_EXP432P401R.obj (.const:uartMSP432HWAttrs)
                  0000bdd4    00000090     MSP_EXP432P401R.obj (.const:spiMSP432DMAHWAttrs)
                  0000be64    00000090     MSP_EXP432P401R.obj (.const:uartMSP432Baudrates)
                  0000bef4    00000078     xbeeThread.obj (.const:.string:helpPrompt)
                  0000bf6c    00000060     rtsv7M4_T_le_v4SPD16_eabi.lib : mktime.obj (.const:$O1$$)
                  0000bfcc    00000050     drivers_msp432p4xx.aem4f : TimerMSP432.oem4f (.const:timerADividers)
                  0000c01c    00000050     MSP_EXP432P401R.obj (.const:timerMSP432HWAttrs)
                  0000c06c    00000048     release_pem4f.oem4f (.const:.string)
                  0000c0b4    0000003c     MSP_EXP432P401R.obj (.const:Timer_config)
                  0000c0f0    0000003c     release_pem4f.oem4f (.const:ti_sysbios_knl_Task_Object__PARAMS__C)
                  0000c12c    00000030     MSP_EXP432P401R.obj (.const:SPI_config)
                  0000c15c    00000030     MSP_EXP432P401R.obj (.const:UART_config)
                  0000c18c    00000030     release_pem4f.oem4f (.const:ti_sysbios_family_arm_m3_Hwi_Object__PARAMS__C)
                  0000c1bc    0000002d     xbeeThread.obj (.const:.string:recordAccelDisplay)
                  0000c1e9    00000003     xbeeThread.obj (.const:.string:newLineDisplay)
                  0000c1ec    00000028     drivers_msp432p4xx.aem4f : UARTMSP432.oem4f (.const:UARTMSP432_fxnTable)
                  0000c214    00000028     release_pem4f.oem4f (.const:ti_sysbios_heaps_HeapMem_Module__FXNS__C)
                  0000c23c    00000027     xbeeThread.obj (.const:.string:byeDisplay)
                  0000c263    00000026     xbeeThread.obj (.const:.string:moveMotorsDoneDisplay)
                  0000c289    00000003     xbeeThread.obj (.const:.string:userPrompt)
                  0000c28c    00000024     drivers_msp432p4xx.aem4f : UART.oem4f (.const:UART_defaultParams)
                  0000c2b0    00000024     release_pem4f.oem4f (.const:ti_sysbios_gates_GateHwi_Module__FXNS__C)
                  0000c2d4    00000024     release_pem4f.oem4f (.const:ti_sysbios_gates_GateMutex_Module__FXNS__C)
                  0000c2f8    00000024     release_pem4f.oem4f (.const:ti_sysbios_heaps_HeapMem_Object__PARAMS__C)
                  0000c31c    00000024     release_pem4f.oem4f (.const:ti_sysbios_knl_Clock_Object__PARAMS__C)
                  0000c340    00000024     release_pem4f.oem4f (.const:ti_sysbios_knl_Semaphore_Object__PARAMS__C)
                  0000c364    00000024     release_pem4f.oem4f (.const:xdc_runtime_Startup_sfxnTab__A)
                  0000c388    00000023     xbeeThread.obj (.const:.string:moveMotorsDisplay)
                  0000c3ab    00000021     xbeeThread.obj (.const:.string:recordAccelDoneDisplay)
                  0000c3cc    00000020     display.aem4f : DisplayUart.oem4f (.const:DisplayUartMin_fxnTable)
                  0000c3ec    00000020     drivers_msp432p4xx.aem4f : PWMTimerMSP432.oem4f (.const:PWMTimerMSP432_fxnTable)
                  0000c40c    00000020                              : SPI.oem4f (.const:SPI_defaultParams)
                  0000c42c    00000020                              : UARTMSP432.oem4f (.const:staticFxnTable)
                  0000c44c    00000020     release_pem4f.oem4f (.const:ti_sysbios_family_arm_m3_Hwi_Object__DESC__C)
                  0000c46c    00000020     release_pem4f.oem4f (.const:ti_sysbios_gates_GateHwi_Object__DESC__C)
                  0000c48c    00000020     release_pem4f.oem4f (.const:ti_sysbios_gates_GateMutex_Object__DESC__C)
                  0000c4ac    00000020     release_pem4f.oem4f (.const:ti_sysbios_heaps_HeapMem_Object__DESC__C)
                  0000c4cc    00000020     release_pem4f.oem4f (.const:ti_sysbios_knl_Clock_Object__DESC__C)
                  0000c4ec    00000020     release_pem4f.oem4f (.const:ti_sysbios_knl_Queue_Object__DESC__C)
                  0000c50c    00000020     release_pem4f.oem4f (.const:ti_sysbios_knl_Semaphore_Object__DESC__C)
                  0000c52c    00000020     release_pem4f.oem4f (.const:ti_sysbios_knl_Task_Object__DESC__C)
                  0000c54c    00000018     xbeeThread.obj (.const:.string:consoleDisplay)
                  0000c564    00000018     MSP_EXP432P401R.obj (.const:PWM_config)
                  0000c57c    00000018     MSP_EXP432P401R.obj (.const:PowerMSP432_config)
                  0000c594    00000018     drivers_msp432p4xx.aem4f : SPIMSP432DMA.oem4f (.const:SPIMSP432DMA_fxnTable)
                  0000c5ac    00000018     release_pem4f.oem4f (.const:ti_sysbios_gates_GateHwi_Object__PARAMS__C)
                  0000c5c4    00000018     release_pem4f.oem4f (.const:ti_sysbios_gates_GateMutex_Object__PARAMS__C)
                  0000c5dc    00000018     release_pem4f.oem4f (.const:ti_sysbios_knl_Queue_Object__PARAMS__C)
                  0000c5f4    00000015     xbeeThread.obj (.const:.string:readErrDisplay)
                  0000c609    00000002     accelThread.obj (.const:.string:$P$T0$1)
                  0000c60b    00000001     display.aem4f : Display.oem4f (.const:Display_defaultParams)
                  0000c60c    00000014     MSP_EXP432P401R.obj (.const:GPIOMSP432_config)
                  0000c620    00000014     MSP_EXP432P401R.obj (.const:displayUartHWAttrs)
                  0000c634    00000012     sdCardThread.obj (.const:.string:outputfile)
                  0000c646    00000012     release_pem4f.oem4f (.const:xdc_runtime_Startup_sfxnRts__A)
                  0000c658    00000010     drivers_msp432p4xx.aem4f : SDSPIMSP432.oem4f (.const:SDSPIMSP432_fxnTable)
                  0000c668    00000010                              : PWMTimerMSP432.oem4f (.const:pwmTimerBaseAddr)
                  0000c678    00000010     MSP_EXP432P401R.obj (.const:pwmTimerMSP432HWAttrs)
                  0000c688    00000010     MSP_EXP432P401R.obj (.const:sdspiMSP432HWAttrs)
                  0000c698    0000000c     MSP_EXP432P401R.obj (.const:Display_config)
                  0000c6a4    0000000c     MSP_EXP432P401R.obj (.const)
                  0000c6b0    0000000c     MSP_EXP432P401R.obj (.const:SDSPI_config)
                  0000c6bc    0000000c     drivers_msp432p4xx.aem4f : Timer.oem4f (.const:defaultParams)
                  0000c6c8    0000000c                              : SPIMSP432DMA.oem4f (.const:frameFormat)
                  0000c6d4    0000000c     release_pem4f.oem4f (.const:ti_sysbios_family_arm_msp432_Seconds_daysPerMonthLeap__A)
                  0000c6e0    0000000c     release_pem4f.oem4f (.const:ti_sysbios_family_arm_msp432_Seconds_daysPerMonthNonLeap__A)
                  0000c6ec    0000000c     drivers_msp432p4xx.aem4f : TimerMSP432.oem4f (.const:timer32Dividers)
                  0000c6f8    0000000c     MSP_EXP432P401R.obj (.const:udmaMSP432HWAttrs)
                  0000c704    0000000c     release_pem4f.oem4f (.const:xdc_runtime_Startup_firstFxns__A)
                  0000c710    00000008     drivers_msp432p4xx.aem4f : SDSPI.oem4f (.const:SDSPI_defaultParams)
                  0000c718    00000008     MSP_EXP432P401R.obj (.const:UDMAMSP432_config)
                  0000c720    00000008     release_pem4f.oem4f (.const:ti_sysbios_knl_Idle_funcList__C)
                  0000c728    00000008     sdCardThread.obj (.const:ts)
                  0000c730    00000008     release_pem4f.oem4f (.const:xdc_runtime_Startup_firstFxns__C)
                  0000c738    00000008     release_pem4f.oem4f (.const:xdc_runtime_Startup_lastFxns__C)
                  0000c740    00000006     drivers_msp432p4xx.aem4f : GPIOMSP432.oem4f (.const:.string:interruptType)
                  0000c746    00000006                              : GPIOMSP432.oem4f (.const:.string:portInterruptIds)
                  0000c74c    00000005                              : UARTMSP432.oem4f (.const:.string:parityTypes)
                  0000c751    00000001     release_pem4f.oem4f (.const:xdc_runtime_Error_policy__C)
                  0000c752    00000004     drivers_msp432p4xx.aem4f : UARTMSP432.oem4f (.const:stopBits)
                  0000c756    00000002     xbeeThread.obj (.const:.string:cleanDisplay)
                  0000c758    00000004     release_pem4f.oem4f (.const:ti_sysbios_family_arm_m3_Hwi_E_alreadyDefined__C)
                  0000c75c    00000004     release_pem4f.oem4f (.const:ti_sysbios_family_arm_m3_Hwi_NUM_INTERRUPTS__C)
                  0000c760    00000004     release_pem4f.oem4f (.const:ti_sysbios_family_arm_m3_Hwi_Object__count__C)
                  0000c764    00000004     release_pem4f.oem4f (.const:ti_sysbios_family_arm_m3_Hwi_ccr__C)
                  0000c768    00000004     release_pem4f.oem4f (.const:ti_sysbios_family_arm_m3_Hwi_excHandlerFunc__C)
                  0000c76c    00000004     release_pem4f.oem4f (.const:ti_sysbios_family_arm_m3_Hwi_nullIsrFunc__C)
                  0000c770    00000004     release_pem4f.oem4f (.const:ti_sysbios_family_arm_m3_Hwi_priGroup__C)
                  0000c774    00000004     release_pem4f.oem4f (.const:ti_sysbios_family_arm_m3_Hwi_swiDisable__C)
                  0000c778    00000004     release_pem4f.oem4f (.const:ti_sysbios_family_arm_m3_Hwi_swiRestoreHwi__C)
                  0000c77c    00000004     release_pem4f.oem4f (.const:ti_sysbios_family_arm_m3_TaskSupport_stackAlignment__C)
                  0000c780    00000004     release_pem4f.oem4f (.const:ti_sysbios_family_arm_msp432_Seconds_daysPerMonthLeap__C)
                  0000c784    00000004     release_pem4f.oem4f (.const:ti_sysbios_family_arm_msp432_Seconds_daysPerMonthNonLeap__C)
                  0000c788    00000004     release_pem4f.oem4f (.const:ti_sysbios_family_arm_msp432_Timer_numTimerDevices__C)
                  0000c78c    00000004     release_pem4f.oem4f (.const:ti_sysbios_family_arm_msp432_Timer_startupNeeded__C)
                  0000c790    00000004     release_pem4f.oem4f (.const:ti_sysbios_gates_GateMutex_Instance_State_sem__O)
                  0000c794    00000004     release_pem4f.oem4f (.const:ti_sysbios_heaps_HeapMem_E_memory__C)
                  0000c798    00000004     release_pem4f.oem4f (.const:ti_sysbios_heaps_HeapMem_Module__gateObj__C)
                  0000c79c    00000004     release_pem4f.oem4f (.const:ti_sysbios_heaps_HeapMem_Object__count__C)
                  0000c7a0    00000004     release_pem4f.oem4f (.const:ti_sysbios_heaps_HeapMem_primaryHeapBaseAddr__C)
                  0000c7a4    00000004     release_pem4f.oem4f (.const:ti_sysbios_heaps_HeapMem_primaryHeapEndAddr__C)
                  0000c7a8    00000004     release_pem4f.oem4f (.const:ti_sysbios_heaps_HeapMem_reqAlign__C)
                  0000c7ac    00000004     release_pem4f.oem4f (.const:ti_sysbios_knl_Clock_Module_State_clockQ__O)
                  0000c7b0    00000004     release_pem4f.oem4f (.const:ti_sysbios_knl_Clock_tickPeriod__C)
                  0000c7b4    00000004     release_pem4f.oem4f (.const:ti_sysbios_knl_Idle_funcList__A)
                  0000c7b8    00000004     release_pem4f.oem4f (.const:ti_sysbios_knl_Mailbox_Instance_State_freeQue__O)
                  0000c7bc    00000004     release_pem4f.oem4f (.const:ti_sysbios_knl_Mailbox_Object__count__C)
                  0000c7c0    00000004     release_pem4f.oem4f (.const:ti_sysbios_knl_Mailbox_maxTypeAlign__C)
                  0000c7c4    00000004     release_pem4f.oem4f (.const:ti_sysbios_knl_Semaphore_Instance_State_pendQ__O)
                  0000c7c8    00000004     release_pem4f.oem4f (.const:ti_sysbios_knl_Swi_Object__count__C)
                  0000c7cc    00000004     release_pem4f.oem4f (.const:ti_sysbios_knl_Task_Module_State_inactiveQ__O)
                  0000c7d0    00000004     release_pem4f.oem4f (.const:ti_sysbios_knl_Task_Object__count__C)
                  0000c7d4    00000004     release_pem4f.oem4f (.const:ti_sysbios_knl_Task_Object__heap__C)
                  0000c7d8    00000004     release_pem4f.oem4f (.const:ti_sysbios_knl_Task_allBlockedFunc__C)
                  0000c7dc    00000004     release_pem4f.oem4f (.const:ti_sysbios_knl_Task_defaultStackHeap__C)
                  0000c7e0    00000004     release_pem4f.oem4f (.const:ti_sysbios_knl_Task_defaultStackSize__C)
                  0000c7e4    00000004     release_pem4f.oem4f (.const:ti_sysbios_knl_Task_numConstructedTasks__C)
                  0000c7e8    00000004     release_pem4f.oem4f (.const:xdc_runtime_Error_E_memory__C)
                  0000c7ec    00000004     release_pem4f.oem4f (.const:xdc_runtime_Error_policyFxn__C)
                  0000c7f0    00000004     release_pem4f.oem4f (.const:xdc_runtime_IGateProvider_Interface__BASE__C)
                  0000c7f4    00000004     release_pem4f.oem4f (.const:xdc_runtime_IHeap_Interface__BASE__C)
                  0000c7f8    00000004     release_pem4f.oem4f (.const:xdc_runtime_IModule_Interface__BASE__C)
                  0000c7fc    00000004     release_pem4f.oem4f (.const:xdc_runtime_Memory_defaultHeapInstance__C)
                  0000c800    00000004     release_pem4f.oem4f (.const:xdc_runtime_Startup_execImpl__C)
                  0000c804    00000004     release_pem4f.oem4f (.const:xdc_runtime_Startup_maxPasses__C)
                  0000c808    00000004     release_pem4f.oem4f (.const:xdc_runtime_Startup_sfxnRts__C)
                  0000c80c    00000004     release_pem4f.oem4f (.const:xdc_runtime_Startup_sfxnTab__C)
                  0000c810    00000004     release_pem4f.oem4f (.const:xdc_runtime_SysCallback_abortFxn__C)
                  0000c814    00000004     release_pem4f.oem4f (.const:xdc_runtime_SysCallback_exitFxn__C)
                  0000c818    00000004     release_pem4f.oem4f (.const:xdc_runtime_SysCallback_putchFxn__C)
                  0000c81c    00000004     release_pem4f.oem4f (.const:xdc_runtime_SysCallback_readyFxn__C)
                  0000c820    00000004     release_pem4f.oem4f (.const:xdc_runtime_System_Module__gateObj__C)
                  0000c824    00000004     release_pem4f.oem4f (.const:xdc_runtime_System_abortFxn__C)
                  0000c828    00000004     release_pem4f.oem4f (.const:xdc_runtime_System_exitFxn__C)
                  0000c82c    00000004     release_pem4f.oem4f (.const:xdc_runtime_System_extendFxn__C)
                  0000c830    00000004     release_pem4f.oem4f (.const:xdc_runtime_System_maxAtexitHandlers__C)
                  0000c834    00000004     release_pem4f.oem4f (.const:xdc_runtime_Text_charTab__C)
                  0000c838    00000004     release_pem4f.oem4f (.const:xdc_runtime_Text_nameEmpty__C)
                  0000c83c    00000004     release_pem4f.oem4f (.const:xdc_runtime_Text_nameStatic__C)
                  0000c840    00000004     release_pem4f.oem4f (.const:xdc_runtime_Text_nameUnknown__C)
[...]
0000bcd1  xdc_runtime_Main_Module_GateProxy_query__E                  
0000bcd1  xdc_runtime_System_Module_GateProxy_query__E                
0000bcd9  ti_sysbios_BIOS_RtsGateProxy_query__E                       
0000bcd9  ti_sysbios_gates_GateMutex_query__E                         
0000bcd9  ti_sysbios_heaps_HeapMem_Module_GateProxy_query__E          
0000bce1  ti_sysbios_knl_Clock_setTimeout__E                          
0000bce9  ti_sysbios_knl_Task_startup__E                              
0000bcf1  xdc_runtime_SysCallback_defaultReady                        
0000bcf9  ti_sysbios_BIOS_linkedWithIncorrectBootLibrary__E           
0000bd01  ti_sysbios_gates_GateHwi_Instance_init__E                   
0000bd09  ti_sysbios_knl_Clock_logTick__E                             
0000bd11  xdc_runtime_SysCallback_defaultAbort                        
0000bd19  xdc_runtime_SysCallback_defaultExit                         
0000bd21  xdc_runtime_SysCallback_defaultPutch                        
0000bd29  xdc_runtime_System_abortSpin__E                             
0000bd31  xdc_runtime_System_exitSpin__E                              
0000bd34  uartMSP432HWAttrs                                           
0000bdd4  spiMSP432DMAHWAttrs                                         
0000be64  uartMSP432Baudrates                                         
0000bef4  helpPrompt                                                  
0000c01c  timerMSP432HWAttrs                                          
0000c0b4  Timer_config                                                
0000c0f0  ti_sysbios_knl_Task_Object__PARAMS__C                       
0000c12c  SPI_config                                                  
0000c15c  UART_config                                                 
0000c18c  ti_sysbios_family_arm_m3_Hwi_Object__PARAMS__C              
0000c1bc  recordAccelDisplay                                          
0000c1e9  newLineDisplay                                              
0000c1ec  UARTMSP432_fxnTable                                         
0000c214  ti_sysbios_heaps_HeapMem_Module__FXNS__C                    
0000c23c  byeDisplay                                                  
0000c263  moveMotorsDoneDisplay                                       
0000c289  userPrompt                                                  
0000c28c  UART_defaultParams                                          
0000c2b0  ti_sysbios_gates_GateHwi_Module__FXNS__C                    
0000c2d4  ti_sysbios_gates_GateMutex_Module__FXNS__C                  
0000c2f8  ti_sysbios_heaps_HeapMem_Object__PARAMS__C                  
0000c31c  ti_sysbios_knl_Clock_Object__PARAMS__C                      
0000c340  ti_sysbios_knl_Semaphore_Object__PARAMS__C                  
0000c364  xdc_runtime_Startup_sfxnTab__A                              
0000c388  moveMotorsDisplay                                           
0000c3ab  recordAccelDoneDisplay                                      
0000c3cc  DisplayUartMin_fxnTable                                     
0000c3ec  PWMTimerMSP432_fxnTable                                     
0000c40c  SPI_defaultParams                                           
0000c44c  ti_sysbios_family_arm_m3_Hwi_Object__DESC__C                
0000c46c  ti_sysbios_gates_GateHwi_Object__DESC__C                    
0000c48c  ti_sysbios_gates_GateMutex_Object__DESC__C                  
0000c4ac  ti_sysbios_heaps_HeapMem_Object__DESC__C                    
0000c4cc  ti_sysbios_knl_Clock_Object__DESC__C                        
0000c4ec  ti_sysbios_knl_Queue_Object__DESC__C                        
0000c50c  ti_sysbios_knl_Semaphore_Object__DESC__C                    
0000c52c  ti_sysbios_knl_Task_Object__DESC__C                         
0000c54c  consoleDisplay                                              
0000c564  PWM_config                                                  
0000c57c  PowerMSP432_config                                          
0000c594  SPIMSP432DMA_fxnTable                                       
0000c5ac  ti_sysbios_gates_GateHwi_Object__PARAMS__C                  
0000c5c4  ti_sysbios_gates_GateMutex_Object__PARAMS__C                
0000c5dc  ti_sysbios_knl_Queue_Object__PARAMS__C                      
0000c5f4  readErrDisplay                                              
0000c60b  Display_defaultParams                                       
0000c60c  GPIOMSP432_config                                           
0000c620  displayUartHWAttrs                                          
0000c634  outputfile                                                  
0000c646  xdc_runtime_Startup_sfxnRts__A                              
0000c658  SDSPIMSP432_fxnTable                                        
0000c678  pwmTimerMSP432HWAttrs                                       
0000c688  sdspiMSP432HWAttrs                                          
0000c698  Display_config                                              
0000c6a4  ADC_count                                                   
0000c6a5  ADCBuf_count                                                
0000c6a6  Capture_count                                               
0000c6a7  Display_count                                               
0000c6a8  I2C_count                                                   
0000c6a9  I2CSlave_count                                              
0000c6aa  PWM_count                                                   
0000c6ab  SDSPI_count                                                 
0000c6ac  SPI_count                                                   
0000c6ad  Timer_count                                                 
0000c6ae  UART_count                                                  
0000c6af  Watchdog_count                                              
0000c6b0  SDSPI_config                                                
0000c6d4  ti_sysbios_family_arm_msp432_Seconds_daysPerMonthLeap__A    
0000c6e0  ti_sysbios_family_arm_msp432_Seconds_daysPerMonthNonLeap__A 
0000c6f8  udmaMSP432HWAttrs                                           
0000c704  xdc_runtime_Startup_firstFxns__A                            
0000c710  SDSPI_defaultParams                                         
0000c718  UDMAMSP432_config                                           
0000c720  ti_sysbios_knl_Idle_funcList__C                             
0000c728  ts                                                          
0000c730  xdc_runtime_Startup_firstFxns__C                            
0000c738  xdc_runtime_Startup_lastFxns__C                             
0000c751  xdc_runtime_Error_policy__C                                 
0000c756  cleanDisplay                                                
0000c758  ti_sysbios_family_arm_m3_Hwi_E_alreadyDefined__C            
0000c75c  ti_sysbios_family_arm_m3_Hwi_NUM_INTERRUPTS__C              
0000c760  ti_sysbios_family_arm_m3_Hwi_Object__count__C               
0000c764  ti_sysbios_family_arm_m3_Hwi_ccr__C                         
0000c768  ti_sysbios_family_arm_m3_Hwi_excHandlerFunc__C              
0000c76c  ti_sysbios_family_arm_m3_Hwi_nullIsrFunc__C                 
0000c770  ti_sysbios_family_arm_m3_Hwi_priGroup__C                    
0000c774  ti_sysbios_family_arm_m3_Hwi_swiDisable__C                  
0000c778  ti_sysbios_family_arm_m3_Hwi_swiRestoreHwi__C               
0000c77c  ti_sysbios_family_arm_m3_TaskSupport_stackAlignment__C      
0000c780  ti_sysbios_family_arm_msp432_Seconds_daysPerMonthLeap__C    
0000c784  ti_sysbios_family_arm_msp432_Seconds_daysPerMonthNonLeap__C 
0000c788  ti_sysbios_family_arm_msp432_Timer_numTimerDevices__C       
0000c78c  ti_sysbios_family_arm_msp432_Timer_startupNeeded__C         
0000c790  ti_sysbios_gates_GateMutex_Instance_State_sem__O            
0000c794  ti_sysbios_heaps_HeapMem_E_memory__C                        
0000c798  ti_sysbios_heaps_HeapMem_Module__gateObj__C                 
0000c79c  ti_sysbios_heaps_HeapMem_Object__count__C                   
0000c7a0  ti_sysbios_heaps_HeapMem_primaryHeapBaseAddr__C             
0000c7a4  ti_sysbios_heaps_HeapMem_primaryHeapEndAddr__C              
0000c7a8  ti_sysbios_heaps_HeapMem_reqAlign__C                        
0000c7ac  ti_sysbios_knl_Clock_Module_State_clockQ__O                 
0000c7b0  ti_sysbios_knl_Clock_tickPeriod__C                          
0000c7b4  ti_sysbios_knl_Idle_funcList__A                             
0000c7b8  ti_sysbios_knl_Mailbox_Instance_State_freeQue__O            
0000c7bc  ti_sysbios_knl_Mailbox_Object__count__C                     
0000c7c0  ti_sysbios_knl_Mailbox_maxTypeAlign__C                      
0000c7c4  ti_sysbios_knl_Semaphore_Instance_State_pendQ__O            
0000c7c8  ti_sysbios_knl_Swi_Object__count__C                         
0000c7cc  ti_sysbios_knl_Task_Module_State_inactiveQ__O               
0000c7d0  ti_sysbios_knl_Task_Object__count__C                        
0000c7d4  ti_sysbios_knl_Task_Object__heap__C                         
0000c7d8  ti_sysbios_knl_Task_allBlockedFunc__C                       
0000c7dc  ti_sysbios_knl_Task_defaultStackHeap__C                     
0000c7e0  ti_sysbios_knl_Task_defaultStackSize__C                     
0000c7e4  ti_sysbios_knl_Task_numConstructedTasks__C                  
0000c7e8  xdc_runtime_Error_E_memory__C                               
0000c7ec  xdc_runtime_Error_policyFxn__C                              
0000c7f0  xdc_runtime_IGateProvider_Interface__BASE__C                
0000c7f4  xdc_runtime_IHeap_Interface__BASE__C                        
0000c7f8  xdc_runtime_IModule_Interface__BASE__C                      
0000c7fc  xdc_runtime_Memory_defaultHeapInstance__C                   
0000c800  xdc_runtime_Startup_execImpl__C                             
0000c804  xdc_runtime_Startup_maxPasses__C                            
0000c808  xdc_runtime_Startup_sfxnRts__C                              
0000c80c  xdc_runtime_Startup_sfxnTab__C                              
0000c810  xdc_runtime_SysCallback_abortFxn__C                         
0000c814  xdc_runtime_SysCallback_exitFxn__C                          
0000c818  xdc_runtime_SysCallback_putchFxn__C                         
0000c81c  xdc_runtime_SysCallback_readyFxn__C                         
0000c820  xdc_runtime_System_Module__gateObj__C                       
0000c824  xdc_runtime_System_abortFxn__C                              
0000c828  xdc_runtime_System_exitFxn__C                               
0000c82c  xdc_runtime_System_extendFxn__C                             
0000c830  xdc_runtime_System_maxAtexitHandlers__C                     
0000c834  xdc_runtime_Text_charTab__C                                 
0000c838  xdc_runtime_Text_nameEmpty__C                               
0000c83c  xdc_runtime_Text_nameStatic__C                              
0000c840  xdc_runtime_Text_nameUnknown__C                             
0000c844  spaceDisplay                                                
0000c846  ti_sysbios_family_arm_m3_Hwi_Module__id__C                  
0000c848  ti_sysbios_family_arm_msp432_init_Boot_bypassHFXT__C        
0000c84a  ti_sysbios_family_arm_msp432_init_Boot_bypassLFXT__C        
0000c84c  ti_sysbios_family_arm_msp432_init_Boot_enableHFXT__C        
0000c84e  ti_sysbios_family_arm_msp432_init_Boot_enableLFXT__C        
0000c850  ti_sysbios_heaps_HeapMem_Module__id__C                      
0000c852  xdc_runtime_Memory_Module__id__C                            
0000c854  xdc_runtime_Text_charCnt__C                                 
0000c856  xdc_runtime_Text_isLoaded__C                                
0000c858  xdc_runtime_Text_charTab__A                                 
0000c860  __TI_static_base__                                          
0000cb3c  __TI_Handler_Table_Base                                     
0000cb48  __TI_Handler_Table_Limit                                    
0000cb50  __TI_CINIT_Base                                             
0000cb60  __TI_CINIT_Limit                                            
20000000  ti_sysbios_family_arm_m3_Hwi_ramVectors                     
20000140  __primary_heap_start__                                      
20008140  __primary_heap_end__                                        
20008200  accelDataBuffer0                                            
20009a00  accelDataBuffer1                                            
2000b600  sdspiMSP432Objects                                          
2000b854  display                                                     
2000b858  ti_sysbios_knl_Task_Instance_State_0_stack__A               
2000ba58  uartMSP432Objects                                           
2000bc58  ti_sysbios_family_arm_m3_Hwi_dispatchTable                  
2000bd98  __CIOBUF_                                                   
2000beb8  spiMSP432DMAObjects                                         
2000bf98  timerMSP432Objects                                          
2000c04c  __TI_tmpnams                                                
2000c0fc  encoderCount0Mutex                                          
2000c180  uartMSP432RingBuffer                                        
2000c200  cmd                                                         
2000c28c  barrier                                                     
2000c2b0  uartParams                                                  
2000c2d4  pwmTimerMSP432Objects                                       
2000c2f4  semAccelData                                                
2000c310  semFullAccelBuffer                                          
2000c32c  semMoveMotors                                               
2000c348  semPrintMotorEncoders                                       
2000c374  count0Str                                                   
2000c384  count1Str                                                   
2000c394  motor0Str                                                   
2000c3a4  motor1Str                                                   
2000c3b4  displayUartObject                                           
2000c3c8  udmaMSP432Object                                            
2000c3d0  uartMotor                                                   
2000c3d4  uartXbee                                                    
2000c3da  otherVal0                                                   
2000c3db  otherVal1                                                   
2000c3dc  _ftable                                                     
2000c59c  PowerMSP432_perfLevels                                      
2000c6ec  ti_sysbios_knl_Swi_Module_State_0_readyQ__A                 
2000c76c  ti_sysbios_knl_Task_Module_State_0_readyQ__A                
2000c83c  ti_sysbios_family_arm_msp432_Timer_Object__table__V         
2000c888  ti_sysbios_knl_Task_Object__table__V                        
2000c918  ti_sysbios_knl_Task_Module__state__V                        
2000c95c  ti_sysbios_gates_GateMutex_Object__table__V                 
2000c994  ti_sysbios_family_arm_m3_Hwi_Module__state__V               
2000c9c8  gpioPinConfigs                                              
2000c9f8  ti_sysbios_knl_Swi_Object__table__V                         
2000ca28  PowerMSP432_module                                          
2000ca54  ti_sysbios_knl_Clock_Module__state__V                       
2000caa4  encoderCount                                                
2000caa8  count0                                                      
2000caac  count1                                                      
2000cab0  count0Copy                                                  
2000cab4  count1Copy                                                  
2000cab8  keepMoving                                                  
2000cabc  moveDist                                                    
2000cac0  motor0Speed                                                 
2000cac4  motor1Speed                                                 
2000cac8  ti_sysbios_BIOS_Module__state__V                            
2000caec  ti_sysbios_family_arm_msp432_Timer_Module_State_0_device__A 
2000cb0c  xdc_runtime_Error_IgnoreBlock                               
2000cb2c  TimerMSP432_Timer32_fxnTable                                
2000cb48  TimerMSP432_Timer_A_fxnTable                                
2000cb64  ti_sysbios_knl_Swi_Module__state__V                         
2000cb80  ti_sysbios_family_arm_m3_Hwi_Object__table__V               
2000cb98  ti_sysbios_heaps_HeapMem_Object__table__V                   
2000cbc8  _tz                                                         
2000cbd8  __TI_ft_end                                                 
2000cbdc  __aeabi_stdin                                               
2000cbe0  __aeabi_stdout                                              
2000cbe4  __aeabi_stderr                                              
2000cbe8  ti_sysbios_family_arm_msp432_Timer_Module_State_0_handles__A
2000cbf8  __TI_cleanup_ptr                                            
2000cbfc  __TI_dtors_ptr                                              
2000cc00  __TI_enable_exit_profile_output                             
2000cc04  ti_sysbios_family_arm_msp432_ClockFreqs_Module__state__V    
2000cc10  ti_sysbios_family_arm_msp432_Timer_Module__state__V         
2000cc1c  _lock                                                       
2000cc20  _unlock                                                     
2000cc24  errorCount                                                  
2000cc28  time_ms                                                     
2000cc34  gpioCallbackFunctions                                       
2000cc3c  ti_sysbios_family_arm_m3_Hwi_Module__root__V                
2000cc44  ti_sysbios_gates_GateHwi_Module__root__V                    
2000cc4c  ti_sysbios_gates_GateMutex_Module__root__V                  
2000cc54  ti_sysbios_heaps_HeapMem_Module__root__V                    
2000cc5c  ti_sysbios_knl_Clock_Module__root__V                        
2000cc64  ti_sysbios_knl_Queue_Module__root__V                        
2000cc6c  ti_sysbios_knl_Semaphore_Module__root__V                    
2000cc74  ti_sysbios_knl_Task_Module__root__V                         
2000cc7c  xdc_runtime_Startup_Module__state__V                        
2000cc84  xdc_runtime_System_Module_State_0_atexitHandlers__A         
2000cc8c  xdc_runtime_System_Module__state__V                         
2000cc9c  fatfsPrefix                                                 
2000cca4  main_func_sp                                                
2000cca8  ti_sysbios_family_arm_m3_Hwi_Module_State_0_excContext__A   
2000ccac  ti_sysbios_family_arm_m3_Hwi_Module_State_0_excStack__A     
2000ccb0  ti_sysbios_gates_GateHwi_Object__table__V                   
2000ccb4  ti_sysbios_knl_Task_Module_State_0_idleTask__A              
2000ccb8  xdc_runtime_Memory_Module__state__V                         
2000ccbc  ti_sysbios_family_arm_m3_Hwi_Module_State_0_excActive__A    
2000fc00  __stack                                                     
20010000  __STACK_END                                                 
4000480c  WDTCTL_SYM                                                  
e000e000  ti_sysbios_family_arm_m3_Hwi_nvic                           
ffffffff  __TI_pprof_out_hndl                                         
ffffffff  __TI_prof_data_size                                         
ffffffff  __TI_prof_data_start                                        
ffffffff  __binit__                                                   
ffffffff  __c_args__                                                  
ffffffff  binit                                                       
UNDEFED   SHT$$INIT_ARRAY$$Base                                       
UNDEFED   SHT$$INIT_ARRAY$$Limit                                      

[827 symbols]
