******************************************************************************
                  TI ARM Linker Unix v16.9.1                   
******************************************************************************
>> Linked Wed Apr  5 22:38:37 2017

OUTPUT FILE NAME:   <Bridge_Inspection_Robot.out>
ENTRY POINT SYMBOL: "_c_int00"  address: 00007bfd


MEMORY CONFIGURATION

         name            origin    length      used     unused   attr    fill
----------------------  --------  ---------  --------  --------  ----  --------
  MAIN                  00000000   00040000  0000b79e  00034862  R  X
  INFO                  00200000   00004000  00000000  00004000  R  X
  SRAM_CODE             01000000   00010000  00000000  00010000  RW X
  SRAM_DATA             20000000   00010000  0000d4f5  00002b0b  RW  


SEGMENT ALLOCATION MAP

run origin  load origin   length   init length attrs members
----------  ----------- ---------- ----------- ----- -------
00000000    00000000    0000b7a8   0000b7a8    r-x
  00000000    00000000    0000003c   0000003c    r-- .resetVecs
  00000040    00000040    0000ab8a   0000ab8a    r-x .text
  0000abcc    0000abcc    000008f8   000008f8    r-- .const
  0000b4c8    0000b4c8    000002e0   000002e0    r-- .cinit
20000140    20000140    00008000   00000000    r--
  20000140    20000140    00008000   00000000    r-- .priheap
20008200    20008200    00004fb7   00000000    rw-
  20008200    20008200    00004786   00000000    rw- .bss
  2000c988    2000c988    0000082f   00000000    rw- .data
2000fc00    2000fc00    00000400   00000000    rw-
  2000fc00    2000fc00    00000400   00000000    rw- .stack


SECTION ALLOCATION MAP

 output                                  attributes/
section   page    origin      length       input sections
--------  ----  ----------  ----------   ----------------
.text      0    00000040    0000ab8a     
                  00000040    00000554     accelThread.obj (.text:accelThread)
                  00000594    00000004     dpl_msp432p4xx.aem4f : HwiP_tirtos.oem4f (.text:HwiP_disable)
                  00000598    00000444     sysbios.aem4f : BIOS.obj (.text:xdc_runtime_System_doPrint__I)
                  000009dc    00000354     sdCardThread.obj (.text:sdCardThread)
                  00000d30    00000324     fatfs.aem4f : ff.oem4f (.text:find_volume)
                  00001054    00000324     rtsv7M4_T_le_v4SPD16_eabi.lib : trgdrv.obj (.text)
                  00001378    0000030c                                   : lowlev.obj (.text)
                  00001684    000002d0     drivers_msp432p4xx.aem4f : PowerMSP432.oem4f (.text:Power_sleep)
                  00001954    000002c8                              : UARTMSP432.oem4f (.text:UARTMSP432_open)
                  00001c1c    000002ac                              : SDSPIMSP432.oem4f (.text:SDSPIMSP432_diskInitialize)
                  00001ec8    000002a0     rtsv7M4_T_le_v4SPD16_eabi.lib : mktime.obj (.text)
                  00002168    0000026c     drivers_msp432p4xx.aem4f : SPIMSP432DMA.oem4f (.text:SPIMSP432DMA_open)
                  000023d4    00000250                              : SDSPIMSP432.oem4f (.text:SDSPIMSP432_open)
                  00002624    0000021e     rtsv7M4_T_le_v4SPD16_eabi.lib : ll_div_t2.obj (.text)
                  00002842    00000002     display.aem4f : DisplayUart.oem4f (.text:DisplayUartMin_clear)
                  00002844    000001e4     drivers_msp432p4xx.aem4f : SDSPIMSP432.oem4f (.text:send_cmd)
                  00002a28    000001c4     rtsv7M4_T_le_v4SPD16_eabi.lib : fopen.obj (.text)
                  00002bec    000001b6                                   : fd_add_t2.obj (.text)
                  00002da2    000001a4     fatfs.aem4f : ff.oem4f (.text:f_write)
                  00002f46    00000002     display.aem4f : DisplayUart.oem4f (.text:DisplayUartMin_clearLines)
                  00002f48    00000194     drivers_msp432p4xx.aem4f : SDSPIMSP432.oem4f (.text:xmit_datablock)
                  000030dc    00000178     fatfs.aem4f : ff.oem4f (.text:f_read)
                  00003254    00000178     release_pem4f.oem4f (.text:xdc_runtime_System_printfExtend__I)
                  000033cc    0000016c     rtsv7M4_T_le_v4SPD16_eabi.lib : fwrite.obj (.text)
                  00003538    00000164     fatfs.aem4f : ff.oem4f (.text:f_open)
                  0000369c    0000015c     drivers_msp432p4xx.aem4f : GPIOMSP432.oem4f (.text:GPIO_setConfig)
                  000037f8    0000015a     fatfs.aem4f : ff.oem4f (.text:f_lseek)
                  00003952    00000002     display.aem4f : DisplayUart.oem4f (.text:DisplayUartMin_init)
                  00003954    0000014c     drivers_msp432p4xx.aem4f : PowerMSP432.oem4f (.text:initPerfControl)
                  00003aa0    00000140     sysbios.aem4f : BIOS.obj (.text:ti_sysbios_family_arm_msp432_Seconds_set__E)
                  00003be0    00000138     rtsv7M4_T_le_v4SPD16_eabi.lib : localtim.obj (.text)
                  00003d18    00000130     sysbios.aem4f : BIOS.obj (.text:ti_sysbios_knl_Semaphore_pend__E)
                  00003e48    00000123     fatfs.aem4f : ff.oem4f (.text:create_name)
                  00003f6b    00000001     --HOLE-- [fill = 0]
                  00003f6c    00000004     dpl_msp432p4xx.aem4f : HwiP_tirtos.oem4f (.text:HwiP_disableInterrupt)
                  00003f70    00000108     sysbios.aem4f : BIOS.obj (.text:xdc_runtime_Startup_startMods__I)
                  00004078    00000104     drivers_msp432p4xx.aem4f : SDSPIMSP432.oem4f (.text:SDSPIMSP432_diskIOctrl)
                  0000417c    000000fe     fatfs.aem4f : ff.oem4f (.text:f_rename)
                  0000427a    000000fc     rtsv7M4_T_le_v4SPD16_eabi.lib : fd_mul_t2.obj (.text)
                  00004376    00000002     dpl_msp432p4xx.aem4f : PowerMSP432_tirtos.oem4f (.text:PowerMSP432_initPolicy)
                  00004378    000000fc     sysbios.aem4f : BIOS.obj (.text:ti_sysbios_family_arm_msp432_init_Boot_configureClocksHigh)
                  00004474    000000fa     fatfs.aem4f : ff.oem4f (.text:dir_next)
                  0000456e    00000002     drivers_msp432p4xx.aem4f : UARTMSP432.oem4f (.text:UARTMSP432_init)
                  00004570    000000f4                              : SDSPIMSP432.oem4f (.text:SDSPIMSP432_diskWrite)
                  00004664    000000ec     main_tirtos.obj (.text:main)
                  00004750    000000ec     sysbios.aem4f : BIOS.obj (.text:pthread_create)
                  0000483c    000000ec     fatfs.aem4f : ff.oem4f (.text:put_fat)
                  00004928    000000ec     rtsv7M4_T_le_v4SPD16_eabi.lib : fread.obj (.text)
                  00004a14    000000ec     sysbios.aem4f : m3_Hwi_asm.obj (.text:ti_sysbios_family_arm_m3_Hwi_dispatch__I)
                  00004b00    000000e8     drivers_msp432p4xx.aem4f : SDSPIMSP432.oem4f (.text:SDSPIMSP432_diskRead)
                  00004be8    000000e8                              : SPIMSP432DMA.oem4f (.text:configDMA)
                  00004cd0    000000e4                              : TimerMSP432.oem4f (.text:configureTimerHardware)
                  00004db4    000000e0     msp432p4xx_driverlib.lib : cs.o (.text:CS_initClockSignal)
                  00004e94    000000dc     rtsv7M4_T_le_v4SPD16_eabi.lib : setvbuf.obj (.text)
                  00004f70    000000d8     drivers_msp432p4xx.aem4f : UARTMSP432.oem4f (.text:UARTMSP432_readPolling)
                  00005048    000000d6     fatfs.aem4f : ff.oem4f (.text:get_fat)
                  0000511e    00000002     rtsv7M4_T_le_v4SPD16_eabi.lib : i_div0.obj (.text)
                  00005120    000000d0     sysbios.aem4f : BIOS.obj (.text:ti_sysbios_heaps_HeapMem_alloc__E)
                  000051f0    000000c8     rtsv7M4_T_le_v4SPD16_eabi.lib : fflush.obj (.text)
                  000052b8    000000c0     sysbios.aem4f : BIOS.obj (.text:ti_sysbios_knl_Task_Instance_init__E)
                  00005378    000000bc                   : BIOS.obj (.text:ti_sysbios_knl_Task_Instance_finalize__E)
                  00005434    000000b6     drivers_msp432p4xx.aem4f : UARTMSP432.oem4f (.text:UARTMSP432_hwiIntFxn)
                  000054ea    00000002     rtsv7M4_T_le_v4SPD16_eabi.lib : l_div0.obj (.text)
                  000054ec    000000b4     drivers_msp432p4xx.aem4f : UARTMSP432.oem4f (.text:UARTMSP432_control)
                  000055a0    000000b4                              : UARTMSP432.oem4f (.text:UARTMSP432_writePolling)
                  00005654    000000b4                              : SDSPIMSP432.oem4f (.text:send_initial_clock_train)
                  00005708    000000b4     fatfs.aem4f : ff.oem4f (.text:sync_fs)
                  000057bc    000000b2     msp432p4xx_driverlib.lib : timer_a.o (.text:privateTimer_AProcessClockSourceDivider)
                  0000586e    00000002     release_pem4f.oem4f (.text:ti_sysbios_BIOS_nullFunc__I)
                  00005870    000000b0     drivers_msp432p4xx.aem4f : TimerMSP432.oem4f (.text:setIdealT32TickCount)
                  00005920    000000ac                              : UARTMSP432.oem4f (.text:initHw)
                  000059cc    000000ac     rtsv7M4_T_le_v4SPD16_eabi.lib : _io_perm.obj (.text)
                  00005a78    000000a8     fatfs.aem4f : ff.oem4f (.text:create_chain)
                  00005b20    000000a8     sysbios.aem4f : BIOS.obj (.text:ti_sysbios_family_arm_msp432_Timer_periodicStub__E)
                  00005bc8    000000a8                   : BIOS.obj (.text:xdc_runtime_Core_createObject__I)
                  00005c70    000000a4     fatfs.aem4f : ff.oem4f (.text:f_unlink)
                  00005d14    00000004     dpl_msp432p4xx.aem4f : HwiP_tirtos.oem4f (.text:HwiP_enableInterrupt)
                  00005d18    000000a4     sysbios.aem4f : BIOS.obj (.text:ti_sysbios_knl_Task_setPri__E)
                  00005dbc    000000a0     auto_init.aem4f : auto_init.oem4f (.text)
                  00005e5c    000000a0     fatfs.aem4f : ffcio.oem4f (.text:ffcio_open)
                  00005efc    000000a0     drivers_msp432p4xx.aem4f : UARTMSP432.oem4f (.text:readIsrTextCallback)
                  00005f9c    000000a0     rtsv7M4_T_le_v4SPD16_eabi.lib : _bufread.obj (.text)
                  0000603c    000000a0     drivers_msp432p4xx.aem4f : TimerMSP432.oem4f (.text:setIdealTATickCount)
                  000060dc    0000009e                              : UARTMSP432.oem4f (.text:UARTMSP432_close)
                  0000617a    0000009c     fatfs.aem4f : ff.oem4f (.text:f_sync)
                  00006216    0000009c     drivers_msp432p4xx.aem4f : UARTMSP432.oem4f (.text:readTaskBlocking)
                  000062b2    0000009c     rtsv7M4_T_le_v4SPD16_eabi.lib : memcpy_t2.obj (.text)
                  0000634e    00000002     --HOLE-- [fill = 0]
                  00006350    00000098                                   : fclose.obj (.text)
                  000063e8    00000098     sysbios.aem4f : BIOS.obj (.text:ti_sysbios_family_arm_m3_Hwi_Instance_init__E)
                  00006480    00000096     drivers_msp432p4xx.aem4f : UARTMSP432.oem4f (.text:writeData)
                  00006516    00000002     --HOLE-- [fill = 0]
                  00006518    00000094     sysbios.aem4f : BIOS.obj (.text:_pthread_removeThreadKeys)
                  000065ac    00000004     drivers_msp432p4xx.aem4f : List.oem4f (.text:List_head)
                  000065b0    00000094     sysbios.aem4f : BIOS.obj (.text:ti_sysbios_family_arm_m3_Hwi_initNVIC__E)
                  00006644    00000090     drivers_msp432p4xx.aem4f : UARTMSP432.oem4f (.text:UARTMSP432_write)
                  000066d4    0000008e                              : TimerMSP432.oem4f (.text:TimerMSP432_open)
                  00006762    00000002     --HOLE-- [fill = 0]
                  00006764    0000008c     sysbios.aem4f : m3_TaskSupport_asm.obj (.text:ti_sysbios_family_arm_m3_TaskSupport_buildTaskStack)
                  000067f0    0000008c                   : BIOS.obj (.text:ti_sysbios_knl_Task_postInit__I)
                  0000687c    0000008a     drivers_msp432p4xx.aem4f : UARTMSP432.oem4f (.text:readIsrTextBlocking)
                  00006906    00000002     --HOLE-- [fill = 0]
                  00006908    00000088     sysbios.aem4f : BIOS.obj (.text:xdc_runtime_Memory_alloc__E)
                  00006990    00000086     rtsv7M4_T_le_v4SPD16_eabi.lib : fd_cmp_t2.obj (.text:__aeabi_cdcmple)
                  00006a16    00000086                                   : fd_cmp_t2.obj (.text:__aeabi_cdrcmple)
                  00006a9c    00000004     drivers_msp432p4xx.aem4f : List.oem4f (.text:List_next)
                  00006aa0    00000084     sysbios.aem4f : BIOS.obj (.text:ti_sysbios_family_arm_m3_Hwi_postInit__I)
                  00006b24    00000004     drivers_msp432p4xx.aem4f : SPIMSP432DMA.oem4f (.text:SPIMSP432DMA_init)
                  00006b28    00000084     sysbios.aem4f : BIOS.obj (.text:ti_sysbios_heaps_HeapMem_free__E)
                  00006bac    00000004     dpl_msp432p4xx.aem4f : SystemP_tirtos.oem4f (.text:SystemP_vsnprintf)
                  00006bb0    00000084     sysbios.aem4f : BIOS.obj (.text:xdc_runtime_Core_constructObject__I)
                  00006c34    0000007e     fatfs.aem4f : ff.oem4f (.text:dir_sdi)
                  00006cb2    00000002     --HOLE-- [fill = 0]
                  00006cb4    0000007c     drivers_msp432p4xx.aem4f : SDSPIMSP432.oem4f (.text:SDSPIMSP432_close)
                  00006d30    0000007c     msp432p4xx_driverlib.lib : spi.o (.text:SPI_initMaster)
                  00006dac    00000004                              : timer32.o (.text:Timer32_getValue)
                  00006db0    0000007c     sysbios.aem4f : BIOS.obj (.text:_pthread_runStub)
                  00006e2c    0000007c     fatfs.aem4f : ff.oem4f (.text:f_mount)
                  00006ea8    0000007a     drivers_msp432p4xx.aem4f : UARTMSP432.oem4f (.text:readTaskCallback)
                  00006f22    0000007a     rtsv7M4_T_le_v4SPD16_eabi.lib : memset_t2.obj (.text)
                  00006f9c    00000004     fatfs.aem4f : ffosal.oem4f (.text:ff_rel_grant)
                  00006fa0    00000075     sysbios.aem4f : BIOS.obj (.text:xdc_runtime_System_formatNum__I)
                  00007015    00000003     --HOLE-- [fill = 0]
                  00007018    00000074     fatfs.aem4f : ff.oem4f (.text:check_fs)
                  0000708c    00000070     drivers_msp432p4xx.aem4f : SDSPIMSP432.oem4f (.text:rcvr_datablock)
                  000070fc    00000004     fatfs.aem4f : diskio.oem4f (.text:get_fattime)
                  00007100    00000070     sysbios.aem4f : BIOS.obj (.text:ti_sysbios_heaps_HeapMem_initPrimary__I)
                  00007170    00000070                   : BIOS.obj (.text:ti_sysbios_knl_Semaphore_post__E)
                  000071e0    00000070                   : BIOS.obj (.text:ti_sysbios_knl_Task_exit__E)
                  00007250    0000006c                   : BIOS.obj (.text:ti_sysbios_knl_Clock_workFunc__E)
                  000072bc    00000004     release_pem4f.oem4f (.text:ti_sysbios_BIOS_RtsGateProxy_enter__E)
                  000072c0    0000006c     sysbios.aem4f : BIOS.obj (.text:ti_sysbios_knl_Swi_restoreHwi__E)
                  0000732c    00000068     drivers_msp432p4xx.aem4f : UARTMSP432.oem4f (.text:UARTMSP432_writeCancel)
                  00007394    00000068     rtsv7M4_T_le_v4SPD16_eabi.lib : copy_decompress_lzss.obj (.text:decompress:lzss)
                  000073fc    00000068                                   : trgmsg.obj (.text)
                  00007464    00000004     release_pem4f.oem4f (.text:ti_sysbios_BIOS_RtsGateProxy_leave__E)
                  00007468    00000068     sysbios.aem4f : BIOS.obj (.text:ti_sysbios_family_arm_msp432_Seconds_get__E)
                  000074d0    00000066                   : BIOS.obj (.text:xdc_runtime_Core_deleteObject__I)
                  00007536    00000002     --HOLE-- [fill = 0]
                  00007538    00000064     drivers_msp432p4xx.aem4f : GPIOMSP432.oem4f (.text:GPIO_hwiIntFxn)
                  0000759c    00000064                              : SPIMSP432DMA.oem4f (.text:SPIMSP432DMA_close)
                  00007600    00000064                              : SPIMSP432DMA.oem4f (.text:SPIMSP432DMA_transfer)
                  00007664    00000064     fatfs.aem4f : ff.oem4f (.text:follow_path)
                  000076c8    00000064     drivers_msp432p4xx.aem4f : SPIMSP432DMA.oem4f (.text:initHw)
                  0000772c    00000064     rtsv7M4_T_le_v4SPD16_eabi.lib : fseek.obj (.text)
                  00007790    00000064     sysbios.aem4f : BIOS.obj (.text:ti_sysbios_family_arm_m3_Hwi_dispatchC__I)
                  000077f4    0000005e     fatfs.aem4f : ff.oem4f (.text:remove_chain)
                  00007852    00000002     --HOLE-- [fill = 0]
                  00007854    0000005c     display.aem4f : Display.oem4f (.text:Display_doOpen)
                  000078b0    0000005c     drivers_msp432p4xx.aem4f : GPIOMSP432.oem4f (.text:GPIO_init)
                  0000790c    0000005c                              : GPIOMSP432.oem4f (.text:GPIO_write)
                  00007968    0000005c                              : PowerMSP432.oem4f (.text:PowerMSP432_getFreqs)
                  000079c4    00000004     release_pem4f.oem4f (.text:ti_sysbios_family_arm_m3_Hwi_delete)
                  000079c8    0000005c     sysbios.aem4f : BIOS.obj (.text:ti_sysbios_knl_Swi_run__I)
                  00007a24    00000004     release_pem4f.oem4f (.text:ti_sysbios_family_arm_m3_TaskSupport_Module__startupDone__S)
                  00007a28    0000005c     sysbios.aem4f : BIOS.obj (.text:ti_sysbios_knl_Swi_schedule__I)
                  00007a84    00000004     release_pem4f.oem4f (.text:ti_sysbios_heaps_HeapMem_Module_GateProxy_enter__E)
                  00007a88    0000005c     sysbios.aem4f : BIOS.obj (.text:ti_sysbios_knl_Task_Module_startup__E)
                  00007ae4    00000004     release_pem4f.oem4f (.text:ti_sysbios_heaps_HeapMem_Module_GateProxy_leave__E)
                  00007ae8    0000005c     sysbios.aem4f : BIOS.obj (.text:ti_sysbios_knl_Task_startCore__E)
                  00007b44    00000004     release_pem4f.oem4f (.text:ti_sysbios_knl_Clock_TimerProxy_getMaxTicks__E)
                  00007b48    0000005c     sysbios.aem4f : BIOS.obj (.text:xdc_runtime_Startup_exec__E)
                  00007ba4    00000058     drivers_msp432p4xx.aem4f : UDMAMSP432.oem4f (.text:UDMAMSP432_open)
                  00007bfc    00000058     boot.aem4f : boot.oem4f (.text)
                  00007c54    00000058     drivers_msp432p4xx.aem4f : UARTMSP432.oem4f (.text:readIsrBinaryBlocking)
                  00007cac    00000058     sysbios.aem4f : m3_Hwi_asm_switch.obj (.text:ti_sysbios_family_arm_m3_Hwi_initStacks__E)
                  00007d04    00000056     display.aem4f : DisplayUart.oem4f (.text:DisplayUartMin_open)
                  00007d5a    00000056     fatfs.aem4f : ff.oem4f (.text:dir_read)
                  00007db0    00000054     drivers_msp432p4xx.aem4f : GPIOMSP432.oem4f (.text:GPIO_setCallback)
                  00007e04    00000054                              : PowerMSP432.oem4f (.text:Power_init)
                  00007e58    00000054                              : TimerMSP432.oem4f (.text:TimerMSP432_Timer_A_hwiIntFunction)
                  00007eac    00000004     release_pem4f.oem4f (.text:ti_sysbios_knl_Clock_delete)
                  00007eb0    00000054     sysbios.aem4f : BIOS.obj (.text:pthread_barrier_wait)
                  00007f04    00000054     fatfs.aem4f : ff.oem4f (.text:sync_window)
                  00007f58    00000054     release_pem4f.oem4f (.text:ti_sysbios_family_arm_m3_Hwi_create)
                  00007fac    00000004     release_pem4f.oem4f (.text:ti_sysbios_knl_Semaphore_delete)
                  00007fb0    00000054     sysbios.aem4f : BIOS.obj (.text:ti_sysbios_family_arm_msp432_Timer_initDevice__I)
                  00008004    00000004     release_pem4f.oem4f (.text:xdc_runtime_System_Module_GateProxy_enter__E)
                  00008008    00000054     sysbios.aem4f : BIOS.obj (.text:xdc_runtime_Core_assignLabel__I)
                  0000805c    00000050     dpl_msp432p4xx.aem4f : PowerMSP432_tirtos.oem4f (.text:PowerMSP432_sleepPolicy)
                  000080ac    00000050     drivers_msp432p4xx.aem4f : TimerMSP432.oem4f (.text:TimerMSP432_Timer32_hwiIntFunction)
                  000080fc    00000004     release_pem4f.oem4f (.text:xdc_runtime_System_Module_GateProxy_leave__E)
                  00008100    00000050     sysbios.aem4f : BIOS.obj (.text:ti_sysbios_family_arm_m3_Hwi_Module_startup__E)
                  00008150    00000050     release_pem4f.oem4f (.text:ti_sysbios_knl_Task_create)
                  000081a0    0000004e     drivers_msp432p4xx.aem4f : TimerMSP432.oem4f (.text:TimerMSP432_Timer32_start)
                  000081ee    00000002     --HOLE-- [fill = 0]
                  000081f0    0000004c                              : SDSPIMSP432.oem4f (.text:initHw)
                  0000823c    0000004c                              : UARTMSP432.oem4f (.text:readIsrBinaryCallback)
                  00008288    0000004c     rtsv7M4_T_le_v4SPD16_eabi.lib : cpy_tbl.obj (.text)
                  000082d4    00000004     --HOLE-- [fill = 0]
                  000082d8    0000004c     sysbios.aem4f : BIOS.obj (.text:ti_sysbios_family_arm_msp432_Timer_postInit__I)
                  00008324    00000004     --HOLE-- [fill = 0]
                  00008328    0000004c                   : BIOS.obj (.text:ti_sysbios_family_arm_msp432_Timer_start__E)
                  00008374    00000004     --HOLE-- [fill = 0]
                  00008378    0000004c                   : BIOS.obj (.text:ti_sysbios_heaps_HeapMem_getStats__E)
                  000083c4    00000004     --HOLE-- [fill = 0]
                  000083c8    0000004c                   : BIOS.obj (.text:ti_sysbios_knl_Swi_runLoop__I)
                  00008414    00000004     --HOLE-- [fill = 0]
                  00008418    0000004c                   : BIOS.obj (.text:ti_sysbios_knl_Task_allBlockedFunction__I)
                  00008464    00000004     --HOLE-- [fill = 0]
                  00008468    0000004c                   : BIOS.obj (.text:ti_sysbios_knl_Task_schedule__I)
                  000084b4    00000048     drivers_msp432p4xx.aem4f : PowerMSP432.oem4f (.text:Power_releaseConstraint)
                  000084fc    00000048                              : SPIMSP432DMA.oem4f (.text:SPIMSP432DMA_hwiFxn)
                  00008544    00000048     msp432p4xx_driverlib.lib : timer32.o (.text:Timer32_initModule)
                  0000858c    00000048     drivers_msp432p4xx.aem4f : TimerMSP432.oem4f (.text:TimerMSP432_Timer_A_start)
                  000085d4    00000048     fatfs.aem4f : ff.oem4f (.text:dir_find)
                  0000861c    00000048     sdCardThread.obj (.text:fatfs_getFatTime)
                  00008664    00000048     rtsv7M4_T_le_v4SPD16_eabi.lib : fd_toi_t2.obj (.text)
                  000086ac    00000004     --HOLE-- [fill = 0]
                  000086b0    00000048     sysbios.aem4f : BIOS.obj (.text:ti_sysbios_family_arm_m3_Hwi_disableInterrupt__E)
                  000086f8    00000048                   : BIOS.obj (.text:ti_sysbios_family_arm_m3_Hwi_enableInterrupt__E)
                  00008740    00000048                   : BIOS.obj (.text:ti_sysbios_knl_Mailbox_Module_startup__E)
                  00008788    00000048     drivers_msp432p4xx.aem4f : SDSPIMSP432.oem4f (.text:wait_ready)
                  000087d0    00000046     display.aem4f : DisplayUart.oem4f (.text:DisplayUartMin_vprintf)
                  00008816    00000046     drivers_msp432p4xx.aem4f : RingBuf.oem4f (.text:RingBuf_put)
                  0000885c    00000004     --HOLE-- [fill = 0]
                  00008860    00000046     sysbios.aem4f : BIOS.obj (.text:xdc_runtime_Core_assignParams__I)
                  000088a6    00000044     dpl_msp432p4xx.aem4f : HwiP_tirtos.oem4f (.text:HwiP_create)
                  000088ea    00000002     --HOLE-- [fill = 0]
                  000088ec    00000044     drivers_msp432p4xx.aem4f : SDSPI.oem4f (.text:SDSPI_init)
                  00008930    00000044                              : SPI.oem4f (.text:SPI_init)
                  00008974    00000044     msp432p4xx_driverlib.lib : timer_a.o (.text:Timer_A_configureUpMode)
                  000089b8    00000044     drivers_msp432p4xx.aem4f : Timer.oem4f (.text:Timer_init)
                  000089fc    00000044                              : UART.oem4f (.text:UART_init)
                  00008a40    00000044     fatfs.aem4f : ff.oem4f (.text:dir_alloc)
                  00008a84    00000044     drivers_msp432p4xx.aem4f : SDSPIMSP432.oem4f (.text:perfChangeNotifyFxn)
                  00008ac8    00000044     rtsv7M4_T_le_v4SPD16_eabi.lib : fd_tou_t2.obj (.text)
                  00008b0c    00000044     drivers_msp432p4xx.aem4f : SDSPIMSP432.oem4f (.text:rxSPI)
                  00008b50    00000044     sysbios.aem4f : BIOS.obj (.text:ti_sysbios_family_arm_m3_Hwi_getStackInfo__E)
                  00008b94    00000004     --HOLE-- [fill = 0]
                  00008b98    00000044                   : BIOS.obj (.text:ti_sysbios_family_arm_msp432_Seconds_Module_startup__E)
                  00008bdc    00000004     --HOLE-- [fill = 0]
                  00008be0    00000044                   : BIOS.obj (.text:ti_sysbios_knl_Swi_post__E)
                  00008c24    00000004     --HOLE-- [fill = 0]
                  00008c28    00000044                   : BIOS.obj (.text:xdc_runtime_System_atexit__E)
                  00008c6c    00000040     drivers_msp432p4xx.aem4f : RingBuf.oem4f (.text:RingBuf_get)
                  00008cac    00000040                              : SDSPI.oem4f (.text:SDSPI_open)
                  00008cec    00000040     dpl_msp432p4xx.aem4f : SemaphoreP_tirtos.oem4f (.text:SemaphoreP_create)
                  00008d2c    00000040     drivers_msp432p4xx.aem4f : UARTMSP432.oem4f (.text:UARTMSP432_read)
                  00008d6c    00000040                              : UDMAMSP432.oem4f (.text:UDMAMSP432_init)
                  00008dac    00000040     fatfs.aem4f : ff.oem4f (.text:get_ldnumber)
                  00008dec    00000040     drivers_msp432p4xx.aem4f : PowerMSP432.oem4f (.text:notify)
                  00008e2c    00000040                              : UARTMSP432.oem4f (.text:perfChangeNotifyFxn)
                  00008e6c    00000040                              : PowerMSP432.oem4f (.text:restartHFXT)
                  00008eac    00000040     rtsv7M4_T_le_v4SPD16_eabi.lib : u_divt2.obj (.text)
                  00008eec    00000004     --HOLE-- [fill = 0]
                  00008ef0    00000040     sysbios.aem4f : BIOS.obj (.text:ti_sysbios_family_arm_msp432_Timer_Module_startup__E)
                  00008f30    00000040                   : BIOS.obj (.text:ti_sysbios_family_arm_msp432_Timer_startup__E)
                  00008f70    00000040                   : BIOS.obj (.text:ti_sysbios_heaps_HeapMem_Instance_init__E)
                  00008fb0    0000003c     dpl_msp432p4xx.aem4f : ClockP_tirtos.oem4f (.text:ClockP_create)
                  00008fec    0000003c     drivers_msp432p4xx.aem4f : SPI.oem4f (.text:SPI_open)
                  00009028    0000003c                              : TimerMSP432.oem4f (.text:TimerMSP432_Timer32_stop)
                  00009064    0000003c                              : Timer.oem4f (.text:Timer_open)
                  000090a0    0000003c                              : UART.oem4f (.text:UART_open)
                  000090dc    00000004     --HOLE-- [fill = 0]
                  000090e0    0000003c     sysbios.aem4f : BIOS.obj (.text:ti_sysbios_family_arm_m3_Hwi_Instance_finalize__E)
                  0000911c    00000004     --HOLE-- [fill = 0]
                  00009120    0000003c                   : BIOS.obj (.text:ti_sysbios_knl_Clock_Instance_init__E)
                  0000915c    0000003c     release_pem4f.oem4f (.text:ti_sysbios_knl_Clock_create)
                  00009198    0000003c     sysbios.aem4f : BIOS.obj (.text:ti_sysbios_knl_Swi_restore__E)
                  000091d4    0000003a     drivers_msp432p4xx.aem4f : TimerMSP432.oem4f (.text:TimerMSP432_close)
                  0000920e    00000002     --HOLE-- [fill = 0]
                  00009210    00000038                              : PowerMSP432.oem4f (.text:Power_setConstraint)
                  00009248    00000038     fatfs.aem4f : ff.oem4f (.text:dir_register)
                  00009280    00000038     rtsv7M4_T_le_v4SPD16_eabi.lib : fs_tod_t2.obj (.text)
                  000092b8    00000036     drivers_msp432p4xx.aem4f : UARTMSP432.oem4f (.text:UARTMSP432_readCancel)
                  000092ee    00000036     fatfs.aem4f : ff.oem4f (.text:move_window)
                  00009324    00000036     rtsv7M4_T_le_v4SPD16_eabi.lib : strncpy.obj (.text)
                  0000935a    00000034     drivers_msp432p4xx.aem4f : TimerMSP432.oem4f (.text:TimerMSP432_Timer_A_stop)
                  0000938e    00000034     fatfs.aem4f : ff.oem4f (.text:dir_remove)
                  000093c2    00000002     --HOLE-- [fill = 0]
                  000093c4    00000034                 : ffcio.oem4f (.text:ffcio_lseek)
                  000093f8    00000034     release_pem4f.oem4f (.text:ti_sysbios_knl_Semaphore_create)
                  0000942c    00000034     fatfs.aem4f : ff.oem4f (.text:validate)
                  00009460    00000032     sysbios.aem4f : BIOS.obj (.text:ti_sysbios_hal_Hwi_initStack)
                  00009492    00000002     --HOLE-- [fill = 0]
                  00009494    00000030     msp432p4xx_driverlib.lib : spi.o (.text:is_A_Module)
                  000094c4    00000030     drivers_msp432p4xx.aem4f : SDSPIMSP432.oem4f (.text:mapPin)
                  000094f4    00000030                              : SPIMSP432DMA.oem4f (.text:mapPin)
                  00009524    00000030                              : UARTMSP432.oem4f (.text:mapPin)
                  00009554    00000030     release_pem4f.oem4f (.text:ti_sysbios_BIOS_atExitFunc__I)
                  00009584    00000030     release_pem4f.oem4f (.text:ti_sysbios_BIOS_startFunc__I)
                  000095b4    00000004     --HOLE-- [fill = 0]
                  000095b8    00000030     sysbios.aem4f : BIOS.obj (.text:ti_sysbios_family_arm_m3_TaskSupport_start__E)
                  000095e8    00000030     release_pem4f.oem4f (.text:ti_sysbios_gates_GateHwi_Object__create__S)
                  00009618    00000030     release_pem4f.oem4f (.text:ti_sysbios_gates_GateMutex_Object__create__S)
                  00009648    00000030     sysbios.aem4f : BIOS.obj (.text:ti_sysbios_gates_GateMutex_enter__E)
                  00009678    00000030     release_pem4f.oem4f (.text:ti_sysbios_heaps_HeapMem_Object__create__S)
                  000096a8    00000030     sysbios.aem4f : BIOS.obj (.text:ti_sysbios_knl_Mailbox_postInit__I)
                  000096d8    00000030     release_pem4f.oem4f (.text:ti_sysbios_knl_Semaphore_construct)
                  00009708    00000030     sysbios.aem4f : BIOS.obj (.text:ti_sysbios_knl_Semaphore_pendTimeout__I)
                  00009738    00000030                   : BIOS.obj (.text:ti_sysbios_knl_Task_processVitalTaskFlag__I)
                  00009768    00000030                   : BIOS.obj (.text:ti_sysbios_knl_Task_unblockI__E)
                  00009798    00000030                   : BIOS.obj (.text:xdc_runtime_System_processAtExit__E)
                  000097c8    0000002e     release_pem4f.oem4f (.text:malloc)
                  000097f6    0000002e     rtsv7M4_T_le_v4SPD16_eabi.lib : i_tofd_t2.obj (.text)
                  00009824    0000002c     dpl_msp432p4xx.aem4f : PowerMSP432_tirtos.oem4f (.text:PowerMSP432_updateFreqs)
                  00009850    0000002c     fatfs.aem4f : diskio.oem4f (.text:disk_register)
                  0000987c    0000002c     release_pem4f.oem4f (.text:ti_sysbios_knl_Clock_doTick__I)
                  000098a8    0000002c     release_pem4f.oem4f (.text:ti_sysbios_knl_Queue_construct)
                  000098d4    00000004     --HOLE-- [fill = 0]
                  000098d8    0000002c     sysbios.aem4f : BIOS.obj (.text:ti_sysbios_knl_Task_restore__E)
                  00009904    0000002a     display.aem4f : Display.oem4f (.text:Display_doPrintf)
                  0000992e    0000002a     drivers_msp432p4xx.aem4f : SPIMSP432DMA.oem4f (.text:perfChangeNotifyFxn)
                  00009958    0000002a     sysbios.aem4f : BIOS.obj (.text:xdc_runtime_System_putchar__I)
                  00009982    00000002     --HOLE-- [fill = 0]
                  00009984    00000028     display.aem4f : Display.oem4f (.text:Display_doInit)
                  000099ac    00000028     drivers_msp432p4xx.aem4f : PowerMSP432.oem4f (.text:Power_registerNotify)
                  000099d4    00000028                              : PowerMSP432.oem4f (.text:disableHFXT)
                  000099fc    00000028     fatfs.aem4f : diskio.oem4f (.text:disk_unregister)
                  00009a24    00000028     drivers_msp432p4xx.aem4f : UARTMSP432.oem4f (.text:findBaudDividerIndex)
                  00009a4c    00000004     --HOLE-- [fill = 0]
                  00009a50    00000028     sysbios.aem4f : BIOS.obj (.text:ti_sysbios_knl_Clock_addI__E)
                  00009a78    00000028                   : BIOS.obj (.text:ti_sysbios_knl_Swi_Module_startup__E)
                  00009aa0    00000026     drivers_msp432p4xx.aem4f : List.oem4f (.text:List_put)
                  00009ac6    00000026     sysbios.aem4f : m3_Hwi_asm.obj (.text:ti_sysbios_family_arm_m3_Hwi_pendSV__I)
                  00009aec    00000024     msp432p4xx_driverlib.lib : cs.o (.text:CS_setDCOCenteredFrequency)
                  00009b10    00000024     drivers_msp432p4xx.aem4f : SPIMSP432DMA.oem4f (.text:SPIMSP432DMA_transferCancel)
                  00009b34    00000024     msp432p4xx_driverlib.lib : timer32.o (.text:Timer32_setCount)
                  00009b58    00000024     fatfs.aem4f : diskio.oem4f (.text:disk_ioctl)
                  00009b7c    00000024                 : diskio.oem4f (.text:disk_read)
                  00009ba0    00000024                 : ff.oem4f (.text:f_close)
                  00009bc4    00000004     --HOLE-- [fill = 0]
                  00009bc8    00000024     sysbios.aem4f : BIOS.obj (.text:pthread_attr_init)
                  00009bec    00000024     release_pem4f.oem4f (.text:ti_sysbios_BIOS_registerRTSLock__I)
                  00009c10    00000024     release_pem4f.oem4f (.text:ti_sysbios_BIOS_removeRTSLock__I)
                  00009c34    00000004     --HOLE-- [fill = 0]
                  00009c38    00000024     sysbios.aem4f : BIOS.obj (.text:ti_sysbios_family_arm_msp432_ClockFreqs_setFrequency__E)
                  00009c5c    00000024     release_pem4f.oem4f (.text:ti_sysbios_gates_GateMutex_Object__delete__S)
                  00009c80    00000024     sysbios.aem4f : BIOS.obj (.text:ti_sysbios_knl_Clock_Module_startup__E)
                  00009ca4    00000024     release_pem4f.oem4f (.text:ti_sysbios_knl_Clock_Object__delete__S)
                  00009cc8    00000024     sysbios.aem4f : BIOS.obj (.text:ti_sysbios_knl_Clock_start__E)
                  00009cec    00000004     --HOLE-- [fill = 0]
                  00009cf0    00000024                   : BIOS.obj (.text:ti_sysbios_knl_Semaphore_Instance_init__E)
                  00009d14    00000024     release_pem4f.oem4f (.text:ti_sysbios_knl_Semaphore_Object__delete__S)
                  00009d38    00000024     sysbios.aem4f : BIOS.obj (.text:ti_sysbios_knl_Task_restoreHwi__E)
                  00009d5c    00000004     --HOLE-- [fill = 0]
                  00009d60    00000024                   : BIOS.obj (.text:xdc_runtime_Error_policyMin__E)
                  00009d84    00000004     --HOLE-- [fill = 0]
                  00009d88    00000024                   : BIOS.obj (.text:xdc_runtime_System_abort__E)
                  00009dac    00000020     drivers_msp432p4xx.aem4f : GPIOMSP432.oem4f (.text:GPIO_read)
                  00009dcc    00000020                              : PowerMSP432.oem4f (.text:Power_unregisterNotify)
                  00009dec    00000020                              : RingBuf.oem4f (.text:RingBuf_peek)
                  00009e0c    00000020     msp432p4xx_driverlib.lib : timer32.o (.text:Timer32_startTimer)
                  00009e2c    00000020                              : timer_a.o (.text:Timer_A_disableCaptureCompareInterrupt)
                  00009e4c    00000020                              : timer_a.o (.text:Timer_A_enableCaptureCompareInterrupt)
                  00009e6c    00000020     drivers_msp432p4xx.aem4f : UDMAMSP432.oem4f (.text:UDMAMSP432_close)
                  00009e8c    00000020     fatfs.aem4f : diskio.oem4f (.text:disk_write)
                  00009eac    00000020                 : ffcio.oem4f (.text:ffcio_close)
                  00009ecc    00000020                 : ffcio.oem4f (.text:ffcio_read)
                  00009eec    00000020                 : ffcio.oem4f (.text:ffcio_write)
                  00009f0c    00000020     rtsv7M4_T_le_v4SPD16_eabi.lib : memchr.obj (.text)
                  00009f2c    00000020     drivers_msp432p4xx.aem4f : SDSPIMSP432.oem4f (.text:takeSPIBus)
                  00009f4c    00000020     release_pem4f.oem4f (.text:ti_sysbios_BIOS_rtsLock__I)
                  00009f6c    00000020     release_pem4f.oem4f (.text:ti_sysbios_family_arm_m3_Hwi_Object__delete__S)
                  00009f8c    00000020     sysbios.aem4f : m3_Hwi_asm.obj (.text:ti_sysbios_family_arm_m3_Hwi_excHandlerAsm__I)
                  00009fac    00000004     --HOLE-- [fill = 0]
                  00009fb0    00000020                   : BIOS.obj (.text:ti_sysbios_family_arm_m3_Hwi_excHandler__I)
                  00009fd0    00000020     release_pem4f.oem4f (.text:ti_sysbios_gates_GateHwi_Object__delete__S)
                  00009ff0    00000020     release_pem4f.oem4f (.text:ti_sysbios_heaps_HeapMem_Object__delete__S)
                  0000a010    00000020     sysbios.aem4f : BIOS.obj (.text:ti_sysbios_knl_Idle_run__E)
                  0000a030    00000020     release_pem4f.oem4f (.text:ti_sysbios_knl_Semaphore_destruct)
                  0000a050    0000001e     fatfs.aem4f : ff.oem4f (.text:ld_clust)
                  0000a06e    0000001e     sysbios.aem4f : m3_Hwi_asm_switch.obj (.text:ti_sysbios_family_xxx_Hwi_switchAndRunFunc)
                  0000a08c    0000001c     drivers_msp432p4xx.aem4f : TimerMSP432.oem4f (.text:TimerMSP432_Timer32_getCount)
                  0000a0a8    0000001c                              : TimerMSP432.oem4f (.text:TimerMSP432_Timer_A_getCount)
                  0000a0c4    0000001c     msp432p4xx_driverlib.lib : timer_a.o (.text:Timer_A_getCounterValue)
                  0000a0e0    0000001c     sysbios.aem4f : BIOS.obj (.text:_pthread_cleanup_pop)
                  0000a0fc    0000001c     fatfs.aem4f : diskio.oem4f (.text:disk_initialize)
                  0000a118    0000001c                 : diskio.oem4f (.text:disk_status)
                  0000a134    0000001c     MSP_EXP432P401R.obj (.text:dmaErrorHwi)
                  0000a150    0000001c     fatfs.aem4f : ff.oem4f (.text:mem_cmp)
                  0000a16c    00000004     --HOLE-- [fill = 0]
                  0000a170    0000001c     sysbios.aem4f : BIOS.obj (.text:ti_sysbios_gates_GateMutex_Instance_init__E)
                  0000a18c    00000004     --HOLE-- [fill = 0]
                  0000a190    0000001c                   : BIOS.obj (.text:ti_sysbios_knl_Clock_Instance_finalize__E)
                  0000a1ac    0000001c     release_pem4f.oem4f (.text:ti_sysbios_knl_Queue_destruct)
                  0000a1c8    0000001c     sysbios.aem4f : BIOS.obj (.text:ti_sysbios_knl_Queue_put__E)
                  0000a1e4    00000004     --HOLE-- [fill = 0]
                  0000a1e8    0000001c                   : BIOS.obj (.text:ti_sysbios_knl_Task_enter__I)
                  0000a204    00000004     --HOLE-- [fill = 0]
                  0000a208    0000001c                   : BIOS.obj (.text:xdc_runtime_Memory_valloc__E)
                  0000a224    0000001a     msp432p4xx_driverlib.lib : timer_a.o (.text:Timer_A_clearCaptureCompareInterrupt)
                  0000a23e    0000001a     fatfs.aem4f : ff.oem4f (.text:unlock_fs)
                  0000a258    00000018     release_pem4f.oem4f (.text:.bootCodeSection:ti_sysbios_family_arm_msp432_init_Boot_init__I)
                  0000a270    00000018     drivers_msp432p4xx.aem4f : PowerMSP432.oem4f (.text:Power_idleFunc)
                  0000a288    00000018                              : UART.oem4f (.text:UART_Params_init)
                  0000a2a0    00000018     fatfs.aem4f : ff.oem4f (.text:clust2sect)
                  0000a2b8    00000018                 : ffosal.oem4f (.text:ff_cre_syncobj)
                  0000a2d0    00000018     release_pem4f.oem4f (.text:free)
                  0000a2e8    00000018     sysbios.aem4f : BIOS.obj (.text:pthread_attr_setschedparam)
                  0000a300    00000018     rtsv7M4_T_le_v4SPD16_eabi.lib : args_main.obj (.text)
                  0000a318    00000018                                   : strcmp.obj (.text)
                  0000a330    00000018     release_pem4f.oem4f (.text:ti_sysbios_BIOS_rtsUnlock__I)
                  0000a348    00000018     release_pem4f.oem4f (.text:ti_sysbios_family_arm_m3_Hwi_Module__startupDone__F)
                  0000a360    00000018     sysbios.aem4f : m3_TaskSupport_asm.obj (.text:ti_sysbios_family_arm_m3_TaskSupport_swap__E)
                  0000a378    00000018     release_pem4f.oem4f (.text:ti_sysbios_family_arm_msp432_Timer_Module__startupDone__F)
                  0000a390    00000018     release_pem4f.oem4f (.text:ti_sysbios_gates_GateHwi_Handle__label__S)
                  0000a3a8    00000018     release_pem4f.oem4f (.text:ti_sysbios_gates_GateMutex_Handle__label__S)
                  0000a3c0    00000018     sysbios.aem4f : BIOS.obj (.text:ti_sysbios_gates_GateMutex_leave__E)
                  0000a3d8    00000018     release_pem4f.oem4f (.text:ti_sysbios_heaps_HeapMem_Handle__label__S)
                  0000a3f0    00000018     release_pem4f.oem4f (.text:time)
                  0000a408    00000018     sysbios.aem4f : BIOS.obj (.text:xdc_runtime_Error_init__E)
                  0000a420    00000018                   : BIOS.obj (.text:xdc_runtime_System_exit__E)
                  0000a438    00000016     display.aem4f : DisplayUart.oem4f (.text:DisplayUartMin_close)
                  0000a44e    00000016     drivers_msp432p4xx.aem4f : List.oem4f (.text:List_remove)
                  0000a464    00000004     --HOLE-- [fill = 0]
                  0000a468    00000016     sysbios.aem4f : BIOS.obj (.text:clock_settime)
                  0000a47e    00000016     fatfs.aem4f : ff.oem4f (.text:mem_cpy)
                  0000a494    00000016     rtsv7M4_T_le_v4SPD16_eabi.lib : strchr.obj (.text)
                  0000a4aa    00000016     release_pem4f.oem4f (.text:ti_sysbios_BIOS_exitFunc__I)
                  0000a4c0    00000016     sysbios.aem4f : BIOS.obj (.text:ti_sysbios_knl_Task_unblock__E)
                  0000a4d6    00000002     --HOLE-- [fill = 0]
                  0000a4d8    00000014     drivers_msp432p4xx.aem4f : UARTMSP432.oem4f (.text:clearTXCPTIFG)
                  0000a4ec    00000014     fatfs.aem4f : ffosal.oem4f (.text:ff_req_grant)
                  0000a500    00000014                 : ff.oem4f (.text:mem_set)
                  0000a514    00000004     --HOLE-- [fill = 0]
                  0000a518    00000014     sysbios.aem4f : BIOS.obj (.text:pthread_barrier_init)
                  0000a52c    00000014     rtsv7M4_T_le_v4SPD16_eabi.lib : _lock.obj (.text)
                  0000a540    00000014                                   : strcpy.obj (.text)
                  0000a554    00000014                                   : strlen.obj (.text)
                  0000a568    00000014     sysbios.aem4f : BIOS.obj (.text:sem_init)
                  0000a57c    00000014     release_pem4f.oem4f (.text:ti_sysbios_family_arm_m3_Hwi_Object__get__S)
                  0000a590    00000014     sysbios.aem4f : BIOS.obj (.text:ti_sysbios_family_arm_m3_Hwi_switchFromBootStack__E)
                  0000a5a4    00000014     release_pem4f.oem4f (.text:ti_sysbios_heaps_HeapMem_Object__get__S)
                  0000a5b8    00000014     release_pem4f.oem4f (.text:ti_sysbios_knl_Swi_Object__get__S)
                  0000a5cc    00000012     dpl_msp432p4xx.aem4f : ClockP_tirtos.oem4f (.text:ClockP_start)
                  0000a5de    00000012     drivers_msp432p4xx.aem4f : RingBuf.oem4f (.text:RingBuf_construct)
                  0000a5f0    00000012                              : SDSPIMSP432.oem4f (.text:SDSPIMSP432_init)
                  0000a602    00000012     dpl_msp432p4xx.aem4f : SemaphoreP_tirtos.oem4f (.text:SemaphoreP_pend)
                  0000a614    00000012     fatfs.aem4f : ff.oem4f (.text:chk_chr)
                  0000a626    00000012                 : ffcio.oem4f (.text:ffcio_rename)
                  0000a638    00000012                 : ffcio.oem4f (.text:ffcio_unlink)
                  0000a64a    00000006     display.aem4f : DisplayUart.oem4f (.text:DisplayUartMin_control)
                  0000a650    00000012     sysbios.aem4f : BIOS.obj (.text:ti_sysbios_hal_Hwi_Module_startup__E)
                  0000a662    00000012     release_pem4f.oem4f (.text:xdc_runtime_Startup_exec__I)
                  0000a674    00000010     drivers_msp432p4xx.aem4f : PowerMSP432.oem4f (.text:PowerMSP432_getNumPerfLevels)
                  0000a684    00000010                              : SDSPIMSP432.oem4f (.text:SDSPIMSP432_diskStatus)
                  0000a694    00000010                              : SDSPI.oem4f (.text:SDSPI_Params_init)
                  0000a6a4    00000010     msp432p4xx_driverlib.lib : sysctl.o (.text:SysCtl_disableNMISource)
                  0000a6b4    00000010                              : sysctl.o (.text:SysCtl_enableNMISource)
                  0000a6c4    00000010                              : sysctl.o (.text:SysCtl_getNMISourceStatus)
                  0000a6d4    00000010     drivers_msp432p4xx.aem4f : TimerMSP432.oem4f (.text:TimerMSP432_Timer32_control)
                  0000a6e4    00000010     msp432p4xx_driverlib.lib : timer_a.o (.text:Timer_A_clearTimer)
                  0000a6f4    00000010     drivers_msp432p4xx.aem4f : Timer.oem4f (.text:Timer_Params_init)
                  0000a704    00000010                              : UARTMSP432.oem4f (.text:readBlockingTimeout)
                  0000a714    00000010     fatfs.aem4f : ff.oem4f (.text:st_clust)
                  0000a724    00000004     --HOLE-- [fill = 0]
                  0000a728    00000010     sysbios.aem4f : BIOS.obj (.text:ti_sysbios_BIOS_exit__E)
                  0000a738    00000010                   : BIOS.obj (.text:ti_sysbios_BIOS_setCpuFreq__E)
                  0000a748    00000010                   : BIOS.obj (.text:ti_sysbios_BIOS_setThreadType__E)
                  0000a758    00000010                   : BIOS.obj (.text:ti_sysbios_BIOS_start__E)
                  0000a768    00000010                   : m3_TaskSupport_asm.obj (.text:ti_sysbios_family_arm_m3_TaskSupport_glue)
                  0000a778    00000010                   : BIOS.obj (.text:ti_sysbios_family_arm_msp432_init_Boot_disableWatchdog)
                  0000a788    00000010                   : BIOS.obj (.text:ti_sysbios_gates_GateMutex_Instance_finalize__E)
                  0000a798    00000010     release_pem4f.oem4f (.text:ti_sysbios_knl_Mailbox_Object__get__S)
                  0000a7a8    00000010     sysbios.aem4f : BIOS.obj (.text:ti_sysbios_knl_Semaphore_Instance_finalize__E)
                  0000a7b8    00000010                   : BIOS.obj (.text:ti_sysbios_knl_Swi_disable__E)
                  0000a7c8    00000010     release_pem4f.oem4f (.text:ti_sysbios_knl_Task_Object__get__S)
                  0000a7d8    00000010     sysbios.aem4f : BIOS.obj (.text:ti_sysbios_knl_Task_disable__E)
                  0000a7e8    00000010                   : BIOS.obj (.text:xdc_runtime_Gate_leaveSystem__E)
                  0000a7f8    00000010                   : BIOS.obj (.text:xdc_runtime_Memory_free__E)
                  0000a808    00000010                   : BIOS.obj (.text:xdc_runtime_SysCallback_abort__E)
                  0000a818    00000010                   : BIOS.obj (.text:xdc_runtime_SysCallback_exit__E)
                  0000a828    00000010                   : BIOS.obj (.text:xdc_runtime_SysCallback_putch__E)
                  0000a838    00000010                   : BIOS.obj (.text:xdc_runtime_SysCallback_ready__E)
                  0000a848    00000010                   : BIOS.obj (.text:xdc_runtime_System_vsnprintf__E)
                  0000a858    0000000e     dpl_msp432p4xx.aem4f : ClockP_tirtos.oem4f (.text:ClockP_delete)
                  0000a866    0000000e                          : HwiP_tirtos.oem4f (.text:HwiP_Params_init)
                  0000a874    0000000e                          : HwiP_tirtos.oem4f (.text:HwiP_delete)
                  0000a882    0000000e                          : SemaphoreP_tirtos.oem4f (.text:SemaphoreP_delete)
                  0000a890    0000000e     rtsv7M4_T_le_v4SPD16_eabi.lib : copy_decompress_none.obj (.text:decompress:none)
                  0000a89e    00000002     --HOLE-- [fill = 0]
                  0000a8a0    0000000e     sysbios.aem4f : BIOS.obj (.text:pthread_attr_setdetachstate)
                  0000a8ae    00000002     --HOLE-- [fill = 0]
                  0000a8b0    0000000e                   : BIOS.obj (.text:sem_wait)
                  0000a8be    00000002     --HOLE-- [fill = 0]
                  0000a8c0    0000000e                   : BIOS.obj (.text:ti_sysbios_knl_Idle_loop__E)
                  0000a8ce    00000002     --HOLE-- [fill = 0]
                  0000a8d0    0000000e                   : BIOS.obj (.text:ti_sysbios_knl_Queue_empty__E)
                  0000a8de    0000000c     msp432p4xx_driverlib.lib : cpu.o (.text:CPU_cpsid)
                  0000a8ea    0000000c                              : cpu.o (.text:CPU_cpsie)
                  0000a8f6    00000002     --HOLE-- [fill = 0]
                  0000a8f8    0000000c     dpl_msp432p4xx.aem4f : ClockP_tirtos.oem4f (.text:ClockP_getSystemTickPeriod)
                  0000a904    0000000c     drivers_msp432p4xx.aem4f : PowerMSP432.oem4f (.text:Power_getConstraintMask)
                  0000a910    0000000c                              : PowerMSP432.oem4f (.text:Power_getPerformanceLevel)
                  0000a91c    0000000c     msp432p4xx_driverlib.lib : timer_a.o (.text:Timer_A_stopTimer)
                  0000a928    0000000c     rtsv7M4_T_le_v4SPD16_eabi.lib : copy_zero_init.obj (.text:decompress:ZI)
                  0000a934    00000004     --HOLE-- [fill = 0]
                  0000a938    0000000c     sysbios.aem4f : BIOS.obj (.text:pthread_self)
                  0000a944    0000000c     release_pem4f.oem4f (.text:ti_sysbios_family_arm_m3_Hwi_Params__init__S)
                  0000a950    0000000c     sysbios.aem4f : BIOS.obj (.text:ti_sysbios_family_arm_m3_Hwi_disableFxn__E)
                  0000a95c    00000004     --HOLE-- [fill = 0]
                  0000a960    0000000c                   : BIOS.obj (.text:ti_sysbios_family_arm_m3_TaskSupport_getStackAlignment__E)
                  0000a96c    00000004     --HOLE-- [fill = 0]
                  0000a970    0000000c                   : BIOS.obj (.text:ti_sysbios_family_arm_msp432_Timer_getMaxTicks__E)
                  0000a97c    00000004     --HOLE-- [fill = 0]
                  0000a980    0000000c                   : BIOS.obj (.text:ti_sysbios_gates_GateHwi_enter__E)
                  0000a98c    0000000c     release_pem4f.oem4f (.text:ti_sysbios_knl_Clock_Params__init__S)
                  0000a998    0000000c     sysbios.aem4f : BIOS.obj (.text:ti_sysbios_knl_Clock_getTicks__E)
                  0000a9a4    0000000c     release_pem4f.oem4f (.text:ti_sysbios_knl_Queue_Object__get__S)
                  0000a9b0    0000000c     release_pem4f.oem4f (.text:ti_sysbios_knl_Semaphore_Params__init__S)
                  0000a9bc    0000000c     release_pem4f.oem4f (.text:ti_sysbios_knl_Task_Params__init__S)
                  0000a9c8    0000000c     sysbios.aem4f : BIOS.obj (.text:xdc_runtime_Gate_enterSystem__E)
                  0000a9d4    00000004     --HOLE-- [fill = 0]
                  0000a9d8    0000000c                   : BIOS.obj (.text:xdc_runtime_Startup_rtsDone__E)
                  0000a9e4    0000000a     dpl_msp432p4xx.aem4f : ClockP_tirtos.oem4f (.text:ClockP_stop)
                  0000a9ee    0000000a     drivers_msp432p4xx.aem4f : SDSPI.oem4f (.text:SDSPI_close)
                  0000a9f8    0000000a                              : SPI.oem4f (.text:SPI_close)
                  0000aa02    0000000a                              : SPI.oem4f (.text:SPI_transfer)
                  0000aa0c    0000000a     dpl_msp432p4xx.aem4f : SemaphoreP_tirtos.oem4f (.text:SemaphoreP_Params_init)
                  0000aa16    0000000a                          : SemaphoreP_tirtos.oem4f (.text:SemaphoreP_post)
                  0000aa20    0000000a     msp432p4xx_driverlib.lib : timer32.o (.text:Timer32_clearInterruptFlag)
                  0000aa2a    0000000a                              : timer32.o (.text:Timer32_disableInterrupt)
                  0000aa34    0000000a                              : timer32.o (.text:Timer32_enableInterrupt)
                  0000aa3e    0000000a                              : timer32.o (.text:Timer32_haltTimer)
                  0000aa48    0000000a     drivers_msp432p4xx.aem4f : TimerMSP432.oem4f (.text:TimerMSP432_init)
                  0000aa52    0000000a                              : Timer.oem4f (.text:Timer_getCount)
                  0000aa5c    0000000a                              : Timer.oem4f (.text:Timer_start)
                  0000aa66    0000000a                              : Timer.oem4f (.text:Timer_stop)
                  0000aa70    0000000a                              : UART.oem4f (.text:UART_close)
                  0000aa7a    0000000a                              : UART.oem4f (.text:UART_control)
                  0000aa84    0000000a                              : UART.oem4f (.text:UART_write)
                  0000aa8e    0000000a     fatfs.aem4f : ffosal.oem4f (.text:ff_del_syncobj)
                  0000aa98    0000000a     sysbios.aem4f : BIOS.obj (.text:sem_post)
                  0000aaa2    0000000a     release_pem4f.oem4f (.text:xdc_runtime_IHeap_alloc)
                  0000aaac    0000000a     release_pem4f.oem4f (.text:xdc_runtime_IHeap_free)
                  0000aab6    00000008     dpl_msp432p4xx.aem4f : ClockP_tirtos.oem4f (.text:ClockP_Params_init)
                  0000aabe    00000008     MSP_EXP432P401R.obj (.text:MSP_EXP432P401R_initGeneral)
                  0000aac6    00000008     msp432p4xx_driverlib.lib : timer_a.o (.text:Timer_A_startCounter)
                  0000aace    00000008     drivers_msp432p4xx.aem4f : SPIMSP432DMA.oem4f (.text:blockingTransferCallback)
                  0000aad6    00000002     --HOLE-- [fill = 0]
                  0000aad8    00000008     sysbios.aem4f : BIOS.obj (.text:pthread_attr_setstacksize)
                  0000aae0    00000008     drivers_msp432p4xx.aem4f : UARTMSP432.oem4f (.text:readSemCallback)
                  0000aae8    00000008     sysbios.aem4f : BIOS.obj (.text:ti_sysbios_family_arm_m3_Hwi_doSwiRestore__I)
                  0000aaf0    00000008                   : BIOS.obj (.text:ti_sysbios_family_arm_m3_Hwi_startup__E)
                  0000aaf8    00000008     drivers_msp432p4xx.aem4f : UARTMSP432.oem4f (.text:txcptEnabledStatus)
                  0000ab00    00000008                              : UARTMSP432.oem4f (.text:writeSemCallback)
                  0000ab08    00000006     display.aem4f : DisplayUart.oem4f (.text:DisplayUartMin_getType)
                  0000ab0e    00000006     drivers_msp432p4xx.aem4f : SDSPIMSP432.oem4f (.text:SDSPIMSP432_control)
                  0000ab14    00000006                              : SPIMSP432DMA.oem4f (.text:SPIMSP432DMA_control)
                  0000ab1a    00000006                              : TimerMSP432.oem4f (.text:TimerMSP432_Timer_A_control)
                  0000ab20    00000006     fatfs.aem4f : ff.oem4f (.text:lock_fs)
                  0000ab26    00000002     --HOLE-- [fill = 0]
                  0000ab28    00000006     sysbios.aem4f : BIOS.obj (.text:ti_sysbios_family_arm_m3_Hwi_doTaskRestore__I)
                  0000ab2e    00000002     --HOLE-- [fill = 0]
                  0000ab30    00000006                   : BIOS.obj (.text:ti_sysbios_family_arm_m3_Hwi_restoreFxn__E)
                  0000ab36    00000002     --HOLE-- [fill = 0]
                  0000ab38    00000006                   : BIOS.obj (.text:ti_sysbios_gates_GateHwi_leave__E)
                  0000ab3e    00000002     --HOLE-- [fill = 0]
                  0000ab40    00000006                   : BIOS.obj (.text:ti_sysbios_heaps_HeapMem_isBlocking__E)
                  0000ab46    00000002     --HOLE-- [fill = 0]
                  0000ab48    00000006                   : BIOS.obj (.text:ti_sysbios_knl_Clock_stop__E)
                  0000ab4e    00000002     --HOLE-- [fill = 0]
                  0000ab50    00000006                   : BIOS.obj (.text:ti_sysbios_knl_Queue_Instance_init__E)
                  0000ab56    00000002     --HOLE-- [fill = 0]
                  0000ab58    00000006                   : BIOS.obj (.text:ti_sysbios_knl_Swi_startup__E)
                  0000ab5e    00000002     --HOLE-- [fill = 0]
                  0000ab60    00000006                   : BIOS.obj (.text:xdc_runtime_System_Module_startup__E)
                  0000ab66    00000002     --HOLE-- [fill = 0]
                  0000ab68    00000004                   : BIOS.obj (.text:ti_sysbios_gates_GateHwi_query__E)
                  0000ab6c    00000004     --HOLE-- [fill = 0]
                  0000ab70    00000004                   : BIOS.obj (.text:ti_sysbios_gates_GateMutex_query__E)
                  0000ab74    00000004     --HOLE-- [fill = 0]
                  0000ab78    00000004                   : BIOS.obj (.text:ti_sysbios_knl_Clock_setTimeout__E)
                  0000ab7c    00000004     --HOLE-- [fill = 0]
                  0000ab80    00000004                   : BIOS.obj (.text:ti_sysbios_knl_Task_startup__E)
                  0000ab84    00000004     --HOLE-- [fill = 0]
                  0000ab88    00000004                   : BIOS.obj (.text:xdc_runtime_SysCallback_defaultReady)
                  0000ab8c    00000004     --HOLE-- [fill = 0]
                  0000ab90    00000002                   : BIOS.obj (.text:ti_sysbios_BIOS_linkedWithIncorrectBootLibrary__E)
                  0000ab92    00000006     --HOLE-- [fill = 0]
                  0000ab98    00000002                   : BIOS.obj (.text:ti_sysbios_gates_GateHwi_Instance_init__E)
                  0000ab9a    00000006     --HOLE-- [fill = 0]
                  0000aba0    00000002                   : BIOS.obj (.text:ti_sysbios_knl_Clock_logTick__E)
                  0000aba2    00000006     --HOLE-- [fill = 0]
                  0000aba8    00000002                   : BIOS.obj (.text:xdc_runtime_SysCallback_defaultAbort)
                  0000abaa    00000006     --HOLE-- [fill = 0]
                  0000abb0    00000002                   : BIOS.obj (.text:xdc_runtime_SysCallback_defaultExit)
                  0000abb2    00000006     --HOLE-- [fill = 0]
                  0000abb8    00000002                   : BIOS.obj (.text:xdc_runtime_SysCallback_defaultPutch)
                  0000abba    00000006     --HOLE-- [fill = 0]
                  0000abc0    00000002                   : BIOS.obj (.text:xdc_runtime_System_abortSpin__E)
                  0000abc2    00000006     --HOLE-- [fill = 0]
                  0000abc8    00000002                   : BIOS.obj (.text:xdc_runtime_System_exitSpin__E)

.const     0    0000abcc    000008f8     
                  0000abcc    00000090     MSP_EXP432P401R.obj (.const:spiMSP432DMAHWAttrs)
                  0000ac5c    00000090     MSP_EXP432P401R.obj (.const:uartMSP432Baudrates)
                  0000acec    00000060     rtsv7M4_T_le_v4SPD16_eabi.lib : mktime.obj (.const:$O1$$)
                  0000ad4c    00000050     drivers_msp432p4xx.aem4f : TimerMSP432.oem4f (.const:timerADividers)
                  0000ad9c    00000050     MSP_EXP432P401R.obj (.const:timerMSP432HWAttrs)
                  0000adec    00000050     MSP_EXP432P401R.obj (.const:uartMSP432HWAttrs)
                  0000ae3c    00000048     release_pem4f.oem4f (.const:.string)
                  0000ae84    0000003c     MSP_EXP432P401R.obj (.const:Timer_config)
                  0000aec0    0000003c     release_pem4f.oem4f (.const:ti_sysbios_knl_Task_Object__PARAMS__C)
                  0000aefc    00000030     MSP_EXP432P401R.obj (.const:SPI_config)
                  0000af2c    00000030     release_pem4f.oem4f (.const:ti_sysbios_family_arm_m3_Hwi_Object__PARAMS__C)
                  0000af5c    00000028     drivers_msp432p4xx.aem4f : UARTMSP432.oem4f (.const:UARTMSP432_fxnTable)
                  0000af84    00000028     release_pem4f.oem4f (.const:ti_sysbios_heaps_HeapMem_Module__FXNS__C)
                  0000afac    00000024     drivers_msp432p4xx.aem4f : UART.oem4f (.const:UART_defaultParams)
                  0000afd0    00000024     release_pem4f.oem4f (.const:ti_sysbios_gates_GateHwi_Module__FXNS__C)
                  0000aff4    00000024     release_pem4f.oem4f (.const:ti_sysbios_gates_GateMutex_Module__FXNS__C)
                  0000b018    00000024     release_pem4f.oem4f (.const:ti_sysbios_heaps_HeapMem_Object__PARAMS__C)
                  0000b03c    00000024     release_pem4f.oem4f (.const:ti_sysbios_knl_Clock_Object__PARAMS__C)
                  0000b060    00000024     release_pem4f.oem4f (.const:ti_sysbios_knl_Semaphore_Object__PARAMS__C)
                  0000b084    00000024     release_pem4f.oem4f (.const:xdc_runtime_Startup_sfxnTab__A)
                  0000b0a8    00000020     display.aem4f : DisplayUart.oem4f (.const:DisplayUartMin_fxnTable)
                  0000b0c8    00000020     drivers_msp432p4xx.aem4f : SPI.oem4f (.const:SPI_defaultParams)
                  0000b0e8    00000020                              : UARTMSP432.oem4f (.const:staticFxnTable)
                  0000b108    00000020     release_pem4f.oem4f (.const:ti_sysbios_family_arm_m3_Hwi_Object__DESC__C)
                  0000b128    00000020     release_pem4f.oem4f (.const:ti_sysbios_gates_GateHwi_Object__DESC__C)
                  0000b148    00000020     release_pem4f.oem4f (.const:ti_sysbios_gates_GateMutex_Object__DESC__C)
                  0000b168    00000020     release_pem4f.oem4f (.const:ti_sysbios_heaps_HeapMem_Object__DESC__C)
                  0000b188    00000020     release_pem4f.oem4f (.const:ti_sysbios_knl_Clock_Object__DESC__C)
                  0000b1a8    00000020     release_pem4f.oem4f (.const:ti_sysbios_knl_Queue_Object__DESC__C)
                  0000b1c8    00000020     release_pem4f.oem4f (.const:ti_sysbios_knl_Semaphore_Object__DESC__C)
                  0000b1e8    00000020     release_pem4f.oem4f (.const:ti_sysbios_knl_Task_Object__DESC__C)
                  0000b208    00000018     MSP_EXP432P401R.obj (.const:PowerMSP432_config)
                  0000b220    00000018     drivers_msp432p4xx.aem4f : SPIMSP432DMA.oem4f (.const:SPIMSP432DMA_fxnTable)
                  0000b238    00000018     MSP_EXP432P401R.obj (.const:UART_config)
                  0000b250    00000018     release_pem4f.oem4f (.const:ti_sysbios_gates_GateHwi_Object__PARAMS__C)
                  0000b268    00000018     release_pem4f.oem4f (.const:ti_sysbios_gates_GateMutex_Object__PARAMS__C)
                  0000b280    00000018     release_pem4f.oem4f (.const:ti_sysbios_knl_Queue_Object__PARAMS__C)
                  0000b298    00000014     MSP_EXP432P401R.obj (.const:GPIOMSP432_config)
                  0000b2ac    00000014     MSP_EXP432P401R.obj (.const:displayUartHWAttrs)
                  0000b2c0    00000012     sdCardThread.obj (.const:.string:outputfile)
                  0000b2d2    00000012     release_pem4f.oem4f (.const:xdc_runtime_Startup_sfxnRts__A)
                  0000b2e4    00000010     drivers_msp432p4xx.aem4f : SDSPIMSP432.oem4f (.const:SDSPIMSP432_fxnTable)
                  0000b2f4    00000010     MSP_EXP432P401R.obj (.const:sdspiMSP432HWAttrs)
                  0000b304    0000000c     MSP_EXP432P401R.obj (.const:Display_config)
                  0000b310    0000000c     MSP_EXP432P401R.obj (.const)
                  0000b31c    0000000c     MSP_EXP432P401R.obj (.const:SDSPI_config)
                  0000b328    0000000c     drivers_msp432p4xx.aem4f : Timer.oem4f (.const:defaultParams)
                  0000b334    0000000c                              : SPIMSP432DMA.oem4f (.const:frameFormat)
                  0000b340    0000000c     release_pem4f.oem4f (.const:ti_sysbios_family_arm_msp432_Seconds_daysPerMonthLeap__A)
                  0000b34c    0000000c     release_pem4f.oem4f (.const:ti_sysbios_family_arm_msp432_Seconds_daysPerMonthNonLeap__A)
                  0000b358    0000000c     drivers_msp432p4xx.aem4f : TimerMSP432.oem4f (.const:timer32Dividers)
                  0000b364    0000000c     MSP_EXP432P401R.obj (.const:udmaMSP432HWAttrs)
                  0000b370    0000000c     release_pem4f.oem4f (.const:xdc_runtime_Startup_firstFxns__A)
                  0000b37c    00000008     drivers_msp432p4xx.aem4f : SDSPI.oem4f (.const:SDSPI_defaultParams)
                  0000b384    00000008     MSP_EXP432P401R.obj (.const:UDMAMSP432_config)
                  0000b38c    00000008     release_pem4f.oem4f (.const:ti_sysbios_knl_Idle_funcList__C)
                  0000b394    00000008     sdCardThread.obj (.const:ts)
                  0000b39c    00000008     release_pem4f.oem4f (.const:xdc_runtime_Startup_firstFxns__C)
                  0000b3a4    00000008     release_pem4f.oem4f (.const:xdc_runtime_Startup_lastFxns__C)
                  0000b3ac    00000006     drivers_msp432p4xx.aem4f : GPIOMSP432.oem4f (.const:.string:interruptType)
                  0000b3b2    00000006                              : GPIOMSP432.oem4f (.const:.string:portInterruptIds)
                  0000b3b8    00000005                              : UARTMSP432.oem4f (.const:.string:parityTypes)
                  0000b3bd    00000001     display.aem4f : Display.oem4f (.const:Display_defaultParams)
                  0000b3be    00000004     drivers_msp432p4xx.aem4f : UARTMSP432.oem4f (.const:stopBits)
                  0000b3c2    00000002     accelThread.obj (.const:.string:$P$T0$1)
                  0000b3c4    00000004     release_pem4f.oem4f (.const:ti_sysbios_family_arm_m3_Hwi_E_alreadyDefined__C)
                  0000b3c8    00000004     release_pem4f.oem4f (.const:ti_sysbios_family_arm_m3_Hwi_NUM_INTERRUPTS__C)
                  0000b3cc    00000004     release_pem4f.oem4f (.const:ti_sysbios_family_arm_m3_Hwi_Object__count__C)
                  0000b3d0    00000004     release_pem4f.oem4f (.const:ti_sysbios_family_arm_m3_Hwi_ccr__C)
                  0000b3d4    00000004     release_pem4f.oem4f (.const:ti_sysbios_family_arm_m3_Hwi_excHandlerFunc__C)
                  0000b3d8    00000004     release_pem4f.oem4f (.const:ti_sysbios_family_arm_m3_Hwi_nullIsrFunc__C)
                  0000b3dc    00000004     release_pem4f.oem4f (.const:ti_sysbios_family_arm_m3_Hwi_priGroup__C)
                  0000b3e0    00000004     release_pem4f.oem4f (.const:ti_sysbios_family_arm_m3_Hwi_swiDisable__C)
                  0000b3e4    00000004     release_pem4f.oem4f (.const:ti_sysbios_family_arm_m3_Hwi_swiRestoreHwi__C)
                  0000b3e8    00000004     release_pem4f.oem4f (.const:ti_sysbios_family_arm_m3_TaskSupport_stackAlignment__C)
                  0000b3ec    00000004     release_pem4f.oem4f (.const:ti_sysbios_family_arm_msp432_Seconds_daysPerMonthLeap__C)
                  0000b3f0    00000004     release_pem4f.oem4f (.const:ti_sysbios_family_arm_msp432_Seconds_daysPerMonthNonLeap__C)
                  0000b3f4    00000004     release_pem4f.oem4f (.const:ti_sysbios_family_arm_msp432_Timer_numTimerDevices__C)
                  0000b3f8    00000004     release_pem4f.oem4f (.const:ti_sysbios_family_arm_msp432_Timer_startupNeeded__C)
                  0000b3fc    00000004     release_pem4f.oem4f (.const:ti_sysbios_gates_GateMutex_Instance_State_sem__O)
                  0000b400    00000004     release_pem4f.oem4f (.const:ti_sysbios_heaps_HeapMem_E_memory__C)
                  0000b404    00000004     release_pem4f.oem4f (.const:ti_sysbios_heaps_HeapMem_Module__gateObj__C)
                  0000b408    00000004     release_pem4f.oem4f (.const:ti_sysbios_heaps_HeapMem_Object__count__C)
                  0000b40c    00000004     release_pem4f.oem4f (.const:ti_sysbios_heaps_HeapMem_primaryHeapBaseAddr__C)
                  0000b410    00000004     release_pem4f.oem4f (.const:ti_sysbios_heaps_HeapMem_primaryHeapEndAddr__C)
                  0000b414    00000004     release_pem4f.oem4f (.const:ti_sysbios_heaps_HeapMem_reqAlign__C)
                  0000b418    00000004     release_pem4f.oem4f (.const:ti_sysbios_knl_Clock_Module_State_clockQ__O)
                  0000b41c    00000004     release_pem4f.oem4f (.const:ti_sysbios_knl_Clock_tickPeriod__C)
                  0000b420    00000004     release_pem4f.oem4f (.const:ti_sysbios_knl_Idle_funcList__A)
                  0000b424    00000004     release_pem4f.oem4f (.const:ti_sysbios_knl_Mailbox_Instance_State_freeQue__O)
                  0000b428    00000004     release_pem4f.oem4f (.const:ti_sysbios_knl_Mailbox_Object__count__C)
                  0000b42c    00000004     release_pem4f.oem4f (.const:ti_sysbios_knl_Mailbox_maxTypeAlign__C)
                  0000b430    00000004     release_pem4f.oem4f (.const:ti_sysbios_knl_Semaphore_Instance_State_pendQ__O)
                  0000b434    00000004     release_pem4f.oem4f (.const:ti_sysbios_knl_Swi_Object__count__C)
                  0000b438    00000004     release_pem4f.oem4f (.const:ti_sysbios_knl_Task_Module_State_inactiveQ__O)
                  0000b43c    00000004     release_pem4f.oem4f (.const:ti_sysbios_knl_Task_Object__count__C)
                  0000b440    00000004     release_pem4f.oem4f (.const:ti_sysbios_knl_Task_Object__heap__C)
                  0000b444    00000004     release_pem4f.oem4f (.const:ti_sysbios_knl_Task_allBlockedFunc__C)
                  0000b448    00000004     release_pem4f.oem4f (.const:ti_sysbios_knl_Task_defaultStackHeap__C)
                  0000b44c    00000004     release_pem4f.oem4f (.const:ti_sysbios_knl_Task_defaultStackSize__C)
                  0000b450    00000004     release_pem4f.oem4f (.const:ti_sysbios_knl_Task_numConstructedTasks__C)
                  0000b454    00000004     release_pem4f.oem4f (.const:xdc_runtime_Error_E_memory__C)
                  0000b458    00000004     release_pem4f.oem4f (.const:xdc_runtime_Error_policyFxn__C)
                  0000b45c    00000004     release_pem4f.oem4f (.const:xdc_runtime_IGateProvider_Interface__BASE__C)
                  0000b460    00000004     release_pem4f.oem4f (.const:xdc_runtime_IHeap_Interface__BASE__C)
                  0000b464    00000004     release_pem4f.oem4f (.const:xdc_runtime_IModule_Interface__BASE__C)
                  0000b468    00000004     release_pem4f.oem4f (.const:xdc_runtime_Memory_defaultHeapInstance__C)
                  0000b46c    00000004     release_pem4f.oem4f (.const:xdc_runtime_Startup_execImpl__C)
                  0000b470    00000004     release_pem4f.oem4f (.const:xdc_runtime_Startup_maxPasses__C)
                  0000b474    00000004     release_pem4f.oem4f (.const:xdc_runtime_Startup_sfxnRts__C)
                  0000b478    00000004     release_pem4f.oem4f (.const:xdc_runtime_Startup_sfxnTab__C)
                  0000b47c    00000004     release_pem4f.oem4f (.const:xdc_runtime_SysCallback_abortFxn__C)
                  0000b480    00000004     release_pem4f.oem4f (.const:xdc_runtime_SysCallback_exitFxn__C)
                  0000b484    00000004     release_pem4f.oem4f (.const:xdc_runtime_SysCallback_putchFxn__C)
                  0000b488    00000004     release_pem4f.oem4f (.const:xdc_runtime_SysCallback_readyFxn__C)
                  0000b48c    00000004     release_pem4f.oem4f (.const:xdc_runtime_System_Module__gateObj__C)
                  0000b490    00000004     release_pem4f.oem4f (.const:xdc_runtime_System_abortFxn__C)
                  0000b494    00000004     release_pem4f.oem4f (.const:xdc_runtime_System_exitFxn__C)
                  0000b498    00000004     release_pem4f.oem4f (.const:xdc_runtime_System_extendFxn__C)
                  0000b49c    00000004     release_pem4f.oem4f (.const:xdc_runtime_System_maxAtexitHandlers__C)
                  0000b4a0    00000004     release_pem4f.oem4f (.const:xdc_runtime_Text_charTab__C)
                  0000b4a4    00000004     release_pem4f.oem4f (.const:xdc_runtime_Text_nameEmpty__C)
                  0000b4a8    00000004     release_pem4f.oem4f (.const:xdc_runtime_Text_nameStatic__C)
                  0000b4ac    00000004     release_pem4f.oem4f (.const:xdc_runtime_Text_nameUnknown__C)
                  0000b4b0    00000002     release_pem4f.oem4f (.const:ti_sysbios_family_arm_m3_Hwi_Module__id__C)
                  0000b4b2    00000002     release_pem4f.oem4f (.const:ti_sysbios_family_arm_msp432_init_Boot_bypassHFXT__C)
                  0000b4b4    00000002     release_pem4f.oem4f (.const:ti_sysbios_family_arm_msp432_init_Boot_bypassLFXT__C)
                  0000b4b6    00000002     release_pem4f.oem4f (.const:ti_sysbios_family_arm_msp432_init_Boot_enableHFXT__C)
                  0000b4b8    00000002     release_pem4f.oem4f (.const:ti_sysbios_family_arm_msp432_init_Boot_enableLFXT__C)
                  0000b4ba    00000002     release_pem4f.oem4f (.const:ti_sysbios_heaps_HeapMem_Module__id__C)
                  0000b4bc    00000002     release_pem4f.oem4f (.const:xdc_runtime_Memory_Module__id__C)
                  0000b4be    00000002     release_pem4f.oem4f (.const:xdc_runtime_Text_charCnt__C)
                  0000b4c0    00000002     release_pem4f.oem4f (.const:xdc_runtime_Text_isLoaded__C)
                  0000b4c2    00000001     release_pem4f.oem4f (.const:xdc_runtime_Error_policy__C)
                  0000b4c3    00000001     release_pem4f.oem4f (.const:xdc_runtime_Text_charTab__A)

.cinit     0    0000b4c8    000002e0     
                  0000b4c8    000002b9     (.cinit..data.load) [load image, compression = lzss]
                  0000b781    00000003     --HOLE-- [fill = 0]
                  0000b784    0000000c     (__TI_handler_table)
                  0000b790    00000008     (.cinit..bss.load) [load image, compression = zero_init]
                  0000b798    00000010     (__TI_cinit_table)

.init_array 
*          0    00000000    00000000     UNINITIALIZED

.bss       0    20008200    00004786     UNINITIALIZED
                  20008200    00001800     (.common:accelDataBuffer0)
                  20009a00    00001800     (.common:accelDataBuffer1)
                  2000b200    00000804     (.common:cpy_buff)
                  2000ba04    00000400     MSP_EXP432P401R.obj (.bss:displayBuf)
                  2000be04    00000254     (.common:sdspiMSP432Objects)
                  2000c058    00000200     release_pem4f.oem4f (.bss:taskStackSection)
                  2000c258    00000140     (.common:ti_sysbios_family_arm_m3_Hwi_dispatchTable)
                  2000c398    00000120     rtsv7M4_T_le_v4SPD16_eabi.lib : trgmsg.obj (.bss:_CIOBUF_)
                  2000c4b8    00000100     (.common:uartMSP432Objects)
                  2000c5b8    000000e0     (.common:spiMSP432DMAObjects)
                  2000c698    000000b4     (.common:timerMSP432Objects)
                  2000c74c    000000a0     (.common:__TI_tmpnams)
                  2000c7ec    00000010     fatfs.aem4f : ff.oem4f (.bss:FatFs)
                  2000c7fc    00000004     (.common:display)
                  2000c800    00000080     MSP_EXP432P401R.obj (.bss:dmaControlTable)
                  2000c880    00000040     (.common:uartMSP432RingBuffer)
                  2000c8c0    00000030     drivers_msp432p4xx.aem4f : GPIOMSP432.oem4f (.bss:gpioCallbackInfo)
                  2000c8f0    00000028     fatfs.aem4f : ffcio.oem4f (.bss:filTable)
                  2000c918    00000024     (.common:barrier)
                  2000c93c    0000001c     (.common:semAccelData)
                  2000c958    00000010     drivers_msp432p4xx.aem4f : SDSPIMSP432.oem4f (.bss:sdspiHandles)
                  2000c968    0000000c     (.common:displayUartObject)
                  2000c974    00000008     rtsv7M4_T_le_v4SPD16_eabi.lib : trgdrv.obj (.bss:parmbuf)
                  2000c97c    00000008     (.common:udmaMSP432Object)
                  2000c984    00000002     fatfs.aem4f : ff.oem4f (.bss)

.data      0    2000c988    0000082f     UNINITIALIZED
                  2000c988    000000f0     rtsv7M4_T_le_v4SPD16_eabi.lib : defs.obj (.data:_ftable)
                  2000ca78    000000d0                                   : lowlev.obj (.data:$O1$$)
                  2000cb48    000000d0     drivers_msp432p4xx.aem4f : PowerMSP432.oem4f (.data:PowerMSP432_perfLevels)
                  2000cc18    00000080     release_pem4f.oem4f (.data:ti_sysbios_knl_Swi_Module_State_0_readyQ__A)
                  2000cc98    00000080     release_pem4f.oem4f (.data:ti_sysbios_knl_Task_Module_State_0_readyQ__A)
                  2000cd18    00000050     fatfs.aem4f : diskio.oem4f (.data:drive_fxn_table)
                  2000cd68    0000004c     release_pem4f.oem4f (.data:ti_sysbios_family_arm_msp432_Timer_Object__table__V)
                  2000cdb4    0000004c     release_pem4f.oem4f (.data:ti_sysbios_knl_Task_Object__table__V)
                  2000ce00    00000044     sysbios.aem4f : BIOS.obj (.data:$O1$$)
                  2000ce44    00000044     release_pem4f.oem4f (.data:ti_sysbios_knl_Task_Module__state__V)
                  2000ce88    00000038     release_pem4f.oem4f (.data:ti_sysbios_gates_GateMutex_Object__table__V)
                  2000cec0    00000034     release_pem4f.oem4f (.data:ti_sysbios_family_arm_m3_Hwi_Module__state__V)
                  2000cef4    00000030     release_pem4f.oem4f (.data:ti_sysbios_knl_Swi_Object__table__V)
                  2000cf24    0000002c     drivers_msp432p4xx.aem4f : PowerMSP432.oem4f (.data:PowerMSP432_module)
                  2000cf50    0000002c     release_pem4f.oem4f (.data:ti_sysbios_knl_Clock_Module__state__V)
                  2000cf7c    00000024     rtsv7M4_T_le_v4SPD16_eabi.lib : localtim.obj (.data:local_tm)
                  2000cfa0    00000024     release_pem4f.oem4f (.data:ti_sysbios_BIOS_Module__state__V)
[...]
0000aa17  SemaphoreP_post                                             
0000aa17  SemaphoreP_postFromClock                                    
0000aa21  Timer32_clearInterruptFlag                                  
0000aa2b  Timer32_disableInterrupt                                    
0000aa35  Timer32_enableInterrupt                                     
0000aa3f  Timer32_haltTimer                                           
0000aa49  TimerMSP432_init                                            
0000aa53  Timer_getCount                                              
0000aa5d  Timer_start                                                 
0000aa67  Timer_stop                                                  
0000aa71  UART_close                                                  
0000aa7b  UART_control                                                
0000aa85  UART_write                                                  
0000aa8f  ff_del_syncobj                                              
0000aa99  sem_post                                                    
0000aaa3  xdc_runtime_Memory_HeapProxy_alloc__E                       
0000aaad  xdc_runtime_Memory_HeapProxy_free__E                        
0000aab7  ClockP_Params_init                                          
0000aabf  MSP_EXP432P401R_initGeneral                                 
0000aac7  Timer_A_startCounter                                        
0000aad9  pthread_attr_setstacksize                                   
0000aae9  ti_sysbios_family_arm_m3_Hwi_doSwiRestore__I                
0000aaf1  ti_sysbios_family_arm_m3_Hwi_startup__E                     
0000aaf1  ti_sysbios_hal_Hwi_HwiProxy_startup__E                      
0000ab09  DisplayUartMin_getType                                      
0000ab0f  SDSPIMSP432_control                                         
0000ab15  SPIMSP432DMA_control                                        
0000ab1b  TimerMSP432_Timer_A_control                                 
0000ab29  ti_sysbios_family_arm_m3_Hwi_doTaskRestore__I               
0000ab31  HwiP_restore                                                
0000ab31  ti_sysbios_family_arm_m3_Hwi_restoreFxn__E                  
0000ab31  ti_sysbios_hal_Hwi_HwiProxy_restore__E                      
0000ab39  ti_sysbios_gates_GateHwi_leave__E                           
0000ab41  ti_sysbios_heaps_HeapMem_isBlocking__E                      
0000ab49  ti_sysbios_knl_Clock_stop__E                                
0000ab51  ti_sysbios_knl_Queue_Instance_init__E                       
0000ab59  ti_sysbios_knl_Swi_startup__E                               
0000ab61  xdc_runtime_System_Module_startup__E                        
0000ab69  ti_sysbios_gates_GateHwi_query__E                           
0000ab69  xdc_runtime_Main_Module_GateProxy_query__E                  
0000ab69  xdc_runtime_System_Module_GateProxy_query__E                
0000ab71  ti_sysbios_BIOS_RtsGateProxy_query__E                       
0000ab71  ti_sysbios_gates_GateMutex_query__E                         
0000ab71  ti_sysbios_heaps_HeapMem_Module_GateProxy_query__E          
0000ab79  ti_sysbios_knl_Clock_setTimeout__E                          
0000ab81  ti_sysbios_knl_Task_startup__E                              
0000ab89  xdc_runtime_SysCallback_defaultReady                        
0000ab91  ti_sysbios_BIOS_linkedWithIncorrectBootLibrary__E           
0000ab99  ti_sysbios_gates_GateHwi_Instance_init__E                   
0000aba1  ti_sysbios_knl_Clock_logTick__E                             
0000aba9  xdc_runtime_SysCallback_defaultAbort                        
0000abb1  xdc_runtime_SysCallback_defaultExit                         
0000abb9  xdc_runtime_SysCallback_defaultPutch                        
0000abc1  xdc_runtime_System_abortSpin__E                             
0000abc9  xdc_runtime_System_exitSpin__E                              
0000abcc  spiMSP432DMAHWAttrs                                         
0000ac5c  uartMSP432Baudrates                                         
0000ad9c  timerMSP432HWAttrs                                          
0000adec  uartMSP432HWAttrs                                           
0000ae84  Timer_config                                                
0000aec0  ti_sysbios_knl_Task_Object__PARAMS__C                       
0000aefc  SPI_config                                                  
0000af2c  ti_sysbios_family_arm_m3_Hwi_Object__PARAMS__C              
0000af5c  UARTMSP432_fxnTable                                         
0000af84  ti_sysbios_heaps_HeapMem_Module__FXNS__C                    
0000afac  UART_defaultParams                                          
0000afd0  ti_sysbios_gates_GateHwi_Module__FXNS__C                    
0000aff4  ti_sysbios_gates_GateMutex_Module__FXNS__C                  
0000b018  ti_sysbios_heaps_HeapMem_Object__PARAMS__C                  
0000b03c  ti_sysbios_knl_Clock_Object__PARAMS__C                      
0000b060  ti_sysbios_knl_Semaphore_Object__PARAMS__C                  
0000b084  xdc_runtime_Startup_sfxnTab__A                              
0000b0a8  DisplayUartMin_fxnTable                                     
0000b0c8  SPI_defaultParams                                           
0000b108  ti_sysbios_family_arm_m3_Hwi_Object__DESC__C                
0000b128  ti_sysbios_gates_GateHwi_Object__DESC__C                    
0000b148  ti_sysbios_gates_GateMutex_Object__DESC__C                  
0000b168  ti_sysbios_heaps_HeapMem_Object__DESC__C                    
0000b188  ti_sysbios_knl_Clock_Object__DESC__C                        
0000b1a8  ti_sysbios_knl_Queue_Object__DESC__C                        
0000b1c8  ti_sysbios_knl_Semaphore_Object__DESC__C                    
0000b1e8  ti_sysbios_knl_Task_Object__DESC__C                         
0000b208  PowerMSP432_config                                          
0000b220  SPIMSP432DMA_fxnTable                                       
0000b238  UART_config                                                 
0000b250  ti_sysbios_gates_GateHwi_Object__PARAMS__C                  
0000b268  ti_sysbios_gates_GateMutex_Object__PARAMS__C                
0000b280  ti_sysbios_knl_Queue_Object__PARAMS__C                      
0000b298  GPIOMSP432_config                                           
0000b2ac  displayUartHWAttrs                                          
0000b2c0  outputfile                                                  
0000b2d2  xdc_runtime_Startup_sfxnRts__A                              
0000b2e4  SDSPIMSP432_fxnTable                                        
0000b2f4  sdspiMSP432HWAttrs                                          
0000b304  Display_config                                              
0000b310  ADC_count                                                   
0000b311  ADCBuf_count                                                
0000b312  Capture_count                                               
0000b313  Display_count                                               
0000b314  I2C_count                                                   
0000b315  I2CSlave_count                                              
0000b316  PWM_count                                                   
0000b317  SDSPI_count                                                 
0000b318  SPI_count                                                   
0000b319  Timer_count                                                 
0000b31a  UART_count                                                  
0000b31b  Watchdog_count                                              
0000b31c  SDSPI_config                                                
0000b340  ti_sysbios_family_arm_msp432_Seconds_daysPerMonthLeap__A    
0000b34c  ti_sysbios_family_arm_msp432_Seconds_daysPerMonthNonLeap__A 
0000b364  udmaMSP432HWAttrs                                           
0000b370  xdc_runtime_Startup_firstFxns__A                            
0000b37c  SDSPI_defaultParams                                         
0000b384  UDMAMSP432_config                                           
0000b38c  ti_sysbios_knl_Idle_funcList__C                             
0000b394  ts                                                          
0000b39c  xdc_runtime_Startup_firstFxns__C                            
0000b3a4  xdc_runtime_Startup_lastFxns__C                             
0000b3bd  Display_defaultParams                                       
0000b3c4  ti_sysbios_family_arm_m3_Hwi_E_alreadyDefined__C            
0000b3c8  ti_sysbios_family_arm_m3_Hwi_NUM_INTERRUPTS__C              
0000b3cc  ti_sysbios_family_arm_m3_Hwi_Object__count__C               
0000b3d0  ti_sysbios_family_arm_m3_Hwi_ccr__C                         
0000b3d4  ti_sysbios_family_arm_m3_Hwi_excHandlerFunc__C              
0000b3d8  ti_sysbios_family_arm_m3_Hwi_nullIsrFunc__C                 
0000b3dc  ti_sysbios_family_arm_m3_Hwi_priGroup__C                    
0000b3e0  ti_sysbios_family_arm_m3_Hwi_swiDisable__C                  
0000b3e4  ti_sysbios_family_arm_m3_Hwi_swiRestoreHwi__C               
0000b3e8  ti_sysbios_family_arm_m3_TaskSupport_stackAlignment__C      
0000b3ec  ti_sysbios_family_arm_msp432_Seconds_daysPerMonthLeap__C    
0000b3f0  ti_sysbios_family_arm_msp432_Seconds_daysPerMonthNonLeap__C 
0000b3f4  ti_sysbios_family_arm_msp432_Timer_numTimerDevices__C       
0000b3f8  ti_sysbios_family_arm_msp432_Timer_startupNeeded__C         
0000b3fc  ti_sysbios_gates_GateMutex_Instance_State_sem__O            
0000b400  ti_sysbios_heaps_HeapMem_E_memory__C                        
0000b404  ti_sysbios_heaps_HeapMem_Module__gateObj__C                 
0000b408  ti_sysbios_heaps_HeapMem_Object__count__C                   
0000b40c  ti_sysbios_heaps_HeapMem_primaryHeapBaseAddr__C             
0000b410  ti_sysbios_heaps_HeapMem_primaryHeapEndAddr__C              
0000b414  ti_sysbios_heaps_HeapMem_reqAlign__C                        
0000b418  ti_sysbios_knl_Clock_Module_State_clockQ__O                 
0000b41c  ti_sysbios_knl_Clock_tickPeriod__C                          
0000b420  ti_sysbios_knl_Idle_funcList__A                             
0000b424  ti_sysbios_knl_Mailbox_Instance_State_freeQue__O            
0000b428  ti_sysbios_knl_Mailbox_Object__count__C                     
0000b42c  ti_sysbios_knl_Mailbox_maxTypeAlign__C                      
0000b430  ti_sysbios_knl_Semaphore_Instance_State_pendQ__O            
0000b434  ti_sysbios_knl_Swi_Object__count__C                         
0000b438  ti_sysbios_knl_Task_Module_State_inactiveQ__O               
0000b43c  ti_sysbios_knl_Task_Object__count__C                        
0000b440  ti_sysbios_knl_Task_Object__heap__C                         
0000b444  ti_sysbios_knl_Task_allBlockedFunc__C                       
0000b448  ti_sysbios_knl_Task_defaultStackHeap__C                     
0000b44c  ti_sysbios_knl_Task_defaultStackSize__C                     
0000b450  ti_sysbios_knl_Task_numConstructedTasks__C                  
0000b454  xdc_runtime_Error_E_memory__C                               
0000b458  xdc_runtime_Error_policyFxn__C                              
0000b45c  xdc_runtime_IGateProvider_Interface__BASE__C                
0000b460  xdc_runtime_IHeap_Interface__BASE__C                        
0000b464  xdc_runtime_IModule_Interface__BASE__C                      
0000b468  xdc_runtime_Memory_defaultHeapInstance__C                   
0000b46c  xdc_runtime_Startup_execImpl__C                             
0000b470  xdc_runtime_Startup_maxPasses__C                            
0000b474  xdc_runtime_Startup_sfxnRts__C                              
0000b478  xdc_runtime_Startup_sfxnTab__C                              
0000b47c  xdc_runtime_SysCallback_abortFxn__C                         
0000b480  xdc_runtime_SysCallback_exitFxn__C                          
0000b484  xdc_runtime_SysCallback_putchFxn__C                         
0000b488  xdc_runtime_SysCallback_readyFxn__C                         
0000b48c  xdc_runtime_System_Module__gateObj__C                       
0000b490  xdc_runtime_System_abortFxn__C                              
0000b494  xdc_runtime_System_exitFxn__C                               
0000b498  xdc_runtime_System_extendFxn__C                             
0000b49c  xdc_runtime_System_maxAtexitHandlers__C                     
0000b4a0  xdc_runtime_Text_charTab__C                                 
0000b4a4  xdc_runtime_Text_nameEmpty__C                               
0000b4a8  xdc_runtime_Text_nameStatic__C                              
0000b4ac  xdc_runtime_Text_nameUnknown__C                             
0000b4b0  ti_sysbios_family_arm_m3_Hwi_Module__id__C                  
0000b4b2  ti_sysbios_family_arm_msp432_init_Boot_bypassHFXT__C        
0000b4b4  ti_sysbios_family_arm_msp432_init_Boot_bypassLFXT__C        
0000b4b6  ti_sysbios_family_arm_msp432_init_Boot_enableHFXT__C        
0000b4b8  ti_sysbios_family_arm_msp432_init_Boot_enableLFXT__C        
0000b4ba  ti_sysbios_heaps_HeapMem_Module__id__C                      
0000b4bc  xdc_runtime_Memory_Module__id__C                            
0000b4be  xdc_runtime_Text_charCnt__C                                 
0000b4c0  xdc_runtime_Text_isLoaded__C                                
0000b4c2  xdc_runtime_Error_policy__C                                 
0000b4c3  xdc_runtime_Text_charTab__A                                 
0000b4c8  __TI_static_base__                                          
0000b784  __TI_Handler_Table_Base                                     
0000b790  __TI_Handler_Table_Limit                                    
0000b798  __TI_CINIT_Base                                             
0000b7a8  __TI_CINIT_Limit                                            
20000000  ti_sysbios_family_arm_m3_Hwi_ramVectors                     
20000140  __primary_heap_start__                                      
20008140  __primary_heap_end__                                        
20008200  accelDataBuffer0                                            
20009a00  accelDataBuffer1                                            
2000b200  cpy_buff                                                    
2000be04  sdspiMSP432Objects                                          
2000c058  ti_sysbios_knl_Task_Instance_State_0_stack__A               
2000c258  ti_sysbios_family_arm_m3_Hwi_dispatchTable                  
2000c398  __CIOBUF_                                                   
2000c4b8  uartMSP432Objects                                           
2000c5b8  spiMSP432DMAObjects                                         
2000c698  timerMSP432Objects                                          
2000c74c  __TI_tmpnams                                                
2000c7fc  display                                                     
2000c880  uartMSP432RingBuffer                                        
2000c918  barrier                                                     
2000c93c  semAccelData                                                
2000c968  displayUartObject                                           
2000c97c  udmaMSP432Object                                            
2000c988  _ftable                                                     
2000cb48  PowerMSP432_perfLevels                                      
2000cc18  ti_sysbios_knl_Swi_Module_State_0_readyQ__A                 
2000cc98  ti_sysbios_knl_Task_Module_State_0_readyQ__A                
2000cd68  ti_sysbios_family_arm_msp432_Timer_Object__table__V         
2000cdb4  ti_sysbios_knl_Task_Object__table__V                        
2000ce44  ti_sysbios_knl_Task_Module__state__V                        
2000ce88  ti_sysbios_gates_GateMutex_Object__table__V                 
2000cec0  ti_sysbios_family_arm_m3_Hwi_Module__state__V               
2000cef4  ti_sysbios_knl_Swi_Object__table__V                         
2000cf24  PowerMSP432_module                                          
2000cf50  ti_sysbios_knl_Clock_Module__state__V                       
2000cfa0  ti_sysbios_BIOS_Module__state__V                            
2000cfc4  gpioPinConfigs                                              
2000cfe4  ti_sysbios_family_arm_msp432_Timer_Module_State_0_device__A 
2000d004  xdc_runtime_Error_IgnoreBlock                               
2000d024  TimerMSP432_Timer32_fxnTable                                
2000d040  TimerMSP432_Timer_A_fxnTable                                
2000d05c  ti_sysbios_knl_Swi_Module__state__V                         
2000d078  ti_sysbios_family_arm_m3_Hwi_Object__table__V               
2000d090  ti_sysbios_heaps_HeapMem_Object__table__V                   
2000d0c0  _tz                                                         
2000d0d0  __TI_ft_end                                                 
2000d0d4  __aeabi_stdin                                               
2000d0d8  __aeabi_stdout                                              
2000d0dc  __aeabi_stderr                                              
2000d0e0  ti_sysbios_family_arm_msp432_Timer_Module_State_0_handles__A
2000d0f0  __TI_cleanup_ptr                                            
2000d0f4  __TI_dtors_ptr                                              
2000d0f8  __TI_enable_exit_profile_output                             
2000d0fc  ti_sysbios_family_arm_msp432_ClockFreqs_Module__state__V    
2000d108  ti_sysbios_family_arm_msp432_Timer_Module__state__V         
2000d114  _lock                                                       
2000d118  _unlock                                                     
2000d124  gpioCallbackFunctions                                       
2000d12c  ti_sysbios_family_arm_m3_Hwi_Module__root__V                
2000d134  ti_sysbios_gates_GateHwi_Module__root__V                    
2000d13c  ti_sysbios_gates_GateMutex_Module__root__V                  
2000d144  ti_sysbios_heaps_HeapMem_Module__root__V                    
2000d14c  ti_sysbios_knl_Clock_Module__root__V                        
2000d154  ti_sysbios_knl_Queue_Module__root__V                        
2000d15c  ti_sysbios_knl_Semaphore_Module__root__V                    
2000d164  ti_sysbios_knl_Task_Module__root__V                         
2000d16c  xdc_runtime_Startup_Module__state__V                        
2000d174  xdc_runtime_System_Module_State_0_atexitHandlers__A         
2000d17c  xdc_runtime_System_Module__state__V                         
2000d184  count                                                       
2000d190  fatfsPrefix                                                 
2000d198  main_func_sp                                                
2000d19c  ti_sysbios_family_arm_m3_Hwi_Module_State_0_excContext__A   
2000d1a0  ti_sysbios_family_arm_m3_Hwi_Module_State_0_excStack__A     
2000d1a4  ti_sysbios_gates_GateHwi_Object__table__V                   
2000d1a8  ti_sysbios_knl_Task_Module_State_0_idleTask__A              
2000d1ac  xdc_runtime_Memory_Module__state__V                         
2000d1b0  ti_sysbios_family_arm_m3_Hwi_Module_State_0_excActive__A    
2000fc00  __stack                                                     
20010000  __STACK_END                                                 
4000480c  WDTCTL_SYM                                                  
e000e000  ti_sysbios_family_arm_m3_Hwi_nvic                           
ffffffff  __TI_pprof_out_hndl                                         
ffffffff  __TI_prof_data_size                                         
ffffffff  __TI_prof_data_start                                        
ffffffff  __binit__                                                   
ffffffff  __c_args__                                                  
ffffffff  binit                                                       
UNDEFED   SHT$$INIT_ARRAY$$Base                                       
UNDEFED   SHT$$INIT_ARRAY$$Limit                                      

[758 symbols]
