******************************************************************************
                  TI ARM Linker Unix v16.9.1                   
******************************************************************************
>> Linked Tue Apr 25 17:31:35 2017

OUTPUT FILE NAME:   <Bridge_Inspection_Robot.out>
ENTRY POINT SYMBOL: "_c_int00"  address: 00009ebd


MEMORY CONFIGURATION

         name            origin    length      used     unused   attr    fill
----------------------  --------  ---------  --------  --------  ----  --------
  MAIN                  00000000   00040000  0000e48a  00031b76  R  X
  INFO                  00200000   00004000  00000000  00004000  R  X
  SRAM_CODE             01000000   00010000  00000000  00010000  RW X
  SRAM_DATA             20000000   00010000  0000d069  00002f97  RW  


SEGMENT ALLOCATION MAP

run origin  load origin   length   init length attrs members
----------  ----------- ---------- ----------- ----- -------
00000000    00000000    0000e490   0000e490    r-x
  00000000    00000000    0000003c   0000003c    r-- .resetVecs
  00000040    00000040    0000d32a   0000d32a    r-x .text
  0000d36c    0000d36c    00000e1c   00000e1c    r-- .const
  0000e188    0000e188    00000308   00000308    r-- .cinit
20000140    20000140    00008000   00000000    r--
  20000140    20000140    00008000   00000000    r-- .priheap
20008200    20008200    00004b29   00000000    rw-
  20008200    20008200    0000422c   00000000    rw- .bss
  2000c42c    2000c42c    000008fd   00000000    rw- .data
2000fc00    2000fc00    00000400   00000000    rw-
  2000fc00    2000fc00    00000400   00000000    rw- .stack


SECTION ALLOCATION MAP

 output                                  attributes/
section   page    origin      length       input sections
--------  ----  ----------  ----------   ----------------
.text      0    00000040    0000d32a     
                  00000040    0000113e     rtsv7M4_T_le_v4SPD16_eabi.lib : _printfi.obj (.text)
                  0000117e    00000002     display.aem4f : DisplayUart.oem4f (.text:DisplayUartMin_clear)
                  00001180    00000508     accelThread.obj (.text:accelThread)
                  00001688    000004ac     xbeeThread.obj (.text:xbeeThread)
                  00001b34    00000004     dpl_msp432p4xx.aem4f : HwiP_tirtos.oem4f (.text:HwiP_disable)
                  00001b38    00000444     sysbios.aem4f : BIOS.obj (.text:xdc_runtime_System_doPrint__I)
                  00001f7c    00000350     sdCardThread.obj (.text:sdCardThread)
                  000022cc    00000324     fatfs.aem4f : ff.oem4f (.text:find_volume)
                  000025f0    00000324     rtsv7M4_T_le_v4SPD16_eabi.lib : trgdrv.obj (.text)
                  00002914    0000030c                                   : lowlev.obj (.text)
                  00002c20    000002d0     drivers_msp432p4xx.aem4f : PowerMSP432.oem4f (.text:Power_sleep)
                  00002ef0    000002c8                              : UARTMSP432.oem4f (.text:UARTMSP432_open)
                  000031b8    000002ac                              : SDSPIMSP432.oem4f (.text:SDSPIMSP432_diskInitialize)
                  00003464    000002a0     rtsv7M4_T_le_v4SPD16_eabi.lib : mktime.obj (.text)
                  00003704    00000298     motorThread.obj (.text:motorThread)
                  0000399c    0000026c     drivers_msp432p4xx.aem4f : SPIMSP432DMA.oem4f (.text:SPIMSP432DMA_open)
                  00003c08    00000250                              : SDSPIMSP432.oem4f (.text:SDSPIMSP432_open)
                  00003e58    0000021e     rtsv7M4_T_le_v4SPD16_eabi.lib : ll_div_t2.obj (.text)
                  00004076    000001f4                                   : ull_div_t2.obj (.text)
                  0000426a    00000002     display.aem4f : DisplayUart.oem4f (.text:DisplayUartMin_clearLines)
                  0000426c    000001e4     drivers_msp432p4xx.aem4f : SDSPIMSP432.oem4f (.text:send_cmd)
                  00004450    000001c4     rtsv7M4_T_le_v4SPD16_eabi.lib : fopen.obj (.text)
                  00004614    000001b6                                   : fd_add_t2.obj (.text)
                  000047ca    000001a4     fatfs.aem4f : ff.oem4f (.text:f_write)
                  0000496e    00000002     display.aem4f : DisplayUart.oem4f (.text:DisplayUartMin_init)
                  00004970    00000194     drivers_msp432p4xx.aem4f : SDSPIMSP432.oem4f (.text:xmit_datablock)
                  00004b04    00000178     fatfs.aem4f : ff.oem4f (.text:f_read)
                  00004c7c    00000178     release_pem4f.oem4f (.text:xdc_runtime_System_printfExtend__I)
                  00004df4    0000016c     rtsv7M4_T_le_v4SPD16_eabi.lib : fwrite.obj (.text)
                  00004f60    00000164     fatfs.aem4f : ff.oem4f (.text:f_open)
                  000050c4    0000015c     drivers_msp432p4xx.aem4f : GPIOMSP432.oem4f (.text:GPIO_setConfig)
                  00005220    0000015a     fatfs.aem4f : ff.oem4f (.text:f_lseek)
                  0000537a    00000002     drivers_msp432p4xx.aem4f : PWMTimerMSP432.oem4f (.text:PWMTimerMSP432_init)
                  0000537c    00000154     main_tirtos.obj (.text:main)
                  000054d0    0000014c     drivers_msp432p4xx.aem4f : PowerMSP432.oem4f (.text:initPerfControl)
                  0000561c    00000004     dpl_msp432p4xx.aem4f : HwiP_tirtos.oem4f (.text:HwiP_disableInterrupt)
                  00005620    00000140     sysbios.aem4f : BIOS.obj (.text:ti_sysbios_family_arm_msp432_Seconds_set__E)
                  00005760    00000138     rtsv7M4_T_le_v4SPD16_eabi.lib : localtim.obj (.text)
                  00005898    00000136                                   : fd_div_t2.obj (.text)
                  000059ce    00000002     dpl_msp432p4xx.aem4f : PowerMSP432_tirtos.oem4f (.text:PowerMSP432_initPolicy)
                  000059d0    00000130     sysbios.aem4f : BIOS.obj (.text:ti_sysbios_knl_Semaphore_pend__E)
                  00005b00    00000123     fatfs.aem4f : ff.oem4f (.text:create_name)
                  00005c23    00000001     --HOLE-- [fill = 0]
                  00005c24    00000004     dpl_msp432p4xx.aem4f : HwiP_tirtos.oem4f (.text:HwiP_enableInterrupt)
                  00005c28    00000108     sysbios.aem4f : BIOS.obj (.text:xdc_runtime_Startup_startMods__I)
                  00005d30    00000104     drivers_msp432p4xx.aem4f : SDSPIMSP432.oem4f (.text:SDSPIMSP432_diskIOctrl)
                  00005e34    00000100                              : PWMTimerMSP432.oem4f (.text:initHw)
                  00005f34    000000fe     fatfs.aem4f : ff.oem4f (.text:f_rename)
                  00006032    000000fc     rtsv7M4_T_le_v4SPD16_eabi.lib : fd_mul_t2.obj (.text)
                  0000612e    00000002     drivers_msp432p4xx.aem4f : UARTMSP432.oem4f (.text:UARTMSP432_init)
                  00006130    000000fc     rtsv7M4_T_le_v4SPD16_eabi.lib : s_scalbn.obj (.text)
                  0000622c    00000004     drivers_msp432p4xx.aem4f : List.oem4f (.text:List_head)
                  00006230    000000fc     sysbios.aem4f : BIOS.obj (.text:ti_sysbios_family_arm_msp432_init_Boot_configureClocksHigh)
                  0000632c    000000fa     fatfs.aem4f : ff.oem4f (.text:dir_next)
                  00006426    00000002     rtsv7M4_T_le_v4SPD16_eabi.lib : i_div0.obj (.text)
                  00006428    000000f4     drivers_msp432p4xx.aem4f : SDSPIMSP432.oem4f (.text:SDSPIMSP432_diskWrite)
                  0000651c    00000004                              : List.oem4f (.text:List_next)
                  00006520    000000ec     sysbios.aem4f : BIOS.obj (.text:pthread_create)
                  0000660c    000000ec     fatfs.aem4f : ff.oem4f (.text:put_fat)
                  000066f8    000000ec     rtsv7M4_T_le_v4SPD16_eabi.lib : fread.obj (.text)
                  000067e4    000000ec     sysbios.aem4f : m3_Hwi_asm.obj (.text:ti_sysbios_family_arm_m3_Hwi_dispatch__I)
                  000068d0    000000e8     drivers_msp432p4xx.aem4f : SDSPIMSP432.oem4f (.text:SDSPIMSP432_diskRead)
                  000069b8    000000e8                              : SPIMSP432DMA.oem4f (.text:configDMA)
                  00006aa0    000000e4                              : TimerMSP432.oem4f (.text:configureTimerHardware)
                  00006b84    000000e0     msp432p4xx_driverlib.lib : cs.o (.text:CS_initClockSignal)
                  00006c64    000000dc     rtsv7M4_T_le_v4SPD16_eabi.lib : setvbuf.obj (.text)
                  00006d40    000000d8     drivers_msp432p4xx.aem4f : PWMTimerMSP432.oem4f (.text:PWMTimerMSP432_open)
                  00006e18    000000d8                              : UARTMSP432.oem4f (.text:UARTMSP432_readPolling)
                  00006ef0    000000d6     fatfs.aem4f : ff.oem4f (.text:get_fat)
                  00006fc6    00000002     rtsv7M4_T_le_v4SPD16_eabi.lib : l_div0.obj (.text)
                  00006fc8    000000d0     sysbios.aem4f : BIOS.obj (.text:ti_sysbios_heaps_HeapMem_alloc__E)
                  00007098    000000c8     rtsv7M4_T_le_v4SPD16_eabi.lib : fflush.obj (.text)
                  00007160    000000c4     sysbios.aem4f : BIOS.obj (.text:ti_sysbios_knl_Task_sleep__E)
                  00007224    00000004     MSP_EXP432P401R.obj (.text:MSP_EXP432P401R_initGeneral)
                  00007228    000000c0     sysbios.aem4f : BIOS.obj (.text:ti_sysbios_knl_Task_Instance_init__E)
                  000072e8    000000bc                   : BIOS.obj (.text:ti_sysbios_knl_Task_Instance_finalize__E)
                  000073a4    000000b6     drivers_msp432p4xx.aem4f : UARTMSP432.oem4f (.text:UARTMSP432_hwiIntFxn)
                  0000745a    00000002     release_pem4f.oem4f (.text:ti_sysbios_BIOS_nullFunc__I)
                  0000745c    000000b4     drivers_msp432p4xx.aem4f : UARTMSP432.oem4f (.text:UARTMSP432_control)
                  00007510    000000b4                              : UARTMSP432.oem4f (.text:UARTMSP432_writePolling)
                  000075c4    000000b4                              : SDSPIMSP432.oem4f (.text:send_initial_clock_train)
                  00007678    000000b4     fatfs.aem4f : ff.oem4f (.text:sync_fs)
                  0000772c    000000b2     msp432p4xx_driverlib.lib : timer_a.o (.text:privateTimer_AProcessClockSourceDivider)
                  000077de    00000002     --HOLE-- [fill = 0]
                  000077e0    000000b0     drivers_msp432p4xx.aem4f : TimerMSP432.oem4f (.text:setIdealT32TickCount)
                  00007890    000000ac                              : UARTMSP432.oem4f (.text:initHw)
                  0000793c    000000ac     rtsv7M4_T_le_v4SPD16_eabi.lib : _io_perm.obj (.text)
                  000079e8    000000a8     fatfs.aem4f : ff.oem4f (.text:create_chain)
                  00007a90    000000a8     sysbios.aem4f : BIOS.obj (.text:ti_sysbios_family_arm_msp432_Timer_periodicStub__E)
                  00007b38    000000a8                   : BIOS.obj (.text:xdc_runtime_Core_createObject__I)
                  00007be0    000000a4     fatfs.aem4f : ff.oem4f (.text:f_unlink)
                  00007c84    00000004     drivers_msp432p4xx.aem4f : SPIMSP432DMA.oem4f (.text:SPIMSP432DMA_init)
                  00007c88    000000a4     sysbios.aem4f : BIOS.obj (.text:ti_sysbios_knl_Task_setPri__E)
                  00007d2c    000000a0     auto_init.aem4f : auto_init.oem4f (.text)
                  00007dcc    000000a0     fatfs.aem4f : ffcio.oem4f (.text:ffcio_open)
                  00007e6c    000000a0     drivers_msp432p4xx.aem4f : UARTMSP432.oem4f (.text:readIsrTextCallback)
                  00007f0c    000000a0     rtsv7M4_T_le_v4SPD16_eabi.lib : _bufread.obj (.text)
                  00007fac    000000a0     drivers_msp432p4xx.aem4f : TimerMSP432.oem4f (.text:setIdealTATickCount)
                  0000804c    0000009e                              : UARTMSP432.oem4f (.text:UARTMSP432_close)
                  000080ea    00000002     --HOLE-- [fill = 0]
                  000080ec    0000009c                              : PWMTimerMSP432.oem4f (.text:PWMTimerMSP432_setPeriod)
                  00008188    0000009c     fatfs.aem4f : ff.oem4f (.text:f_sync)
                  00008224    0000009c     drivers_msp432p4xx.aem4f : UARTMSP432.oem4f (.text:readTaskBlocking)
                  000082c0    0000009c     rtsv7M4_T_le_v4SPD16_eabi.lib : memcpy_t2.obj (.text)
                  0000835c    00000098                                   : fclose.obj (.text)
                  000083f4    00000004     dpl_msp432p4xx.aem4f : SystemP_tirtos.oem4f (.text:SystemP_vsnprintf)
                  000083f8    00000098     sysbios.aem4f : BIOS.obj (.text:ti_sysbios_family_arm_m3_Hwi_Instance_init__E)
                  00008490    00000096     drivers_msp432p4xx.aem4f : UARTMSP432.oem4f (.text:writeData)
                  00008526    00000002     --HOLE-- [fill = 0]
                  00008528    00000094     sysbios.aem4f : BIOS.obj (.text:_pthread_removeThreadKeys)
                  000085bc    00000004     msp432p4xx_driverlib.lib : timer32.o (.text:Timer32_getValue)
                  000085c0    00000094     sysbios.aem4f : BIOS.obj (.text:ti_sysbios_family_arm_m3_Hwi_initNVIC__E)
                  00008654    00000090     drivers_msp432p4xx.aem4f : PWMTimerMSP432.oem4f (.text:PWMTimerMSP432_setDuty)
                  000086e4    00000090                              : UARTMSP432.oem4f (.text:UARTMSP432_write)
                  00008774    0000008e                              : TimerMSP432.oem4f (.text:TimerMSP432_open)
                  00008802    00000002     --HOLE-- [fill = 0]
                  00008804    0000008c     sysbios.aem4f : m3_TaskSupport_asm.obj (.text:ti_sysbios_family_arm_m3_TaskSupport_buildTaskStack)
                  00008890    0000008c                   : BIOS.obj (.text:ti_sysbios_knl_Task_postInit__I)
                  0000891c    0000008a     drivers_msp432p4xx.aem4f : UARTMSP432.oem4f (.text:readIsrTextBlocking)
                  000089a6    00000002     --HOLE-- [fill = 0]
                  000089a8    00000088     sysbios.aem4f : BIOS.obj (.text:xdc_runtime_Memory_alloc__E)
                  00008a30    00000086     rtsv7M4_T_le_v4SPD16_eabi.lib : fd_cmp_t2.obj (.text:__aeabi_cdcmple)
                  00008ab6    00000086                                   : fd_cmp_t2.obj (.text:__aeabi_cdrcmple)
                  00008b3c    00000004     fatfs.aem4f : ffosal.oem4f (.text:ff_rel_grant)
                  00008b40    00000084     sysbios.aem4f : BIOS.obj (.text:ti_sysbios_family_arm_m3_Hwi_postInit__I)
                  00008bc4    00000004     fatfs.aem4f : diskio.oem4f (.text:get_fattime)
                  00008bc8    00000084     sysbios.aem4f : BIOS.obj (.text:ti_sysbios_heaps_HeapMem_free__E)
                  00008c4c    00000004     release_pem4f.oem4f (.text:ti_sysbios_BIOS_RtsGateProxy_enter__E)
                  00008c50    00000084     sysbios.aem4f : BIOS.obj (.text:xdc_runtime_Core_constructObject__I)
                  00008cd4    0000007e     fatfs.aem4f : ff.oem4f (.text:dir_sdi)
                  00008d52    00000002     --HOLE-- [fill = 0]
                  00008d54    0000007c     drivers_msp432p4xx.aem4f : SDSPIMSP432.oem4f (.text:SDSPIMSP432_close)
                  00008dd0    0000007c     msp432p4xx_driverlib.lib : spi.o (.text:SPI_initMaster)
                  00008e4c    00000004     release_pem4f.oem4f (.text:ti_sysbios_BIOS_RtsGateProxy_leave__E)
                  00008e50    0000007c     sysbios.aem4f : BIOS.obj (.text:_pthread_runStub)
                  00008ecc    0000007c     fatfs.aem4f : ff.oem4f (.text:f_mount)
                  00008f48    0000007a     drivers_msp432p4xx.aem4f : UARTMSP432.oem4f (.text:readTaskCallback)
                  00008fc2    0000007a     rtsv7M4_T_le_v4SPD16_eabi.lib : memset_t2.obj (.text)
                  0000903c    00000078     drivers_msp432p4xx.aem4f : PWMTimerMSP432.oem4f (.text:PWMTimerMSP432_close)
                  000090b4    00000076                              : PWMTimerMSP432.oem4f (.text:PWMTimerMSP432_stop)
                  0000912a    00000006     display.aem4f : DisplayUart.oem4f (.text:DisplayUartMin_control)
                  00009130    00000075     sysbios.aem4f : BIOS.obj (.text:xdc_runtime_System_formatNum__I)
                  000091a5    00000003     --HOLE-- [fill = 0]
                  000091a8    00000074     fatfs.aem4f : ff.oem4f (.text:check_fs)
                  0000921c    00000070     drivers_msp432p4xx.aem4f : SDSPIMSP432.oem4f (.text:rcvr_datablock)
                  0000928c    00000004     release_pem4f.oem4f (.text:ti_sysbios_family_arm_m3_Hwi_delete)
                  00009290    00000070     sysbios.aem4f : BIOS.obj (.text:ti_sysbios_heaps_HeapMem_initPrimary__I)
                  00009300    00000070                   : BIOS.obj (.text:ti_sysbios_knl_Semaphore_post__E)
                  00009370    00000070                   : BIOS.obj (.text:ti_sysbios_knl_Task_exit__E)
                  000093e0    0000006c                   : BIOS.obj (.text:ti_sysbios_knl_Clock_workFunc__E)
                  0000944c    00000004     release_pem4f.oem4f (.text:ti_sysbios_family_arm_m3_TaskSupport_Module__startupDone__S)
                  00009450    0000006c     sysbios.aem4f : BIOS.obj (.text:ti_sysbios_knl_Swi_restoreHwi__E)
                  000094bc    00000068     drivers_msp432p4xx.aem4f : PWMTimerMSP432.oem4f (.text:PWMTimerMSP432_start)
                  00009524    00000068                              : UARTMSP432.oem4f (.text:UARTMSP432_writeCancel)
                  0000958c    00000068     rtsv7M4_T_le_v4SPD16_eabi.lib : copy_decompress_lzss.obj (.text:decompress:lzss)
                  000095f4    00000068                                   : trgmsg.obj (.text)
                  0000965c    00000004     release_pem4f.oem4f (.text:ti_sysbios_heaps_HeapMem_Module_GateProxy_enter__E)
                  00009660    00000068     sysbios.aem4f : BIOS.obj (.text:ti_sysbios_family_arm_msp432_Seconds_get__E)
                  000096c8    00000066                   : BIOS.obj (.text:xdc_runtime_Core_deleteObject__I)
                  0000972e    00000002     --HOLE-- [fill = 0]
                  00009730    00000064     drivers_msp432p4xx.aem4f : GPIOMSP432.oem4f (.text:GPIO_hwiIntFxn)
                  00009794    00000064                              : SPIMSP432DMA.oem4f (.text:SPIMSP432DMA_close)
                  000097f8    00000064                              : SPIMSP432DMA.oem4f (.text:SPIMSP432DMA_transfer)
                  0000985c    00000064     fatfs.aem4f : ff.oem4f (.text:follow_path)
                  000098c0    00000064     drivers_msp432p4xx.aem4f : SPIMSP432DMA.oem4f (.text:initHw)
                  00009924    00000064     rtsv7M4_T_le_v4SPD16_eabi.lib : fseek.obj (.text)
                  00009988    00000064                                   : s_frexp.obj (.text)
                  000099ec    00000004     release_pem4f.oem4f (.text:ti_sysbios_heaps_HeapMem_Module_GateProxy_leave__E)
                  000099f0    00000064     sysbios.aem4f : BIOS.obj (.text:ti_sysbios_family_arm_m3_Hwi_dispatchC__I)
                  00009a54    00000060     rtsv7M4_T_le_v4SPD16_eabi.lib : sprintf.obj (.text)
                  00009ab4    0000005e     fatfs.aem4f : ff.oem4f (.text:remove_chain)
                  00009b12    00000002     --HOLE-- [fill = 0]
                  00009b14    0000005c     display.aem4f : Display.oem4f (.text:Display_doOpen)
                  00009b70    0000005c     drivers_msp432p4xx.aem4f : GPIOMSP432.oem4f (.text:GPIO_init)
                  00009bcc    0000005c                              : GPIOMSP432.oem4f (.text:GPIO_write)
                  00009c28    0000005c                              : PowerMSP432.oem4f (.text:PowerMSP432_getFreqs)
                  00009c84    00000004     release_pem4f.oem4f (.text:ti_sysbios_knl_Clock_TimerProxy_getMaxTicks__E)
                  00009c88    0000005c     sysbios.aem4f : BIOS.obj (.text:ti_sysbios_knl_Swi_run__I)
                  00009ce4    00000004     release_pem4f.oem4f (.text:ti_sysbios_knl_Clock_delete)
                  00009ce8    0000005c     sysbios.aem4f : BIOS.obj (.text:ti_sysbios_knl_Swi_schedule__I)
                  00009d44    00000004     release_pem4f.oem4f (.text:ti_sysbios_knl_Semaphore_delete)
                  00009d48    0000005c     sysbios.aem4f : BIOS.obj (.text:ti_sysbios_knl_Task_Module_startup__E)
                  00009da4    00000004     release_pem4f.oem4f (.text:xdc_runtime_System_Module_GateProxy_enter__E)
                  00009da8    0000005c     sysbios.aem4f : BIOS.obj (.text:ti_sysbios_knl_Task_startCore__E)
                  00009e04    00000004     release_pem4f.oem4f (.text:xdc_runtime_System_Module_GateProxy_leave__E)
                  00009e08    0000005c     sysbios.aem4f : BIOS.obj (.text:xdc_runtime_Startup_exec__E)
                  00009e64    00000058     drivers_msp432p4xx.aem4f : UDMAMSP432.oem4f (.text:UDMAMSP432_open)
                  00009ebc    00000058     boot.aem4f : boot.oem4f (.text)
                  00009f14    00000058     drivers_msp432p4xx.aem4f : UARTMSP432.oem4f (.text:readIsrBinaryBlocking)
                  00009f6c    00000058     sysbios.aem4f : m3_Hwi_asm_switch.obj (.text:ti_sysbios_family_arm_m3_Hwi_initStacks__E)
                  00009fc4    00000056     display.aem4f : DisplayUart.oem4f (.text:DisplayUartMin_open)
                  0000a01a    00000056     fatfs.aem4f : ff.oem4f (.text:dir_read)
                  0000a070    00000054     drivers_msp432p4xx.aem4f : GPIOMSP432.oem4f (.text:GPIO_setCallback)
                  0000a0c4    00000054                              : PowerMSP432.oem4f (.text:Power_init)
                  0000a118    00000054                              : TimerMSP432.oem4f (.text:TimerMSP432_Timer_A_hwiIntFunction)
                  0000a16c    00000004     --HOLE-- [fill = 0]
                  0000a170    00000054     sysbios.aem4f : BIOS.obj (.text:pthread_barrier_wait)
                  0000a1c4    00000054     rtsv7M4_T_le_v4SPD16_eabi.lib : ltoa.obj (.text)
                  0000a218    00000054     fatfs.aem4f : ff.oem4f (.text:sync_window)
                  0000a26c    00000054     release_pem4f.oem4f (.text:ti_sysbios_family_arm_m3_Hwi_create)
                  0000a2c0    00000054     sysbios.aem4f : BIOS.obj (.text:ti_sysbios_family_arm_msp432_Timer_initDevice__I)
                  0000a314    00000004     --HOLE-- [fill = 0]
                  0000a318    00000054                   : BIOS.obj (.text:xdc_runtime_Core_assignLabel__I)
                  0000a36c    00000050     dpl_msp432p4xx.aem4f : PowerMSP432_tirtos.oem4f (.text:PowerMSP432_sleepPolicy)
                  0000a3bc    00000050     drivers_msp432p4xx.aem4f : TimerMSP432.oem4f (.text:TimerMSP432_Timer32_hwiIntFunction)
                  0000a40c    00000004     --HOLE-- [fill = 0]
                  0000a410    00000050     sysbios.aem4f : BIOS.obj (.text:ti_sysbios_family_arm_m3_Hwi_Module_startup__E)
                  0000a460    00000050     release_pem4f.oem4f (.text:ti_sysbios_knl_Task_create)
                  0000a4b0    0000004e     drivers_msp432p4xx.aem4f : TimerMSP432.oem4f (.text:TimerMSP432_Timer32_start)
                  0000a4fe    00000002     --HOLE-- [fill = 0]
                  0000a500    0000004c                              : SDSPIMSP432.oem4f (.text:initHw)
                  0000a54c    0000004c                              : UARTMSP432.oem4f (.text:readIsrBinaryCallback)
                  0000a598    0000004c     rtsv7M4_T_le_v4SPD16_eabi.lib : atoi.obj (.text)
                  0000a5e4    0000004c                                   : cpy_tbl.obj (.text)
                  0000a630    0000004c     sysbios.aem4f : BIOS.obj (.text:ti_sysbios_family_arm_msp432_Timer_postInit__I)
                  0000a67c    00000004     --HOLE-- [fill = 0]
                  0000a680    0000004c                   : BIOS.obj (.text:ti_sysbios_family_arm_msp432_Timer_start__E)
                  0000a6cc    00000004     --HOLE-- [fill = 0]
                  0000a6d0    0000004c                   : BIOS.obj (.text:ti_sysbios_heaps_HeapMem_getStats__E)
                  0000a71c    00000004     --HOLE-- [fill = 0]
                  0000a720    0000004c                   : BIOS.obj (.text:ti_sysbios_knl_Swi_runLoop__I)
                  0000a76c    00000004     --HOLE-- [fill = 0]
                  0000a770    0000004c                   : BIOS.obj (.text:ti_sysbios_knl_Task_allBlockedFunction__I)
                  0000a7bc    00000004     --HOLE-- [fill = 0]
                  0000a7c0    0000004c                   : BIOS.obj (.text:ti_sysbios_knl_Task_schedule__I)
                  0000a80c    00000048     PololuQik.obj (.text:PololuQik_setM0Speed)
                  0000a854    00000048     PololuQik.obj (.text:PololuQik_setM1Speed)
                  0000a89c    00000048     drivers_msp432p4xx.aem4f : PowerMSP432.oem4f (.text:Power_releaseConstraint)
                  0000a8e4    00000048                              : SPIMSP432DMA.oem4f (.text:SPIMSP432DMA_hwiFxn)
                  0000a92c    00000048     msp432p4xx_driverlib.lib : timer32.o (.text:Timer32_initModule)
                  0000a974    00000048     drivers_msp432p4xx.aem4f : TimerMSP432.oem4f (.text:TimerMSP432_Timer_A_start)
                  0000a9bc    00000048     fatfs.aem4f : ff.oem4f (.text:dir_find)
                  0000aa04    00000048     rtsv7M4_T_le_v4SPD16_eabi.lib : fd_toi_t2.obj (.text)
                  0000aa4c    00000004     --HOLE-- [fill = 0]
                  0000aa50    00000048     sysbios.aem4f : BIOS.obj (.text:ti_sysbios_family_arm_m3_Hwi_disableInterrupt__E)
                  0000aa98    00000048                   : BIOS.obj (.text:ti_sysbios_family_arm_m3_Hwi_enableInterrupt__E)
                  0000aae0    00000048                   : BIOS.obj (.text:ti_sysbios_knl_Mailbox_Module_startup__E)
                  0000ab28    00000048     drivers_msp432p4xx.aem4f : SDSPIMSP432.oem4f (.text:wait_ready)
                  0000ab70    00000046     display.aem4f : DisplayUart.oem4f (.text:DisplayUartMin_vprintf)
                  0000abb6    00000046     drivers_msp432p4xx.aem4f : RingBuf.oem4f (.text:RingBuf_put)
                  0000abfc    00000004     --HOLE-- [fill = 0]
                  0000ac00    00000046     sysbios.aem4f : BIOS.obj (.text:xdc_runtime_Core_assignParams__I)
                  0000ac46    00000044     dpl_msp432p4xx.aem4f : HwiP_tirtos.oem4f (.text:HwiP_create)
                  0000ac8a    00000002     --HOLE-- [fill = 0]
                  0000ac8c    00000044     drivers_msp432p4xx.aem4f : PWM.oem4f (.text:PWM_init)
                  0000acd0    00000044                              : SDSPI.oem4f (.text:SDSPI_init)
                  0000ad14    00000044                              : SPI.oem4f (.text:SPI_init)
                  0000ad58    00000044     msp432p4xx_driverlib.lib : timer_a.o (.text:Timer_A_configureUpMode)
                  0000ad9c    00000044     drivers_msp432p4xx.aem4f : Timer.oem4f (.text:Timer_init)
                  0000ade0    00000044                              : UART.oem4f (.text:UART_init)
                  0000ae24    00000044     fatfs.aem4f : ff.oem4f (.text:dir_alloc)
                  0000ae68    00000044     drivers_msp432p4xx.aem4f : SDSPIMSP432.oem4f (.text:perfChangeNotifyFxn)
                  0000aeac    00000044     rtsv7M4_T_le_v4SPD16_eabi.lib : fd_tou_t2.obj (.text)
                  0000aef0    00000044     drivers_msp432p4xx.aem4f : SDSPIMSP432.oem4f (.text:rxSPI)
                  0000af34    00000004     --HOLE-- [fill = 0]
                  0000af38    00000044     sysbios.aem4f : BIOS.obj (.text:ti_sysbios_family_arm_m3_Hwi_getStackInfo__E)
                  0000af7c    00000004     --HOLE-- [fill = 0]
                  0000af80    00000044                   : BIOS.obj (.text:ti_sysbios_family_arm_msp432_Seconds_Module_startup__E)
                  0000afc4    00000004     --HOLE-- [fill = 0]
                  0000afc8    00000044                   : BIOS.obj (.text:ti_sysbios_knl_Swi_post__E)
                  0000b00c    00000004     --HOLE-- [fill = 0]
                  0000b010    00000044                   : BIOS.obj (.text:xdc_runtime_System_atexit__E)
                  0000b054    00000040     drivers_msp432p4xx.aem4f : RingBuf.oem4f (.text:RingBuf_get)
                  0000b094    00000040                              : SDSPI.oem4f (.text:SDSPI_open)
                  0000b0d4    00000040     dpl_msp432p4xx.aem4f : SemaphoreP_tirtos.oem4f (.text:SemaphoreP_create)
                  0000b114    00000040     drivers_msp432p4xx.aem4f : UARTMSP432.oem4f (.text:UARTMSP432_read)
                  0000b154    00000040                              : UDMAMSP432.oem4f (.text:UDMAMSP432_init)
                  0000b194    00000040     fatfs.aem4f : ff.oem4f (.text:get_ldnumber)
                  0000b1d4    00000040     motorThread.obj (.text:motor0_encoderAInt)
                  0000b214    00000040     motorThread.obj (.text:motor1_encoderAInt)
                  0000b254    00000040     drivers_msp432p4xx.aem4f : PowerMSP432.oem4f (.text:notify)
                  0000b294    00000040                              : UARTMSP432.oem4f (.text:perfChangeNotifyFxn)
                  0000b2d4    00000040                              : PowerMSP432.oem4f (.text:restartHFXT)
                  0000b314    00000040     rtsv7M4_T_le_v4SPD16_eabi.lib : u_divt2.obj (.text)
                  0000b354    00000004     --HOLE-- [fill = 0]
                  0000b358    00000040     sysbios.aem4f : BIOS.obj (.text:ti_sysbios_family_arm_msp432_Timer_Module_startup__E)
                  0000b398    00000040                   : BIOS.obj (.text:ti_sysbios_family_arm_msp432_Timer_startup__E)
                  0000b3d8    00000040                   : BIOS.obj (.text:ti_sysbios_heaps_HeapMem_Instance_init__E)
                  0000b418    0000003c     dpl_msp432p4xx.aem4f : ClockP_tirtos.oem4f (.text:ClockP_create)
                  0000b454    0000003c     drivers_msp432p4xx.aem4f : PWM.oem4f (.text:PWM_open)
                  0000b490    0000003c                              : SPI.oem4f (.text:SPI_open)
                  0000b4cc    0000003c                              : TimerMSP432.oem4f (.text:TimerMSP432_Timer32_stop)
                  0000b508    0000003c                              : Timer.oem4f (.text:Timer_open)
                  0000b544    0000003c                              : UART.oem4f (.text:UART_open)
                  0000b580    0000003c                              : PWMTimerMSP432.oem4f (.text:getPeriodCounts)
                  0000b5bc    00000004     --HOLE-- [fill = 0]
                  0000b5c0    0000003c     sysbios.aem4f : BIOS.obj (.text:ti_sysbios_family_arm_m3_Hwi_Instance_finalize__E)
                  0000b5fc    00000004     --HOLE-- [fill = 0]
                  0000b600    0000003c                   : BIOS.obj (.text:ti_sysbios_knl_Clock_Instance_init__E)
                  0000b63c    0000003c     release_pem4f.oem4f (.text:ti_sysbios_knl_Clock_create)
                  0000b678    0000003c     sysbios.aem4f : BIOS.obj (.text:ti_sysbios_knl_Swi_restore__E)
                  0000b6b4    0000003a     drivers_msp432p4xx.aem4f : TimerMSP432.oem4f (.text:TimerMSP432_close)
                  0000b6ee    0000003a     sdCardThread.obj (.text:fatfs_getFatTime)
                  0000b728    00000038     drivers_msp432p4xx.aem4f : PowerMSP432.oem4f (.text:Power_setConstraint)
                  0000b760    00000038                              : TimerMSP432.oem4f (.text:TimerMSP432_allocateTimerResource)
                  0000b798    00000038     fatfs.aem4f : ff.oem4f (.text:dir_register)
                  0000b7d0    00000038     xbeeThread.obj (.text:encoderTimerCallback)
                  0000b808    00000038     drivers_msp432p4xx.aem4f : PWMTimerMSP432.oem4f (.text:getDutyCounts)
                  0000b840    00000038     xbeeThread.obj (.text:itoa)
                  0000b878    00000038     rtsv7M4_T_le_v4SPD16_eabi.lib : fs_tod_t2.obj (.text)
                  0000b8b0    00000036     drivers_msp432p4xx.aem4f : UARTMSP432.oem4f (.text:UARTMSP432_readCancel)
                  0000b8e6    00000036     fatfs.aem4f : ff.oem4f (.text:move_window)
                  0000b91c    00000036     rtsv7M4_T_le_v4SPD16_eabi.lib : strncpy.obj (.text)
                  0000b952    00000034     drivers_msp432p4xx.aem4f : TimerMSP432.oem4f (.text:TimerMSP432_Timer_A_stop)
                  0000b986    00000034     fatfs.aem4f : ff.oem4f (.text:dir_remove)
                  0000b9ba    00000002     --HOLE-- [fill = 0]
                  0000b9bc    00000034                 : ffcio.oem4f (.text:ffcio_lseek)
                  0000b9f0    00000034     release_pem4f.oem4f (.text:ti_sysbios_knl_Semaphore_create)
                  0000ba24    00000034     fatfs.aem4f : ff.oem4f (.text:validate)
                  0000ba58    00000032     sysbios.aem4f : BIOS.obj (.text:ti_sysbios_hal_Hwi_initStack)
                  0000ba8a    00000002     --HOLE-- [fill = 0]
                  0000ba8c    00000030     drivers_msp432p4xx.aem4f : GPIOMSP432.oem4f (.text:GPIO_enableInt)
                  0000babc    00000030                              : TimerMSP432.oem4f (.text:TimerMSP432_freeTimerResource)
                  0000baec    00000030     msp432p4xx_driverlib.lib : spi.o (.text:is_A_Module)
                  0000bb1c    00000030     drivers_msp432p4xx.aem4f : PWMTimerMSP432.oem4f (.text:mapPin)
                  0000bb4c    00000030                              : SDSPIMSP432.oem4f (.text:mapPin)
                  0000bb7c    00000030                              : SPIMSP432DMA.oem4f (.text:mapPin)
                  0000bbac    00000030                              : UARTMSP432.oem4f (.text:mapPin)
                  0000bbdc    00000030     release_pem4f.oem4f (.text:ti_sysbios_BIOS_atExitFunc__I)
                  0000bc0c    00000030     release_pem4f.oem4f (.text:ti_sysbios_BIOS_startFunc__I)
                  0000bc3c    00000004     --HOLE-- [fill = 0]
                  0000bc40    00000030     sysbios.aem4f : BIOS.obj (.text:ti_sysbios_family_arm_m3_TaskSupport_start__E)
                  0000bc70    00000030     release_pem4f.oem4f (.text:ti_sysbios_gates_GateHwi_Object__create__S)
                  0000bca0    00000030     release_pem4f.oem4f (.text:ti_sysbios_gates_GateMutex_Object__create__S)
                  0000bcd0    00000030     sysbios.aem4f : BIOS.obj (.text:ti_sysbios_gates_GateMutex_enter__E)
                  0000bd00    00000030     release_pem4f.oem4f (.text:ti_sysbios_heaps_HeapMem_Object__create__S)
                  0000bd30    00000030     sysbios.aem4f : BIOS.obj (.text:ti_sysbios_knl_Mailbox_postInit__I)
                  0000bd60    00000030     release_pem4f.oem4f (.text:ti_sysbios_knl_Semaphore_construct)
                  0000bd90    00000030     sysbios.aem4f : BIOS.obj (.text:ti_sysbios_knl_Semaphore_pendTimeout__I)
                  0000bdc0    00000030                   : BIOS.obj (.text:ti_sysbios_knl_Task_processVitalTaskFlag__I)
                  0000bdf0    00000030                   : BIOS.obj (.text:ti_sysbios_knl_Task_unblockI__E)
                  0000be20    00000030                   : BIOS.obj (.text:xdc_runtime_System_processAtExit__E)
                  0000be50    0000002e     release_pem4f.oem4f (.text:malloc)
                  0000be7e    0000002e     rtsv7M4_T_le_v4SPD16_eabi.lib : i_tofd_t2.obj (.text)
                  0000beac    0000002c     dpl_msp432p4xx.aem4f : PowerMSP432_tirtos.oem4f (.text:PowerMSP432_updateFreqs)
                  0000bed8    0000002c     fatfs.aem4f : diskio.oem4f (.text:disk_register)
                  0000bf04    0000002c     release_pem4f.oem4f (.text:ti_sysbios_knl_Clock_doTick__I)
                  0000bf30    0000002c     release_pem4f.oem4f (.text:ti_sysbios_knl_Queue_construct)
                  0000bf5c    00000004     --HOLE-- [fill = 0]
                  0000bf60    0000002c     sysbios.aem4f : BIOS.obj (.text:ti_sysbios_knl_Task_restore__E)
                  0000bf8c    0000002a     display.aem4f : Display.oem4f (.text:Display_doPrintf)
                  0000bfb6    0000002a     drivers_msp432p4xx.aem4f : SPIMSP432DMA.oem4f (.text:perfChangeNotifyFxn)
                  0000bfe0    0000002a     xbeeThread.obj (.text:reverse)
                  0000c00a    00000006     display.aem4f : DisplayUart.oem4f (.text:DisplayUartMin_getType)
                  0000c010    0000002a     sysbios.aem4f : BIOS.obj (.text:xdc_runtime_System_putchar__I)
                  0000c03a    00000002     --HOLE-- [fill = 0]
                  0000c03c    00000028     display.aem4f : Display.oem4f (.text:Display_doInit)
                  0000c064    00000028     drivers_msp432p4xx.aem4f : PowerMSP432.oem4f (.text:Power_registerNotify)
                  0000c08c    00000028                              : PowerMSP432.oem4f (.text:disableHFXT)
                  0000c0b4    00000028     fatfs.aem4f : diskio.oem4f (.text:disk_unregister)
                  0000c0dc    00000028     drivers_msp432p4xx.aem4f : UARTMSP432.oem4f (.text:findBaudDividerIndex)
                  0000c104    00000004     --HOLE-- [fill = 0]
                  0000c108    00000028     sysbios.aem4f : BIOS.obj (.text:ti_sysbios_knl_Clock_addI__E)
                  0000c130    00000028                   : BIOS.obj (.text:ti_sysbios_knl_Swi_Module_startup__E)
                  0000c158    00000026     drivers_msp432p4xx.aem4f : List.oem4f (.text:List_put)
                  0000c17e    00000026     sysbios.aem4f : m3_Hwi_asm.obj (.text:ti_sysbios_family_arm_m3_Hwi_pendSV__I)
                  0000c1a4    00000024     msp432p4xx_driverlib.lib : cs.o (.text:CS_setDCOCenteredFrequency)
                  0000c1c8    00000024     drivers_msp432p4xx.aem4f : SPIMSP432DMA.oem4f (.text:SPIMSP432DMA_transferCancel)
                  0000c1ec    00000024     msp432p4xx_driverlib.lib : timer32.o (.text:Timer32_setCount)
                  0000c210    00000024     fatfs.aem4f : diskio.oem4f (.text:disk_ioctl)
                  0000c234    00000024                 : diskio.oem4f (.text:disk_read)
                  0000c258    00000024                 : ff.oem4f (.text:f_close)
                  0000c27c    00000004     --HOLE-- [fill = 0]
                  0000c280    00000024     sysbios.aem4f : BIOS.obj (.text:pthread_attr_init)
                  0000c2a4    00000024     release_pem4f.oem4f (.text:ti_sysbios_BIOS_registerRTSLock__I)
                  0000c2c8    00000024     release_pem4f.oem4f (.text:ti_sysbios_BIOS_removeRTSLock__I)
                  0000c2ec    00000004     --HOLE-- [fill = 0]
                  0000c2f0    00000024     sysbios.aem4f : BIOS.obj (.text:ti_sysbios_family_arm_msp432_ClockFreqs_setFrequency__E)
                  0000c314    00000024     release_pem4f.oem4f (.text:ti_sysbios_gates_GateMutex_Object__delete__S)
                  0000c338    00000024     sysbios.aem4f : BIOS.obj (.text:ti_sysbios_knl_Clock_Module_startup__E)
                  0000c35c    00000024     release_pem4f.oem4f (.text:ti_sysbios_knl_Clock_Object__delete__S)
                  0000c380    00000024     sysbios.aem4f : BIOS.obj (.text:ti_sysbios_knl_Clock_start__E)
                  0000c3a4    00000004     --HOLE-- [fill = 0]
                  0000c3a8    00000024                   : BIOS.obj (.text:ti_sysbios_knl_Semaphore_Instance_init__E)
                  0000c3cc    00000024     release_pem4f.oem4f (.text:ti_sysbios_knl_Semaphore_Object__delete__S)
                  0000c3f0    00000024     sysbios.aem4f : BIOS.obj (.text:ti_sysbios_knl_Task_restoreHwi__E)
                  0000c414    00000004     --HOLE-- [fill = 0]
                  0000c418    00000024                   : BIOS.obj (.text:xdc_runtime_Error_policyMin__E)
                  0000c43c    00000004     --HOLE-- [fill = 0]
                  0000c440    00000024                   : BIOS.obj (.text:xdc_runtime_System_abort__E)
                  0000c464    00000020     drivers_msp432p4xx.aem4f : GPIOMSP432.oem4f (.text:GPIO_read)
                  0000c484    00000020                              : PowerMSP432.oem4f (.text:Power_unregisterNotify)
                  0000c4a4    00000020                              : RingBuf.oem4f (.text:RingBuf_peek)
                  0000c4c4    00000020     msp432p4xx_driverlib.lib : timer32.o (.text:Timer32_startTimer)
                  0000c4e4    00000020                              : timer_a.o (.text:Timer_A_disableCaptureCompareInterrupt)
                  0000c504    00000020                              : timer_a.o (.text:Timer_A_enableCaptureCompareInterrupt)
                  0000c524    00000020     drivers_msp432p4xx.aem4f : UDMAMSP432.oem4f (.text:UDMAMSP432_close)
                  0000c544    00000020     fatfs.aem4f : diskio.oem4f (.text:disk_write)
                  0000c564    00000020                 : ffcio.oem4f (.text:ffcio_close)
                  0000c584    00000020                 : ffcio.oem4f (.text:ffcio_read)
                  0000c5a4    00000020                 : ffcio.oem4f (.text:ffcio_write)
                  0000c5c4    00000020     rtsv7M4_T_le_v4SPD16_eabi.lib : memchr.obj (.text)
                  0000c5e4    00000004     --HOLE-- [fill = 0]
                  0000c5e8    00000020     sysbios.aem4f : BIOS.obj (.text:sleep)
                  0000c608    00000020     drivers_msp432p4xx.aem4f : SDSPIMSP432.oem4f (.text:takeSPIBus)
                  0000c628    00000020     release_pem4f.oem4f (.text:ti_sysbios_BIOS_rtsLock__I)
                  0000c648    00000020     release_pem4f.oem4f (.text:ti_sysbios_family_arm_m3_Hwi_Object__delete__S)
                  0000c668    00000020     sysbios.aem4f : m3_Hwi_asm.obj (.text:ti_sysbios_family_arm_m3_Hwi_excHandlerAsm__I)
                  0000c688    00000020                   : BIOS.obj (.text:ti_sysbios_family_arm_m3_Hwi_excHandler__I)
                  0000c6a8    00000020     release_pem4f.oem4f (.text:ti_sysbios_gates_GateHwi_Object__delete__S)
                  0000c6c8    00000020     release_pem4f.oem4f (.text:ti_sysbios_heaps_HeapMem_Object__delete__S)
                  0000c6e8    00000020     sysbios.aem4f : BIOS.obj (.text:ti_sysbios_knl_Idle_run__E)
                  0000c708    00000020     release_pem4f.oem4f (.text:ti_sysbios_knl_Semaphore_destruct)
                  0000c728    0000001e     drivers_msp432p4xx.aem4f : PWMTimerMSP432.oem4f (.text:corroboratePeriod)
                  0000c746    0000001e     fatfs.aem4f : ff.oem4f (.text:ld_clust)
                  0000c764    0000001e     sysbios.aem4f : m3_Hwi_asm_switch.obj (.text:ti_sysbios_family_xxx_Hwi_switchAndRunFunc)
                  0000c782    0000001c     drivers_msp432p4xx.aem4f : TimerMSP432.oem4f (.text:TimerMSP432_Timer32_getCount)
                  0000c79e    0000001c                              : TimerMSP432.oem4f (.text:TimerMSP432_Timer_A_getCount)
                  0000c7ba    0000001c     msp432p4xx_driverlib.lib : timer_a.o (.text:Timer_A_getCounterValue)
                  0000c7d6    00000002     --HOLE-- [fill = 0]
                  0000c7d8    0000001c     sysbios.aem4f : BIOS.obj (.text:_pthread_cleanup_pop)
                  0000c7f4    0000001c     fatfs.aem4f : diskio.oem4f (.text:disk_initialize)
                  0000c810    0000001c                 : diskio.oem4f (.text:disk_status)
                  0000c82c    0000001c                 : ff.oem4f (.text:mem_cmp)
                  0000c848    0000001c     rtsv7M4_T_le_v4SPD16_eabi.lib : memccpy.obj (.text)
                  0000c864    00000004     --HOLE-- [fill = 0]
                  0000c868    0000001c     sysbios.aem4f : BIOS.obj (.text:ti_sysbios_gates_GateMutex_Instance_init__E)
                  0000c884    00000004     --HOLE-- [fill = 0]
                  0000c888    0000001c                   : BIOS.obj (.text:ti_sysbios_knl_Clock_Instance_finalize__E)
                  0000c8a4    0000001c     release_pem4f.oem4f (.text:ti_sysbios_knl_Queue_destruct)
                  0000c8c0    0000001c     sysbios.aem4f : BIOS.obj (.text:ti_sysbios_knl_Queue_put__E)
                  0000c8dc    00000004     --HOLE-- [fill = 0]
                  0000c8e0    0000001c                   : BIOS.obj (.text:ti_sysbios_knl_Task_enter__I)
                  0000c8fc    00000004     --HOLE-- [fill = 0]
                  0000c900    0000001c                   : BIOS.obj (.text:xdc_runtime_Memory_valloc__E)
                  0000c91c    0000001a     msp432p4xx_driverlib.lib : timer_a.o (.text:Timer_A_clearCaptureCompareInterrupt)
                  0000c936    0000001a     fatfs.aem4f : ff.oem4f (.text:unlock_fs)
                  0000c950    00000018     release_pem4f.oem4f (.text:.bootCodeSection:ti_sysbios_family_arm_msp432_init_Boot_init__I)
                  0000c968    00000018     drivers_msp432p4xx.aem4f : PowerMSP432.oem4f (.text:Power_idleFunc)
                  0000c980    00000018                              : UART.oem4f (.text:UART_Params_init)
                  0000c998    00000018     fatfs.aem4f : ff.oem4f (.text:clust2sect)
                  0000c9b0    00000018     drivers_msp432p4xx.aem4f : PWMTimerMSP432.oem4f (.text:corroborateDuty)
                  0000c9c8    00000018     MSP_EXP432P401R.obj (.text:dmaErrorHwi)
                  0000c9e0    00000018     fatfs.aem4f : ffosal.oem4f (.text:ff_cre_syncobj)
                  0000c9f8    00000018     release_pem4f.oem4f (.text:free)
                  0000ca10    00000018     sysbios.aem4f : BIOS.obj (.text:pthread_attr_setschedparam)
                  0000ca28    00000018     rtsv7M4_T_le_v4SPD16_eabi.lib : args_main.obj (.text)
                  0000ca40    00000018                                   : strcmp.obj (.text)
                  0000ca58    00000018     release_pem4f.oem4f (.text:ti_sysbios_BIOS_rtsUnlock__I)
                  0000ca70    00000018     release_pem4f.oem4f (.text:ti_sysbios_family_arm_m3_Hwi_Module__startupDone__F)
                  0000ca88    00000018     sysbios.aem4f : m3_TaskSupport_asm.obj (.text:ti_sysbios_family_arm_m3_TaskSupport_swap__E)
                  0000caa0    00000018     release_pem4f.oem4f (.text:ti_sysbios_family_arm_msp432_Timer_Module__startupDone__F)
                  0000cab8    00000018     release_pem4f.oem4f (.text:ti_sysbios_gates_GateHwi_Handle__label__S)
                  0000cad0    00000018     release_pem4f.oem4f (.text:ti_sysbios_gates_GateMutex_Handle__label__S)
                  0000cae8    00000018     sysbios.aem4f : BIOS.obj (.text:ti_sysbios_gates_GateMutex_leave__E)
                  0000cb00    00000018     release_pem4f.oem4f (.text:ti_sysbios_heaps_HeapMem_Handle__label__S)
                  0000cb18    00000018     sysbios.aem4f : BIOS.obj (.text:ti_sysbios_knl_Task_sleepTimeout__I)
                  0000cb30    00000018     release_pem4f.oem4f (.text:time)
                  0000cb48    00000018     sysbios.aem4f : BIOS.obj (.text:xdc_runtime_Error_init__E)
                  0000cb60    00000018                   : BIOS.obj (.text:xdc_runtime_System_exit__E)
                  0000cb78    00000016     display.aem4f : DisplayUart.oem4f (.text:DisplayUartMin_close)
                  0000cb8e    00000016     drivers_msp432p4xx.aem4f : List.oem4f (.text:List_remove)
                  0000cba4    00000004     --HOLE-- [fill = 0]
                  0000cba8    00000016     sysbios.aem4f : BIOS.obj (.text:clock_settime)
                  0000cbbe    00000016     fatfs.aem4f : ff.oem4f (.text:mem_cpy)
                  0000cbd4    00000016     rtsv7M4_T_le_v4SPD16_eabi.lib : strchr.obj (.text)
                  0000cbea    00000016     release_pem4f.oem4f (.text:ti_sysbios_BIOS_exitFunc__I)
                  0000cc00    00000016     sysbios.aem4f : BIOS.obj (.text:ti_sysbios_knl_Task_unblock__E)
                  0000cc16    00000002     --HOLE-- [fill = 0]
                  0000cc18    00000014     drivers_msp432p4xx.aem4f : PWM.oem4f (.text:PWM_Params_init)
                  0000cc2c    00000014     PololuQik.obj (.text:PololuQik_setSpeeds)
                  0000cc40    00000014     drivers_msp432p4xx.aem4f : UARTMSP432.oem4f (.text:clearTXCPTIFG)
                  0000cc54    00000014     motorThread.obj (.text:edgeDetected)
                  0000cc68    00000014     fatfs.aem4f : ffosal.oem4f (.text:ff_req_grant)
                  0000cc7c    00000014                 : ff.oem4f (.text:mem_set)
                  0000cc90    00000014     sysbios.aem4f : BIOS.obj (.text:pthread_barrier_init)
                  0000cca4    00000014     rtsv7M4_T_le_v4SPD16_eabi.lib : _lock.obj (.text)
                  0000ccb8    00000014                                   : s_copysign.obj (.text)
                  0000cccc    00000014                                   : strcpy.obj (.text)
                  0000cce0    00000014                                   : strlen.obj (.text)
                  0000ccf4    00000004     --HOLE-- [fill = 0]
                  0000ccf8    00000014     sysbios.aem4f : BIOS.obj (.text:sem_init)
                  0000cd0c    00000014     release_pem4f.oem4f (.text:ti_sysbios_family_arm_m3_Hwi_Object__get__S)
                  0000cd20    00000014     sysbios.aem4f : BIOS.obj (.text:ti_sysbios_family_arm_m3_Hwi_switchFromBootStack__E)
                  0000cd34    00000014     release_pem4f.oem4f (.text:ti_sysbios_heaps_HeapMem_Object__get__S)
                  0000cd48    00000014     release_pem4f.oem4f (.text:ti_sysbios_knl_Swi_Object__get__S)
                  0000cd5c    00000012     dpl_msp432p4xx.aem4f : ClockP_tirtos.oem4f (.text:ClockP_start)
                  0000cd6e    00000012     drivers_msp432p4xx.aem4f : RingBuf.oem4f (.text:RingBuf_construct)
                  0000cd80    00000012                              : SDSPIMSP432.oem4f (.text:SDSPIMSP432_init)
                  0000cd92    00000012     dpl_msp432p4xx.aem4f : SemaphoreP_tirtos.oem4f (.text:SemaphoreP_pend)
                  0000cda4    00000012     fatfs.aem4f : ff.oem4f (.text:chk_chr)
                  0000cdb6    00000012                 : ffcio.oem4f (.text:ffcio_rename)
                  0000cdc8    00000012                 : ffcio.oem4f (.text:ffcio_unlink)
                  0000cdda    00000006     drivers_msp432p4xx.aem4f : PWMTimerMSP432.oem4f (.text:PWMTimerMSP432_control)
                  0000cde0    00000012     sysbios.aem4f : BIOS.obj (.text:ti_sysbios_hal_Hwi_Module_startup__E)
                  0000cdf2    00000012     release_pem4f.oem4f (.text:xdc_runtime_Startup_exec__I)
                  0000ce04    00000010     PololuQik.obj (.text:PololuQik_init)
                  0000ce14    00000010     drivers_msp432p4xx.aem4f : PowerMSP432.oem4f (.text:PowerMSP432_getNumPerfLevels)
                  0000ce24    00000010                              : SDSPIMSP432.oem4f (.text:SDSPIMSP432_diskStatus)
                  0000ce34    00000010                              : SDSPI.oem4f (.text:SDSPI_Params_init)
                  0000ce44    00000010     msp432p4xx_driverlib.lib : sysctl.o (.text:SysCtl_disableNMISource)
                  0000ce54    00000010                              : sysctl.o (.text:SysCtl_enableNMISource)
                  0000ce64    00000010                              : sysctl.o (.text:SysCtl_getNMISourceStatus)
                  0000ce74    00000010     drivers_msp432p4xx.aem4f : TimerMSP432.oem4f (.text:TimerMSP432_Timer32_control)
                  0000ce84    00000010     msp432p4xx_driverlib.lib : timer_a.o (.text:Timer_A_clearTimer)
                  0000ce94    00000010     drivers_msp432p4xx.aem4f : Timer.oem4f (.text:Timer_Params_init)
                  0000cea4    00000010                              : UARTMSP432.oem4f (.text:readBlockingTimeout)
                  0000ceb4    00000010     fatfs.aem4f : ff.oem4f (.text:st_clust)
                  0000cec4    00000004     --HOLE-- [fill = 0]
                  0000cec8    00000010     sysbios.aem4f : BIOS.obj (.text:ti_sysbios_BIOS_exit__E)
                  0000ced8    00000010                   : BIOS.obj (.text:ti_sysbios_BIOS_setCpuFreq__E)
                  0000cee8    00000010                   : BIOS.obj (.text:ti_sysbios_BIOS_setThreadType__E)
                  0000cef8    00000010                   : BIOS.obj (.text:ti_sysbios_BIOS_start__E)
                  0000cf08    00000010                   : m3_TaskSupport_asm.obj (.text:ti_sysbios_family_arm_m3_TaskSupport_glue)
                  0000cf18    00000010                   : BIOS.obj (.text:ti_sysbios_family_arm_msp432_init_Boot_disableWatchdog)
                  0000cf28    00000010                   : BIOS.obj (.text:ti_sysbios_gates_GateMutex_Instance_finalize__E)
                  0000cf38    00000010     release_pem4f.oem4f (.text:ti_sysbios_knl_Mailbox_Object__get__S)
                  0000cf48    00000010     sysbios.aem4f : BIOS.obj (.text:ti_sysbios_knl_Semaphore_Instance_finalize__E)
                  0000cf58    00000010                   : BIOS.obj (.text:ti_sysbios_knl_Swi_disable__E)
                  0000cf68    00000010     release_pem4f.oem4f (.text:ti_sysbios_knl_Task_Object__get__S)
                  0000cf78    00000010     sysbios.aem4f : BIOS.obj (.text:ti_sysbios_knl_Task_disable__E)
                  0000cf88    00000010     accelThread.obj (.text:timerCallback)
                  0000cf98    00000010     sysbios.aem4f : BIOS.obj (.text:xdc_runtime_Gate_leaveSystem__E)
                  0000cfa8    00000010                   : BIOS.obj (.text:xdc_runtime_Memory_free__E)
                  0000cfb8    00000010                   : BIOS.obj (.text:xdc_runtime_SysCallback_abort__E)
                  0000cfc8    00000010                   : BIOS.obj (.text:xdc_runtime_SysCallback_exit__E)
                  0000cfd8    00000010                   : BIOS.obj (.text:xdc_runtime_SysCallback_putch__E)
                  0000cfe8    00000010                   : BIOS.obj (.text:xdc_runtime_SysCallback_ready__E)
                  0000cff8    00000010                   : BIOS.obj (.text:xdc_runtime_System_vsnprintf__E)
                  0000d008    0000000e     dpl_msp432p4xx.aem4f : ClockP_tirtos.oem4f (.text:ClockP_delete)
                  0000d016    0000000e                          : HwiP_tirtos.oem4f (.text:HwiP_Params_init)
                  0000d024    0000000e                          : HwiP_tirtos.oem4f (.text:HwiP_delete)
                  0000d032    0000000e                          : SemaphoreP_tirtos.oem4f (.text:SemaphoreP_delete)
                  0000d040    0000000e     rtsv7M4_T_le_v4SPD16_eabi.lib : copy_decompress_none.obj (.text:decompress:none)
                  0000d04e    00000002     --HOLE-- [fill = 0]
                  0000d050    0000000e     sysbios.aem4f : BIOS.obj (.text:pthread_attr_setdetachstate)
                  0000d05e    00000002     --HOLE-- [fill = 0]
                  0000d060    0000000e                   : BIOS.obj (.text:sem_wait)
                  0000d06e    00000002     --HOLE-- [fill = 0]
                  0000d070    0000000e                   : BIOS.obj (.text:ti_sysbios_knl_Idle_loop__E)
                  0000d07e    00000002     --HOLE-- [fill = 0]
                  0000d080    0000000e                   : BIOS.obj (.text:ti_sysbios_knl_Queue_empty__E)
                  0000d08e    0000000c     msp432p4xx_driverlib.lib : cpu.o (.text:CPU_cpsid)
                  0000d09a    0000000c                              : cpu.o (.text:CPU_cpsie)
                  0000d0a6    00000002     --HOLE-- [fill = 0]
                  0000d0a8    0000000c     dpl_msp432p4xx.aem4f : ClockP_tirtos.oem4f (.text:ClockP_getSystemTickPeriod)
                  0000d0b4    0000000c     drivers_msp432p4xx.aem4f : PowerMSP432.oem4f (.text:Power_getConstraintMask)
                  0000d0c0    0000000c                              : PowerMSP432.oem4f (.text:Power_getPerformanceLevel)
                  0000d0cc    0000000c     msp432p4xx_driverlib.lib : timer_a.o (.text:Timer_A_stopTimer)
                  0000d0d8    0000000c     rtsv7M4_T_le_v4SPD16_eabi.lib : copy_zero_init.obj (.text:decompress:ZI)
                  0000d0e4    00000004     --HOLE-- [fill = 0]
                  0000d0e8    0000000c     sysbios.aem4f : BIOS.obj (.text:pthread_self)
                  0000d0f4    0000000c     release_pem4f.oem4f (.text:ti_sysbios_family_arm_m3_Hwi_Params__init__S)
                  0000d100    0000000c     sysbios.aem4f : BIOS.obj (.text:ti_sysbios_family_arm_m3_Hwi_disableFxn__E)
                  0000d10c    00000004     --HOLE-- [fill = 0]
                  0000d110    0000000c                   : BIOS.obj (.text:ti_sysbios_family_arm_m3_TaskSupport_getStackAlignment__E)
                  0000d11c    00000004     --HOLE-- [fill = 0]
                  0000d120    0000000c                   : BIOS.obj (.text:ti_sysbios_family_arm_msp432_Timer_getMaxTicks__E)
                  0000d12c    00000004     --HOLE-- [fill = 0]
                  0000d130    0000000c                   : BIOS.obj (.text:ti_sysbios_gates_GateHwi_enter__E)
                  0000d13c    0000000c     release_pem4f.oem4f (.text:ti_sysbios_knl_Clock_Params__init__S)
                  0000d148    0000000c     sysbios.aem4f : BIOS.obj (.text:ti_sysbios_knl_Clock_getTicks__E)
                  0000d154    0000000c     release_pem4f.oem4f (.text:ti_sysbios_knl_Queue_Object__get__S)
                  0000d160    0000000c     release_pem4f.oem4f (.text:ti_sysbios_knl_Semaphore_Params__init__S)
                  0000d16c    0000000c     release_pem4f.oem4f (.text:ti_sysbios_knl_Task_Params__init__S)
                  0000d178    0000000c     sysbios.aem4f : BIOS.obj (.text:xdc_runtime_Gate_enterSystem__E)
                  0000d184    00000004     --HOLE-- [fill = 0]
                  0000d188    0000000c                   : BIOS.obj (.text:xdc_runtime_Startup_rtsDone__E)
                  0000d194    0000000a     dpl_msp432p4xx.aem4f : ClockP_tirtos.oem4f (.text:ClockP_stop)
                  0000d19e    0000000a     drivers_msp432p4xx.aem4f : PWM.oem4f (.text:PWM_setDuty)
                  0000d1a8    0000000a                              : PWM.oem4f (.text:PWM_start)
                  0000d1b2    0000000a                              : SPI.oem4f (.text:SPI_transfer)
                  0000d1bc    0000000a     dpl_msp432p4xx.aem4f : SemaphoreP_tirtos.oem4f (.text:SemaphoreP_Params_init)
                  0000d1c6    0000000a                          : SemaphoreP_tirtos.oem4f (.text:SemaphoreP_post)
                  0000d1d0    0000000a     msp432p4xx_driverlib.lib : timer32.o (.text:Timer32_clearInterruptFlag)
                  0000d1da    0000000a                              : timer32.o (.text:Timer32_disableInterrupt)
                  0000d1e4    0000000a                              : timer32.o (.text:Timer32_enableInterrupt)
                  0000d1ee    0000000a                              : timer32.o (.text:Timer32_haltTimer)
                  0000d1f8    0000000a     drivers_msp432p4xx.aem4f : TimerMSP432.oem4f (.text:TimerMSP432_init)
                  0000d202    0000000a                              : Timer.oem4f (.text:Timer_start)
                  0000d20c    0000000a                              : Timer.oem4f (.text:Timer_stop)
                  0000d216    0000000a                              : UART.oem4f (.text:UART_close)
                  0000d220    0000000a                              : UART.oem4f (.text:UART_control)
                  0000d22a    0000000a                              : UART.oem4f (.text:UART_read)
                  0000d234    0000000a                              : UART.oem4f (.text:UART_write)
                  0000d23e    0000000a     fatfs.aem4f : ffosal.oem4f (.text:ff_del_syncobj)
                  0000d248    0000000a     sysbios.aem4f : BIOS.obj (.text:sem_post)
                  0000d252    0000000a     release_pem4f.oem4f (.text:xdc_runtime_IHeap_alloc)
                  0000d25c    0000000a     release_pem4f.oem4f (.text:xdc_runtime_IHeap_free)
                  0000d266    00000008     dpl_msp432p4xx.aem4f : ClockP_tirtos.oem4f (.text:ClockP_Params_init)
                  0000d26e    00000008     msp432p4xx_driverlib.lib : timer_a.o (.text:Timer_A_startCounter)
                  0000d276    00000008     drivers_msp432p4xx.aem4f : SPIMSP432DMA.oem4f (.text:blockingTransferCallback)
                  0000d27e    00000002     --HOLE-- [fill = 0]
                  0000d280    00000008     sysbios.aem4f : BIOS.obj (.text:pthread_attr_setstacksize)
                  0000d288    00000008     drivers_msp432p4xx.aem4f : UARTMSP432.oem4f (.text:readSemCallback)
                  0000d290    00000008     sysbios.aem4f : BIOS.obj (.text:ti_sysbios_family_arm_m3_Hwi_doSwiRestore__I)
                  0000d298    00000008                   : BIOS.obj (.text:ti_sysbios_family_arm_m3_Hwi_startup__E)
                  0000d2a0    00000008     drivers_msp432p4xx.aem4f : UARTMSP432.oem4f (.text:txcptEnabledStatus)
                  0000d2a8    00000008                              : UARTMSP432.oem4f (.text:writeSemCallback)
                  0000d2b0    00000006                              : SDSPIMSP432.oem4f (.text:SDSPIMSP432_control)
                  0000d2b6    00000006                              : SPIMSP432DMA.oem4f (.text:SPIMSP432DMA_control)
                  0000d2bc    00000006                              : TimerMSP432.oem4f (.text:TimerMSP432_Timer_A_control)
                  0000d2c2    00000006     fatfs.aem4f : ff.oem4f (.text:lock_fs)
                  0000d2c8    00000006     sysbios.aem4f : BIOS.obj (.text:ti_sysbios_family_arm_m3_Hwi_doTaskRestore__I)
                  0000d2ce    00000002     --HOLE-- [fill = 0]
                  0000d2d0    00000006                   : BIOS.obj (.text:ti_sysbios_family_arm_m3_Hwi_restoreFxn__E)
                  0000d2d6    00000002     --HOLE-- [fill = 0]
                  0000d2d8    00000006                   : BIOS.obj (.text:ti_sysbios_gates_GateHwi_leave__E)
                  0000d2de    00000002     --HOLE-- [fill = 0]
                  0000d2e0    00000006                   : BIOS.obj (.text:ti_sysbios_heaps_HeapMem_isBlocking__E)
                  0000d2e6    00000002     --HOLE-- [fill = 0]
                  0000d2e8    00000006                   : BIOS.obj (.text:ti_sysbios_knl_Clock_stop__E)
                  0000d2ee    00000002     --HOLE-- [fill = 0]
                  0000d2f0    00000006                   : BIOS.obj (.text:ti_sysbios_knl_Queue_Instance_init__E)
                  0000d2f6    00000002     --HOLE-- [fill = 0]
                  0000d2f8    00000006                   : BIOS.obj (.text:ti_sysbios_knl_Swi_startup__E)
                  0000d2fe    00000002     --HOLE-- [fill = 0]
                  0000d300    00000006                   : BIOS.obj (.text:xdc_runtime_System_Module_startup__E)
                  0000d306    00000002     --HOLE-- [fill = 0]
                  0000d308    00000004                   : BIOS.obj (.text:ti_sysbios_gates_GateHwi_query__E)
                  0000d30c    00000004     --HOLE-- [fill = 0]
                  0000d310    00000004                   : BIOS.obj (.text:ti_sysbios_gates_GateMutex_query__E)
                  0000d314    00000004     --HOLE-- [fill = 0]
                  0000d318    00000004                   : BIOS.obj (.text:ti_sysbios_knl_Clock_setTimeout__E)
                  0000d31c    00000004     --HOLE-- [fill = 0]
                  0000d320    00000004                   : BIOS.obj (.text:ti_sysbios_knl_Task_startup__E)
                  0000d324    00000004     --HOLE-- [fill = 0]
                  0000d328    00000004                   : BIOS.obj (.text:xdc_runtime_SysCallback_defaultReady)
                  0000d32c    00000004     --HOLE-- [fill = 0]
                  0000d330    00000002                   : BIOS.obj (.text:ti_sysbios_BIOS_linkedWithIncorrectBootLibrary__E)
                  0000d332    00000006     --HOLE-- [fill = 0]
                  0000d338    00000002                   : BIOS.obj (.text:ti_sysbios_gates_GateHwi_Instance_init__E)
                  0000d33a    00000006     --HOLE-- [fill = 0]
                  0000d340    00000002                   : BIOS.obj (.text:ti_sysbios_knl_Clock_logTick__E)
                  0000d342    00000006     --HOLE-- [fill = 0]
                  0000d348    00000002                   : BIOS.obj (.text:xdc_runtime_SysCallback_defaultAbort)
                  0000d34a    00000006     --HOLE-- [fill = 0]
                  0000d350    00000002                   : BIOS.obj (.text:xdc_runtime_SysCallback_defaultExit)
                  0000d352    00000006     --HOLE-- [fill = 0]
                  0000d358    00000002                   : BIOS.obj (.text:xdc_runtime_SysCallback_defaultPutch)
                  0000d35a    00000006     --HOLE-- [fill = 0]
                  0000d360    00000002                   : BIOS.obj (.text:xdc_runtime_System_abortSpin__E)
                  0000d362    00000006     --HOLE-- [fill = 0]
                  0000d368    00000002                   : BIOS.obj (.text:xdc_runtime_System_exitSpin__E)

.const     0    0000d36c    00000e1c     
                  0000d36c    0000025e     xbeeThread.obj (.const:.string:textarray)
                  0000d5ca    00000101     rtsv7M4_T_le_v4SPD16_eabi.lib : ctype.obj (.const:.string:_ctypes_)
                  0000d6cb    00000001     display.aem4f : Display.oem4f (.const:Display_defaultParams)
                  0000d6cc    000000a0     MSP_EXP432P401R.obj (.const:uartMSP432HWAttrs)
                  0000d76c    0000009f     xbeeThread.obj (.const:.string:helpPrompt)
                  0000d80b    00000001     release_pem4f.oem4f (.const:xdc_runtime_Error_policy__C)
                  0000d80c    00000090     MSP_EXP432P401R.obj (.const:spiMSP432DMAHWAttrs)
                  0000d89c    00000090     MSP_EXP432P401R.obj (.const:uartMSP432Baudrates)
                  0000d92c    00000060     rtsv7M4_T_le_v4SPD16_eabi.lib : mktime.obj (.const:$O1$$)
                  0000d98c    00000050     drivers_msp432p4xx.aem4f : TimerMSP432.oem4f (.const:timerADividers)
                  0000d9dc    00000050     MSP_EXP432P401R.obj (.const:timerMSP432HWAttrs)
                  0000da2c    00000048     release_pem4f.oem4f (.const:.string)
                  0000da74    0000003c     MSP_EXP432P401R.obj (.const:Timer_config)
                  0000dab0    0000003c     release_pem4f.oem4f (.const:ti_sysbios_knl_Task_Object__PARAMS__C)
                  0000daec    00000030     MSP_EXP432P401R.obj (.const:SPI_config)
                  0000db1c    00000030     MSP_EXP432P401R.obj (.const:UART_config)
                  0000db4c    00000030     release_pem4f.oem4f (.const:ti_sysbios_family_arm_m3_Hwi_Object__PARAMS__C)
                  0000db7c    00000028     drivers_msp432p4xx.aem4f : UARTMSP432.oem4f (.const:UARTMSP432_fxnTable)
                  0000dba4    00000028     release_pem4f.oem4f (.const:ti_sysbios_heaps_HeapMem_Module__FXNS__C)
                  0000dbcc    00000024     drivers_msp432p4xx.aem4f : UART.oem4f (.const:UART_defaultParams)
                  0000dbf0    00000024     release_pem4f.oem4f (.const:ti_sysbios_gates_GateHwi_Module__FXNS__C)
                  0000dc14    00000024     release_pem4f.oem4f (.const:ti_sysbios_gates_GateMutex_Module__FXNS__C)
                  0000dc38    00000024     release_pem4f.oem4f (.const:ti_sysbios_heaps_HeapMem_Object__PARAMS__C)
                  0000dc5c    00000024     release_pem4f.oem4f (.const:ti_sysbios_knl_Clock_Object__PARAMS__C)
                  0000dc80    00000024     release_pem4f.oem4f (.const:ti_sysbios_knl_Semaphore_Object__PARAMS__C)
                  0000dca4    00000024     release_pem4f.oem4f (.const:xdc_runtime_Startup_sfxnTab__A)
                  0000dcc8    00000023     xbeeThread.obj (.const:.string:moveMotorsDisplay)
                  0000dceb    00000001     release_pem4f.oem4f (.const:xdc_runtime_Text_charTab__A)
                  0000dcec    00000020     display.aem4f : DisplayUart.oem4f (.const:DisplayUartMin_fxnTable)
                  0000dd0c    00000020     drivers_msp432p4xx.aem4f : PWMTimerMSP432.oem4f (.const:PWMTimerMSP432_fxnTable)
                  0000dd2c    00000020                              : SPI.oem4f (.const:SPI_defaultParams)
                  0000dd4c    00000020                              : UARTMSP432.oem4f (.const:staticFxnTable)
                  0000dd6c    00000020     release_pem4f.oem4f (.const:ti_sysbios_family_arm_m3_Hwi_Object__DESC__C)
                  0000dd8c    00000020     release_pem4f.oem4f (.const:ti_sysbios_gates_GateHwi_Object__DESC__C)
                  0000ddac    00000020     release_pem4f.oem4f (.const:ti_sysbios_gates_GateMutex_Object__DESC__C)
                  0000ddcc    00000020     release_pem4f.oem4f (.const:ti_sysbios_heaps_HeapMem_Object__DESC__C)
                  0000ddec    00000020     release_pem4f.oem4f (.const:ti_sysbios_knl_Clock_Object__DESC__C)
                  0000de0c    00000020     release_pem4f.oem4f (.const:ti_sysbios_knl_Queue_Object__DESC__C)
                  0000de2c    00000020     release_pem4f.oem4f (.const:ti_sysbios_knl_Semaphore_Object__DESC__C)
                  0000de4c    00000020     release_pem4f.oem4f (.const:ti_sysbios_knl_Task_Object__DESC__C)
                  0000de6c    00000018     xbeeThread.obj (.const:.string:consoleDisplay)
                  0000de84    00000018     MSP_EXP432P401R.obj (.const:PWM_config)
                  0000de9c    00000018     drivers_msp432p4xx.aem4f : PWM.oem4f (.const:PWM_defaultParams)
                  0000deb4    00000018     MSP_EXP432P401R.obj (.const:PowerMSP432_config)
                  0000decc    00000018     drivers_msp432p4xx.aem4f : SPIMSP432DMA.oem4f (.const:SPIMSP432DMA_fxnTable)
                  0000dee4    00000018     release_pem4f.oem4f (.const:ti_sysbios_gates_GateHwi_Object__PARAMS__C)
                  0000defc    00000018     release_pem4f.oem4f (.const:ti_sysbios_gates_GateMutex_Object__PARAMS__C)
                  0000df14    00000018     release_pem4f.oem4f (.const:ti_sysbios_knl_Queue_Object__PARAMS__C)
                  0000df2c    00000015     xbeeThread.obj (.const:.string:readErrDisplay)
                  0000df41    00000003     xbeeThread.obj (.const:.string:newLineDisplay)
                  0000df44    00000014     MSP_EXP432P401R.obj (.const:GPIOMSP432_config)
                  0000df58    00000014     MSP_EXP432P401R.obj (.const:displayUartHWAttrs)
                  0000df6c    00000012     release_pem4f.oem4f (.const:xdc_runtime_Startup_sfxnRts__A)
                  0000df7e    00000002     accelThread.obj (.const:.string:$P$T0$1)
                  0000df80    00000010     drivers_msp432p4xx.aem4f : SDSPIMSP432.oem4f (.const:SDSPIMSP432_fxnTable)
                  0000df90    00000010                              : PWMTimerMSP432.oem4f (.const:pwmTimerBaseAddr)
                  0000dfa0    00000010     MSP_EXP432P401R.obj (.const:pwmTimerMSP432HWAttrs)
                  0000dfb0    00000010     MSP_EXP432P401R.obj (.const:sdspiMSP432HWAttrs)
                  0000dfc0    0000000c     MSP_EXP432P401R.obj (.const:Display_config)
                  0000dfcc    0000000c     MSP_EXP432P401R.obj (.const)
                  0000dfd8    0000000c     MSP_EXP432P401R.obj (.const:SDSPI_config)
                  0000dfe4    0000000c     drivers_msp432p4xx.aem4f : Timer.oem4f (.const:defaultParams)
                  0000dff0    0000000c                              : SPIMSP432DMA.oem4f (.const:frameFormat)
                  0000dffc    0000000c     release_pem4f.oem4f (.const:ti_sysbios_family_arm_msp432_Seconds_daysPerMonthLeap__A)
                  0000e008    0000000c     release_pem4f.oem4f (.const:ti_sysbios_family_arm_msp432_Seconds_daysPerMonthNonLeap__A)
                  0000e014    0000000c     drivers_msp432p4xx.aem4f : TimerMSP432.oem4f (.const:timer32Dividers)
                  0000e020    0000000c     MSP_EXP432P401R.obj (.const:udmaMSP432HWAttrs)
                  0000e02c    0000000c     release_pem4f.oem4f (.const:xdc_runtime_Startup_firstFxns__A)
                  0000e038    00000008     drivers_msp432p4xx.aem4f : SDSPI.oem4f (.const:SDSPI_defaultParams)
                  0000e040    00000008     MSP_EXP432P401R.obj (.const:UDMAMSP432_config)
                  0000e048    00000008     release_pem4f.oem4f (.const:ti_sysbios_knl_Idle_funcList__C)
                  0000e050    00000008     sdCardThread.obj (.const:ts)
                  0000e058    00000008     release_pem4f.oem4f (.const:xdc_runtime_Startup_firstFxns__C)
                  0000e060    00000008     release_pem4f.oem4f (.const:xdc_runtime_Startup_lastFxns__C)
                  0000e068    00000006     drivers_msp432p4xx.aem4f : GPIOMSP432.oem4f (.const:.string:interruptType)
                  0000e06e    00000006                              : GPIOMSP432.oem4f (.const:.string:portInterruptIds)
                  0000e074    00000005                              : UARTMSP432.oem4f (.const:.string:parityTypes)
                  0000e079    00000004     xbeeThread.obj (.const:.string:$P$T0$1)
                  0000e07d    00000001     --HOLE-- [fill = 0]
                  0000e07e    00000004     drivers_msp432p4xx.aem4f : UARTMSP432.oem4f (.const:stopBits)
                  0000e082    00000002     xbeeThread.obj (.const:.string:cleanDisplay)
                  0000e084    00000004     release_pem4f.oem4f (.const:ti_sysbios_family_arm_m3_Hwi_E_alreadyDefined__C)
                  0000e088    00000004     release_pem4f.oem4f (.const:ti_sysbios_family_arm_m3_Hwi_NUM_INTERRUPTS__C)
                  0000e08c    00000004     release_pem4f.oem4f (.const:ti_sysbios_family_arm_m3_Hwi_Object__count__C)
                  0000e090    00000004     release_pem4f.oem4f (.const:ti_sysbios_family_arm_m3_Hwi_ccr__C)
                  0000e094    00000004     release_pem4f.oem4f (.const:ti_sysbios_family_arm_m3_Hwi_excHandlerFunc__C)
                  0000e098    00000004     release_pem4f.oem4f (.const:ti_sysbios_family_arm_m3_Hwi_nullIsrFunc__C)
                  0000e09c    00000004     release_pem4f.oem4f (.const:ti_sysbios_family_arm_m3_Hwi_priGroup__C)
                  0000e0a0    00000004     release_pem4f.oem4f (.const:ti_sysbios_family_arm_m3_Hwi_swiDisable__C)
                  0000e0a4    00000004     release_pem4f.oem4f (.const:ti_sysbios_family_arm_m3_Hwi_swiRestoreHwi__C)
                  0000e0a8    00000004     release_pem4f.oem4f (.const:ti_sysbios_family_arm_m3_TaskSupport_stackAlignment__C)
                  0000e0ac    00000004     release_pem4f.oem4f (.const:ti_sysbios_family_arm_msp432_Seconds_daysPerMonthLeap__C)
                  0000e0b0    00000004     release_pem4f.oem4f (.const:ti_sysbios_family_arm_msp432_Seconds_daysPerMonthNonLeap__C)
                  0000e0b4    00000004     release_pem4f.oem4f (.const:ti_sysbios_family_arm_msp432_Timer_numTimerDevices__C)
                  0000e0b8    00000004     release_pem4f.oem4f (.const:ti_sysbios_family_arm_msp432_Timer_startupNeeded__C)
                  0000e0bc    00000004     release_pem4f.oem4f (.const:ti_sysbios_gates_GateMutex_Instance_State_sem__O)
                  0000e0c0    00000004     release_pem4f.oem4f (.const:ti_sysbios_heaps_HeapMem_E_memory__C)
                  0000e0c4    00000004     release_pem4f.oem4f (.const:ti_sysbios_heaps_HeapMem_Module__gateObj__C)
                  0000e0c8    00000004     release_pem4f.oem4f (.const:ti_sysbios_heaps_HeapMem_Object__count__C)
                  0000e0cc    00000004     release_pem4f.oem4f (.const:ti_sysbios_heaps_HeapMem_primaryHeapBaseAddr__C)
                  0000e0d0    00000004     release_pem4f.oem4f (.const:ti_sysbios_heaps_HeapMem_primaryHeapEndAddr__C)
                  0000e0d4    00000004     release_pem4f.oem4f (.const:ti_sysbios_heaps_HeapMem_reqAlign__C)
                  0000e0d8    00000004     release_pem4f.oem4f (.const:ti_sysbios_knl_Clock_Module_State_clockQ__O)
                  0000e0dc    00000004     release_pem4f.oem4f (.const:ti_sysbios_knl_Clock_tickPeriod__C)
                  0000e0e0    00000004     release_pem4f.oem4f (.const:ti_sysbios_knl_Idle_funcList__A)
                  0000e0e4    00000004     release_pem4f.oem4f (.const:ti_sysbios_knl_Mailbox_Instance_State_freeQue__O)
                  0000e0e8    00000004     release_pem4f.oem4f (.const:ti_sysbios_knl_Mailbox_Object__count__C)
                  0000e0ec    00000004     release_pem4f.oem4f (.const:ti_sysbios_knl_Mailbox_maxTypeAlign__C)
                  0000e0f0    00000004     release_pem4f.oem4f (.const:ti_sysbios_knl_Semaphore_Instance_State_pendQ__O)
                  0000e0f4    00000004     release_pem4f.oem4f (.const:ti_sysbios_knl_Swi_Object__count__C)
                  0000e0f8    00000004     release_pem4f.oem4f (.const:ti_sysbios_knl_Task_Module_State_inactiveQ__O)
                  0000e0fc    00000004     release_pem4f.oem4f (.const:ti_sysbios_knl_Task_Object__count__C)
                  0000e100    00000004     release_pem4f.oem4f (.const:ti_sysbios_knl_Task_Object__heap__C)
                  0000e104    00000004     release_pem4f.oem4f (.const:ti_sysbios_knl_Task_allBlockedFunc__C)
                  0000e108    00000004     release_pem4f.oem4f (.const:ti_sysbios_knl_Task_defaultStackHeap__C)
                  0000e10c    00000004     release_pem4f.oem4f (.const:ti_sysbios_knl_Task_defaultStackSize__C)
                  0000e110    00000004     release_pem4f.oem4f (.const:ti_sysbios_knl_Task_numConstructedTasks__C)
                  0000e114    00000004     release_pem4f.oem4f (.const:xdc_runtime_Error_E_memory__C)
                  0000e118    00000004     release_pem4f.oem4f (.const:xdc_runtime_Error_policyFxn__C)
                  0000e11c    00000004     release_pem4f.oem4f (.const:xdc_runtime_IGateProvider_Interface__BASE__C)
                  0000e120    00000004     release_pem4f.oem4f (.const:xdc_runtime_IHeap_Interface__BASE__C)
                  0000e124    00000004     release_pem4f.oem4f (.const:xdc_runtime_IModule_Interface__BASE__C)
                  0000e128    00000004     release_pem4f.oem4f (.const:xdc_runtime_Memory_defaultHeapInstance__C)
                  0000e12c    00000004     release_pem4f.oem4f (.const:xdc_runtime_Startup_execImpl__C)
                  0000e130    00000004     release_pem4f.oem4f (.const:xdc_runtime_Startup_maxPasses__C)
                  0000e134    00000004     release_pem4f.oem4f (.const:xdc_runtime_Startup_sfxnRts__C)
                  0000e138    00000004     release_pem4f.oem4f (.const:xdc_runtime_Startup_sfxnTab__C)
                  0000e13c    00000004     release_pem4f.oem4f (.const:xdc_runtime_SysCallback_abortFxn__C)
                  0000e140    00000004     release_pem4f.oem4f (.const:xdc_runtime_SysCallback_exitFxn__C)
                  0000e144    00000004     release_pem4f.oem4f (.const:xdc_runtime_SysCallback_putchFxn__C)
                  0000e148    00000004     release_pem4f.oem4f (.const:xdc_runtime_SysCallback_readyFxn__C)
                  0000e14c    00000004     release_pem4f.oem4f (.const:xdc_runtime_System_Module__gateObj__C)
                  0000e150    00000004     release_pem4f.oem4f (.const:xdc_runtime_System_abortFxn__C)
                  0000e154    00000004     release_pem4f.oem4f (.const:xdc_runtime_System_exitFxn__C)
[...]
0000d311  ti_sysbios_BIOS_RtsGateProxy_query__E                       
0000d311  ti_sysbios_gates_GateMutex_query__E                         
0000d311  ti_sysbios_heaps_HeapMem_Module_GateProxy_query__E          
0000d319  ti_sysbios_knl_Clock_setTimeout__E                          
0000d321  ti_sysbios_knl_Task_startup__E                              
0000d329  xdc_runtime_SysCallback_defaultReady                        
0000d331  ti_sysbios_BIOS_linkedWithIncorrectBootLibrary__E           
0000d339  ti_sysbios_gates_GateHwi_Instance_init__E                   
0000d341  ti_sysbios_knl_Clock_logTick__E                             
0000d349  xdc_runtime_SysCallback_defaultAbort                        
0000d351  xdc_runtime_SysCallback_defaultExit                         
0000d359  xdc_runtime_SysCallback_defaultPutch                        
0000d361  xdc_runtime_System_abortSpin__E                             
0000d369  xdc_runtime_System_exitSpin__E                              
0000d36c  textarray                                                   
0000d5ca  _ctypes_                                                    
0000d6cb  Display_defaultParams                                       
0000d6cc  uartMSP432HWAttrs                                           
0000d76c  helpPrompt                                                  
0000d80b  xdc_runtime_Error_policy__C                                 
0000d80c  spiMSP432DMAHWAttrs                                         
0000d89c  uartMSP432Baudrates                                         
0000d9dc  timerMSP432HWAttrs                                          
0000da74  Timer_config                                                
0000dab0  ti_sysbios_knl_Task_Object__PARAMS__C                       
0000daec  SPI_config                                                  
0000db1c  UART_config                                                 
0000db4c  ti_sysbios_family_arm_m3_Hwi_Object__PARAMS__C              
0000db7c  UARTMSP432_fxnTable                                         
0000dba4  ti_sysbios_heaps_HeapMem_Module__FXNS__C                    
0000dbcc  UART_defaultParams                                          
0000dbf0  ti_sysbios_gates_GateHwi_Module__FXNS__C                    
0000dc14  ti_sysbios_gates_GateMutex_Module__FXNS__C                  
0000dc38  ti_sysbios_heaps_HeapMem_Object__PARAMS__C                  
0000dc5c  ti_sysbios_knl_Clock_Object__PARAMS__C                      
0000dc80  ti_sysbios_knl_Semaphore_Object__PARAMS__C                  
0000dca4  xdc_runtime_Startup_sfxnTab__A                              
0000dcc8  moveMotorsDisplay                                           
0000dceb  xdc_runtime_Text_charTab__A                                 
0000dcec  DisplayUartMin_fxnTable                                     
0000dd0c  PWMTimerMSP432_fxnTable                                     
0000dd2c  SPI_defaultParams                                           
0000dd6c  ti_sysbios_family_arm_m3_Hwi_Object__DESC__C                
0000dd8c  ti_sysbios_gates_GateHwi_Object__DESC__C                    
0000ddac  ti_sysbios_gates_GateMutex_Object__DESC__C                  
0000ddcc  ti_sysbios_heaps_HeapMem_Object__DESC__C                    
0000ddec  ti_sysbios_knl_Clock_Object__DESC__C                        
0000de0c  ti_sysbios_knl_Queue_Object__DESC__C                        
0000de2c  ti_sysbios_knl_Semaphore_Object__DESC__C                    
0000de4c  ti_sysbios_knl_Task_Object__DESC__C                         
0000de6c  consoleDisplay                                              
0000de84  PWM_config                                                  
0000de9c  PWM_defaultParams                                           
0000deb4  PowerMSP432_config                                          
0000decc  SPIMSP432DMA_fxnTable                                       
0000dee4  ti_sysbios_gates_GateHwi_Object__PARAMS__C                  
0000defc  ti_sysbios_gates_GateMutex_Object__PARAMS__C                
0000df14  ti_sysbios_knl_Queue_Object__PARAMS__C                      
0000df2c  readErrDisplay                                              
0000df41  newLineDisplay                                              
0000df44  GPIOMSP432_config                                           
0000df58  displayUartHWAttrs                                          
0000df6c  xdc_runtime_Startup_sfxnRts__A                              
0000df80  SDSPIMSP432_fxnTable                                        
0000dfa0  pwmTimerMSP432HWAttrs                                       
0000dfb0  sdspiMSP432HWAttrs                                          
0000dfc0  Display_config                                              
0000dfcc  ADC_count                                                   
0000dfcd  ADCBuf_count                                                
0000dfce  Capture_count                                               
0000dfcf  Display_count                                               
0000dfd0  I2C_count                                                   
0000dfd1  I2CSlave_count                                              
0000dfd2  PWM_count                                                   
0000dfd3  SDSPI_count                                                 
0000dfd4  SPI_count                                                   
0000dfd5  Timer_count                                                 
0000dfd6  UART_count                                                  
0000dfd7  Watchdog_count                                              
0000dfd8  SDSPI_config                                                
0000dffc  ti_sysbios_family_arm_msp432_Seconds_daysPerMonthLeap__A    
0000e008  ti_sysbios_family_arm_msp432_Seconds_daysPerMonthNonLeap__A 
0000e020  udmaMSP432HWAttrs                                           
0000e02c  xdc_runtime_Startup_firstFxns__A                            
0000e038  SDSPI_defaultParams                                         
0000e040  UDMAMSP432_config                                           
0000e048  ti_sysbios_knl_Idle_funcList__C                             
0000e050  ts                                                          
0000e058  xdc_runtime_Startup_firstFxns__C                            
0000e060  xdc_runtime_Startup_lastFxns__C                             
0000e082  cleanDisplay                                                
0000e084  ti_sysbios_family_arm_m3_Hwi_E_alreadyDefined__C            
0000e088  ti_sysbios_family_arm_m3_Hwi_NUM_INTERRUPTS__C              
0000e08c  ti_sysbios_family_arm_m3_Hwi_Object__count__C               
0000e090  ti_sysbios_family_arm_m3_Hwi_ccr__C                         
0000e094  ti_sysbios_family_arm_m3_Hwi_excHandlerFunc__C              
0000e098  ti_sysbios_family_arm_m3_Hwi_nullIsrFunc__C                 
0000e09c  ti_sysbios_family_arm_m3_Hwi_priGroup__C                    
0000e0a0  ti_sysbios_family_arm_m3_Hwi_swiDisable__C                  
0000e0a4  ti_sysbios_family_arm_m3_Hwi_swiRestoreHwi__C               
0000e0a8  ti_sysbios_family_arm_m3_TaskSupport_stackAlignment__C      
0000e0ac  ti_sysbios_family_arm_msp432_Seconds_daysPerMonthLeap__C    
0000e0b0  ti_sysbios_family_arm_msp432_Seconds_daysPerMonthNonLeap__C 
0000e0b4  ti_sysbios_family_arm_msp432_Timer_numTimerDevices__C       
0000e0b8  ti_sysbios_family_arm_msp432_Timer_startupNeeded__C         
0000e0bc  ti_sysbios_gates_GateMutex_Instance_State_sem__O            
0000e0c0  ti_sysbios_heaps_HeapMem_E_memory__C                        
0000e0c4  ti_sysbios_heaps_HeapMem_Module__gateObj__C                 
0000e0c8  ti_sysbios_heaps_HeapMem_Object__count__C                   
0000e0cc  ti_sysbios_heaps_HeapMem_primaryHeapBaseAddr__C             
0000e0d0  ti_sysbios_heaps_HeapMem_primaryHeapEndAddr__C              
0000e0d4  ti_sysbios_heaps_HeapMem_reqAlign__C                        
0000e0d8  ti_sysbios_knl_Clock_Module_State_clockQ__O                 
0000e0dc  ti_sysbios_knl_Clock_tickPeriod__C                          
0000e0e0  ti_sysbios_knl_Idle_funcList__A                             
0000e0e4  ti_sysbios_knl_Mailbox_Instance_State_freeQue__O            
0000e0e8  ti_sysbios_knl_Mailbox_Object__count__C                     
0000e0ec  ti_sysbios_knl_Mailbox_maxTypeAlign__C                      
0000e0f0  ti_sysbios_knl_Semaphore_Instance_State_pendQ__O            
0000e0f4  ti_sysbios_knl_Swi_Object__count__C                         
0000e0f8  ti_sysbios_knl_Task_Module_State_inactiveQ__O               
0000e0fc  ti_sysbios_knl_Task_Object__count__C                        
0000e100  ti_sysbios_knl_Task_Object__heap__C                         
0000e104  ti_sysbios_knl_Task_allBlockedFunc__C                       
0000e108  ti_sysbios_knl_Task_defaultStackHeap__C                     
0000e10c  ti_sysbios_knl_Task_defaultStackSize__C                     
0000e110  ti_sysbios_knl_Task_numConstructedTasks__C                  
0000e114  xdc_runtime_Error_E_memory__C                               
0000e118  xdc_runtime_Error_policyFxn__C                              
0000e11c  xdc_runtime_IGateProvider_Interface__BASE__C                
0000e120  xdc_runtime_IHeap_Interface__BASE__C                        
0000e124  xdc_runtime_IModule_Interface__BASE__C                      
0000e128  xdc_runtime_Memory_defaultHeapInstance__C                   
0000e12c  xdc_runtime_Startup_execImpl__C                             
0000e130  xdc_runtime_Startup_maxPasses__C                            
0000e134  xdc_runtime_Startup_sfxnRts__C                              
0000e138  xdc_runtime_Startup_sfxnTab__C                              
0000e13c  xdc_runtime_SysCallback_abortFxn__C                         
0000e140  xdc_runtime_SysCallback_exitFxn__C                          
0000e144  xdc_runtime_SysCallback_putchFxn__C                         
0000e148  xdc_runtime_SysCallback_readyFxn__C                         
0000e14c  xdc_runtime_System_Module__gateObj__C                       
0000e150  xdc_runtime_System_abortFxn__C                              
0000e154  xdc_runtime_System_exitFxn__C                               
0000e158  xdc_runtime_System_extendFxn__C                             
0000e15c  xdc_runtime_System_maxAtexitHandlers__C                     
0000e160  xdc_runtime_Text_charTab__C                                 
0000e164  xdc_runtime_Text_nameEmpty__C                               
0000e168  xdc_runtime_Text_nameStatic__C                              
0000e16c  xdc_runtime_Text_nameUnknown__C                             
0000e170  userPrompt                                                  
0000e173  spaceDisplay                                                
0000e176  ti_sysbios_family_arm_m3_Hwi_Module__id__C                  
0000e178  ti_sysbios_family_arm_msp432_init_Boot_bypassHFXT__C        
0000e17a  ti_sysbios_family_arm_msp432_init_Boot_bypassLFXT__C        
0000e17c  ti_sysbios_family_arm_msp432_init_Boot_enableHFXT__C        
0000e17e  ti_sysbios_family_arm_msp432_init_Boot_enableLFXT__C        
0000e180  ti_sysbios_heaps_HeapMem_Module__id__C                      
0000e182  xdc_runtime_Memory_Module__id__C                            
0000e184  xdc_runtime_Text_charCnt__C                                 
0000e186  xdc_runtime_Text_isLoaded__C                                
0000e188  __TI_static_base__                                          
0000e46c  __TI_Handler_Table_Base                                     
0000e478  __TI_Handler_Table_Limit                                    
0000e480  __TI_CINIT_Base                                             
0000e490  __TI_CINIT_Limit                                            
20000000  ti_sysbios_family_arm_m3_Hwi_ramVectors                     
20000140  __primary_heap_start__                                      
20008140  __primary_heap_end__                                        
20008200  accelDataBuffer0                                            
20009a00  accelDataBuffer1                                            
2000b600  sdspiMSP432Objects                                          
2000b854  display                                                     
2000b858  ti_sysbios_knl_Task_Instance_State_0_stack__A               
2000ba58  uartMSP432Objects                                           
2000bc58  ti_sysbios_family_arm_m3_Hwi_dispatchTable                  
2000bd98  __CIOBUF_                                                   
2000beb8  spiMSP432DMAObjects                                         
2000bf98  timerMSP432Objects                                          
2000c04c  __TI_tmpnams                                                
2000c0ec  outputfile                                                  
2000c180  uartMSP432RingBuffer                                        
2000c200  cmd                                                         
2000c234  tempStr                                                     
2000c2c0  accelDataBarrier                                            
2000c2e4  uartParams                                                  
2000c308  pwmTimerMSP432Objects                                       
2000c328  semAccelData                                                
2000c344  semFullAccelBuffer                                          
2000c360  semMoveMotors                                               
2000c37c  semPrintMotorEncoders                                       
2000c3b8  count0Str                                                   
2000c3c8  count1Str                                                   
2000c3d8  motor0Str                                                   
2000c3e8  motor1Str                                                   
2000c3f8  cpy_buff                                                    
2000c404  displayUartObject                                           
2000c418  udmaMSP432Object                                            
2000c420  uartMotor                                                   
2000c424  uartXbee                                                    
2000c42a  otherVal0                                                   
2000c42b  otherVal1                                                   
2000c42c  _ftable                                                     
2000c5ec  PowerMSP432_perfLevels                                      
2000c73c  ti_sysbios_knl_Swi_Module_State_0_readyQ__A                 
2000c7bc  ti_sysbios_knl_Task_Module_State_0_readyQ__A                
2000c88c  ti_sysbios_family_arm_msp432_Timer_Object__table__V         
2000c8d8  ti_sysbios_knl_Task_Object__table__V                        
2000c968  ti_sysbios_knl_Task_Module__state__V                        
2000c9ac  gpioPinConfigs                                              
2000c9ec  ti_sysbios_gates_GateMutex_Object__table__V                 
2000ca24  ti_sysbios_family_arm_m3_Hwi_Module__state__V               
2000ca58  ti_sysbios_knl_Swi_Object__table__V                         
2000ca88  PowerMSP432_module                                          
2000cab4  ti_sysbios_knl_Clock_Module__state__V                       
2000cb04  ti_sysbios_BIOS_Module__state__V                            
2000cb28  encoderCount                                                
2000cb2c  count0                                                      
2000cb30  count1                                                      
2000cb34  count0Copy                                                  
2000cb38  count1Copy                                                  
2000cb3c  keepMoving                                                  
2000cb40  motor0Speed                                                 
2000cb44  motor1Speed                                                 
2000cb48  irFlag                                                      
2000cb4a  ti_sysbios_family_arm_m3_Hwi_Module_State_0_excActive__A    
2000cb4c  ti_sysbios_family_arm_msp432_Timer_Module_State_0_device__A 
2000cb6c  xdc_runtime_Error_IgnoreBlock                               
2000cb8c  TimerMSP432_Timer32_fxnTable                                
2000cba8  TimerMSP432_Timer_A_fxnTable                                
2000cbc4  ti_sysbios_knl_Swi_Module__state__V                         
2000cbe0  ti_sysbios_family_arm_m3_Hwi_Object__table__V               
2000cbf8  ti_sysbios_heaps_HeapMem_Object__table__V                   
2000cc28  _tz                                                         
2000cc38  __TI_ft_end                                                 
2000cc3c  __aeabi_stdin                                               
2000cc40  __aeabi_stdout                                              
2000cc44  __aeabi_stderr                                              
2000cc48  ti_sysbios_family_arm_msp432_Timer_Module_State_0_handles__A
2000cc58  __TI_cleanup_ptr                                            
2000cc5c  __TI_dtors_ptr                                              
2000cc60  __TI_enable_exit_profile_output                             
2000cc64  ti_sysbios_family_arm_msp432_ClockFreqs_Module__state__V    
2000cc70  ti_sysbios_family_arm_msp432_Timer_Module__state__V         
2000cc7c  _lock                                                       
2000cc80  _unlock                                                     
2000cc84  errorCount                                                  
2000cc88  time_ms                                                     
2000cc94  gpioCallbackFunctions                                       
2000cc9c  ti_sysbios_family_arm_m3_Hwi_Module__root__V                
2000cca4  ti_sysbios_gates_GateHwi_Module__root__V                    
2000ccac  ti_sysbios_gates_GateMutex_Module__root__V                  
2000ccb4  ti_sysbios_heaps_HeapMem_Module__root__V                    
2000ccbc  ti_sysbios_knl_Clock_Module__root__V                        
2000ccc4  ti_sysbios_knl_Queue_Module__root__V                        
2000cccc  ti_sysbios_knl_Semaphore_Module__root__V                    
2000ccd4  ti_sysbios_knl_Task_Module__root__V                         
2000ccdc  xdc_runtime_Startup_Module__state__V                        
2000cce4  xdc_runtime_System_Module_State_0_atexitHandlers__A         
2000ccec  xdc_runtime_System_Module__state__V                         
2000ccfc  fatfsPrefix                                                 
2000cd00  errno                                                       
2000cd08  main_func_sp                                                
2000cd0c  recordNum                                                   
2000cd10  ti_sysbios_family_arm_m3_Hwi_Module_State_0_excContext__A   
2000cd14  ti_sysbios_family_arm_m3_Hwi_Module_State_0_excStack__A     
2000cd18  ti_sysbios_gates_GateHwi_Object__table__V                   
2000cd1c  ti_sysbios_knl_Task_Module_State_0_idleTask__A              
2000cd20  xdc_runtime_Memory_Module__state__V                         
2000fc00  __stack                                                     
20010000  __STACK_END                                                 
4000480c  WDTCTL_SYM                                                  
e000e000  ti_sysbios_family_arm_m3_Hwi_nvic                           
ffffffff  __TI_pprof_out_hndl                                         
ffffffff  __TI_prof_data_size                                         
ffffffff  __TI_prof_data_start                                        
ffffffff  __binit__                                                   
ffffffff  __c_args__                                                  
ffffffff  binit                                                       
UNDEFED   SHT$$INIT_ARRAY$$Base                                       
UNDEFED   SHT$$INIT_ARRAY$$Limit                                      

[842 symbols]
